
> system-web-studio@0.2.0 test:e2e:real
> node tests/e2e-real/run.mjs

REAL BACKEND suite · studio=http://127.0.0.1:3003 · run=muwr17yq · 1 flow(s)
  [fixture] workspace A created
  [fixture] workspace B created
  [fixture] user adminA (WORKSPACE_ADMIN) ready
  [fixture] user adminB (WORKSPACE_ADMIN) ready
  [fixture] user viewerA (VIEWER) ready
  [probe] queries route → 404 QUERY_NOT_FOUND · actions route → 404 UNKNOWN_ACTION  (404 without a code = flag off)

E2E-12 — Durable workflow: restart the backend, state recovers
    ✓ (setup) wait-workflow added
    ✓ the run was accepted (202) before the restart
    ✓ the backend is reachable again after the restart
    ✓ the run is still readable after the restart (not 404)
    ✓ its state was not lost or failed by the restart
    ✓ the run completes after the restart
  [cleanup] cleanup notes: left behind (no delete route): workspaces 041ac85d-3832-4904-b65d-93b8e0606360, 78286a6b-dd08-4626-a01e-5273f579f051 named e2e-muwr17yq-*

| ID | Status | Owner | Detail |
|---|---|---|---|
| E2E-12 | PASS |  |  |

REAL BACKEND: PASS 1/1 · FAIL 0/1 · BLOCKED 0/1 · SKIP 0/1
report: docs/parallel/c5/evidence/mac/e2e-real/report-2026-10-06T14-06-20-513Z.json
