
> system-web-studio@0.2.0 build:apps
> npm run build:platform && npm run build:admin && npm run build:studio


> system-web-studio@0.2.0 build:platform
> npm run build -w @xweb/app-platform


> @xweb/app-platform@0.0.0 build
> next build

▲ Next.js 16.3.8 (Turbopack)
✓ Running next.config.ts took 59ms

  Creating an optimized production build ...
✓ Compiled successfully in 266ms
  Running TypeScript ...
  Finished TypeScript in 822ms ...
  Collecting page data using 4 workers ...
  Generating static pages using 4 workers (0/2) ...
✓ Generating static pages using 4 workers (2/2) in 235ms
  Finalizing page optimization ...

Route (app)
┌ ƒ /_not-found
└ ƒ /[[...slug]]


ƒ Proxy (Middleware)

ƒ  (Dynamic)  server-rendered on demand


> system-web-studio@0.2.0 build:admin
> npm run build -w @xweb/app-admin


> @xweb/app-admin@0.0.0 build
> next build

▲ Next.js 16.3.8 (Turbopack)
✓ Running next.config.ts took 18ms

  Creating an optimized production build ...
✓ Compiled successfully in 222ms
  Running TypeScript ...
  Finished TypeScript in 742ms ...
  Collecting page data using 4 workers ...
  Generating static pages using 4 workers (0/2) ...
✓ Generating static pages using 4 workers (2/2) in 248ms
  Finalizing page optimization ...

Route (app)
┌ ƒ /_not-found
└ ƒ /[[...slug]]


ƒ Proxy (Middleware)

ƒ  (Dynamic)  server-rendered on demand


> system-web-studio@0.2.0 build:studio
> npm run build -w @xweb/app-studio


> @xweb/app-studio@0.0.0 build
> next build

▲ Next.js 16.3.8 (Turbopack)
✓ Running next.config.ts took 18ms

  Creating an optimized production build ...
✓ Compiled successfully in 264ms
  Running TypeScript ...
  Finished TypeScript in 945ms ...
  Collecting page data using 4 workers ...
  Generating static pages using 4 workers (0/2) ...
✓ Generating static pages using 4 workers (2/2) in 230ms
  Finalizing page optimization ...

Route (app)
┌ ƒ /_not-found
└ ƒ /[[...slug]]


ƒ Proxy (Middleware)

ƒ  (Dynamic)  server-rendered on demand

