
> system-web-studio@0.2.0 test:unit
> node scripts/test-unit.mjs

✔ exactly the nine canonical types have labels; REFRESH_QUERY present, RUN_QUERY absent (0.562833ms)
✔ RUN_QUERY (alias) is refused with a pointer to REFRESH_QUERY (0.268083ms)
✔ REFRESH_QUERY needs an existing READ query (2.81025ms)
✔ trigger is OPTIONAL: UI-bound has one, child (workflow step) does not and is valid; unattached is classified (1.39825ms)
✔ no arbitrary code: forbidden keys (sql/script/url/headers/token/...) are reported anywhere in a declaration (0.606375ms)
✔ which permission the server checks per action kind (informational) (0.093125ms)
✔ events/actions offered come from component-metadata only (0.196333ms)
✔ describeAction reads naturally and survives a deleted target (0.1845ms)
✔ ops use canonical typed definition operations (0.32875ms)
✔ normaliseError reads the standard body AND the action-result envelope (error.code, retryable) (3.612ms)
✔ executeAction: POST to the frozen route, strict body, CSRF header; a FAILED envelope on 409 becomes ApiError(code from error.code) (21.329458ms)
✔ no tenantId / userId / dataSourceId is ever sent by the runtime calls (0.758ms)
✔ idempotency keys: invalid ones are refused BEFORE any request; workflow start requires one; generated keys match the contract pattern (0.557625ms)
✔ path segments are encoded (an id can never escape the route) (0.321917ms)
✔ network failure and timeout are different codes, both status 0 (0.234166ms)
✔ 429 appends Retry-After; 404 without a body keeps the HTTP_404 code (= route/flag not mounted) (0.617417ms)
✔ icon button requires and renders an accessible name (4.407375ms)
✔ StateBox: NOT_READY shows 'Chưa sẵn sàng' + reason; LOADING/ERROR have status/alert roles; AVAILABLE renders nothing (2.567375ms)
✔ Tabs expose tablist/tab/aria-selected with roving tabindex (0.68025ms)
✔ Dialog is a labelled modal dialog (0.427584ms)
✔ left rail has the eight tools; vertical tablist (0.701917ms)
✔ top bar: name, save state, Edit/Test, device, Share, Publish; disabled controls explain why (1.204875ms)
✔ pages panel: ARIA tree, routes, broken-route alert, set-home and reorder NOT_READY (12.438792ms)
✔ pages panel for a viewer: no create/rename/delete controls (2.11025ms)
✔ components panel: drag handle + add button per component, data components NOT_READY when missing, only registry entries (3.310917ms)
✔ action editor offers the nine canonical types (REFRESH_QUERY yes, RUN_QUERY no) and has no code/SQL/URL inputs (2.448041ms)
✔ action editor: trigger is optional (checkbox), a child action has none (3.68175ms)
✔ actions panel: NOT_READY when the V2 core is missing; list with roles when available (0.99825ms)
✔ workflow editor shows retry, timeout, compensation and approval as readable chips; kinds limited to V1 (1.8845ms)
✔ workflows panel: NOT_READY gate and list (0.647167ms)
✔ data wizard: six steps; source and discovery are NOT_READY without a server; no mock rows (1.955333ms)
✔ data wizard with the V2 core missing: every step past discovery says Chưa sẵn sàng (0.947125ms)
✔ inspector: six tabs; Design NOT_READY for a component without design props; viewer sees why permissions are off (1.144208ms)
✔ test panel: Edit != Test rules, would-run / unsupported / not-sent / publish not run, Chạy thử disabled with reason, never SUCCESS (1.757875ms)
✔ outcome view: 409 unknown outcome and 422 rejected have their own messages (0.553875ms)
✔ forms + theme panels: NOT_READY gates, no CSS/URL inputs for the theme (1.425292ms)
✔ test panel with a runtime: runs need APP_EDIT, unsaved changes block runs, an editor can run (no fake result is rendered) (2.089958ms)
✔ test panel: an action without a UI trigger is not runnable from the browser route (the server answers UNKNOWN_ACTION, D-C4-10) (0.578ms)
✔ top bar: the retry button appears only for a failed save that has a retry handler (0.863916ms)
✔ conformance: manifest is present and lists fixtures (0.566625ms)
✔ conformance VALID legacy-single-page.json: no client-side issue (1.072125ms)
✔ conformance VALID valid-v2-full.json: no client-side issue (1.225875ms)
✔ conformance VALID valid-action-refresh-query.json: no client-side issue (0.483375ms)
✔ conformance VALID valid-param-date.json: no client-side issue (0.514959ms)
✔ conformance VALID valid-required-omitted.json: no client-side issue (0.252375ms)
✔ conformance VALID valid-unknown-fields-roundtrip.json: no client-side issue (2.455292ms)
✔ conformance VALID valid-action-def-full.json: no client-side issue (0.876875ms)
✔ conformance VALID valid-workflow-def-full.json: no client-side issue (0.727ms)
✔ conformance VALID valid-mapping-def-full.json: no client-side issue (0.566417ms)
✔ conformance INVALID invalid-permission-code.json: reports every manifest path (0.377709ms)
✔ conformance INVALID invalid-reference.json: reports every manifest path (0.250209ms)
✔ conformance INVALID invalid-action-run-query-alias.json: reports every manifest path (0.252375ms)
✔ conformance VALID valid-mapping-transforms.json: no client-side issue (0.232666ms)
✔ conformance VALID valid-mapping-legacy-transform.json: no client-side issue (0.203041ms)
✔ conformance INVALID invalid-mapping-transform-both.json: reports every manifest path (0.160708ms)
✔ contract mirror is versioned and pinned to integration/v2 (0.496875ms)
✔ 14 canonical permission codes, incl. TENANT_MANAGE and TENANT_MEMBERS, nothing invented (0.215084ms)
✔ 9 canonical action types, REFRESH_QUERY present, RUN_QUERY and friends rejected (0.127542ms)
✔ param types include DATE and required defaults to true (0.078666ms)
✔ event wire names are the six canonical ones (0.489625ms)
✔ static NOT_READY features carry a reason, none is faked AVAILABLE (0.0875ms)
✔ transforms[]: legacy `transform` (object or array) normalises to transforms[]; both keys is an error (0.943708ms)
✔ UI can only create the simple (parameterless) transforms; stored complex ones are kept (0.168791ms)
✔ transforms reorder / remove (0.104709ms)
✔ ParamDef.required defaults to true: only an explicit false is written (0.164416ms)
✔ query: operation must be an approved key, never SQL or a URL; source must exist (0.267917ms)
✔ mapping -> viewModel -> binding chain builds canonical definitions with local ids (0.68675ms)
✔ mapping checks: duplicate targets, missing source (4.044625ms)
✔ binding compatibility explains missing item fields (0.13575ms)
✔ backend missing: data sources and discovery are NOT_READY, later steps follow definition ops; no mock rows (0.417458ms)
✔ component states: loading / empty / error / success / not-ready (0.390417ms)
✔ action referencing a mapped query passes ref check (REFRESH_QUERY) (0.77375ms)
✔ insert indicator: slot comes from the pointer position against section midpoints (0.929959ms)
✔ library -> canvas: ADD_SECTION at the slot; nothing goes after a trailing Footer (0.54675ms)
✔ adding to an inner page carries pageId; home does not (0.080625ms)
✔ reorder: dragging down accounts for the removed item (arrayMove) (0.142333ms)
✔ Footer stays last; others cannot pass it (1.908333ms)
✔ keyboard fallback: step up/down; ends are no-ops (0.12825ms)
✔ click-to-add fallback: after the selection, else at the end before the Footer (0.149667ms)
✔ slot over rendered rectangles maps back to a section index even when a section has no renderer (0.123ms)
✔ canStep: a step button is enabled only when it would really move (trailing Footer never moves, ends cannot step off the list) (0.340541ms)
✔ 409 IDEMPOTENCY_OUTCOME_UNKNOWN: ambiguous, retry NOT safe, says check the data first (0.862292ms)
✔ 409 REVISION_CONFLICT is a plain conflict, not the idempotency one (0.1625ms)
✔ 422 MUTATION_REJECTED is rejected (not 'invalid schema') (0.070417ms)
✔ 422 SCHEMA_INVALID lists violations (0.089208ms)
✔ 404/501 -> unavailable (NOT_READY), 403 -> forbidden (0.067667ms)
✔ test mode: errors become outcomes; never SUCCESS (0.218542ms)
✔ test mode: SUCCESS only when the server says so (0.111458ms)
✔ test mode rules per action kind (0.105625ms)
✔ backend probe: 404 -> definition operations NOT_READY with reason; ok -> AVAILABLE; 500 -> ERROR; loading -> LOADING (0.362125ms)
✔ 409 IDEMPOTENCY_IN_PROGRESS is 'wait', not 'the app changed elsewhere'; IDEMPOTENCY_CONFLICT is a non-retryable client bug (0.336041ms)
✔ 422 MUTATION_UNSUPPORTED / READ_ONLY_VIOLATION / INVALID_MAPPING / MAPPING_FAILED / UNSUPPORTED_TYPE: nothing applied, not retryable, not 'schema invalid' (1.470208ms)
✔ 429 RATE_LIMITED is retryable with backoff (0.084625ms)
✔ a 500/502/504/network failure of a WRITE is 'outcome unknown' and not retry-safe; the same failure of a read stays a plain error (0.084333ms)
✔ 4xx permission/validation answers of a write are NOT treated as unknown outcome (0.041041ms)
✔ C4 action runtime codes map to the same user classes (ActionErrorCodes) (0.091417ms)
✔ a C4 TEST-mode WouldRun answer is shown as 'would run' at every level and is never a success (0.072208ms)
✔ R2 envelope: OK is SUCCESS only because the server said OK; WOULD_RUN is never SUCCESS; FAILED goes through the error mapping (0.164458ms)
✔ runtime error codes: missing id, not executable, volatile stores, invalid request, retryable:false is honoured (0.06825ms)
✔ flag-off detection: 404 WITHOUT a domain code is NOT_READY; 404 WITH one is a missing id (0.115625ms)
✔ workflow run view -> outcome: running is RUNNING, TEST/simulated is WOULD_RUN, LIVE success is SUCCESS, failure keeps the code (0.121083ms)
✔ inspector has the six tabs in order (0.837083ms)
✔ props are grouped: content / design / visibility (0.212ms)
✔ Design tab is NOT_READY (with reason) for a component with no design props; Data/Action follow definition-ops readiness (0.249542ms)
✔ content edits compile to UPDATE_PROP / ADD_ITEM / REMOVE_ITEM, nothing for unchanged props (0.317584ms)
✔ bindable props: derived from the schema when no metadata; from metadata when present (0.162625ms)
✔ permission labels cover all 14 canonical codes (0.051417ms)
✔ legacy PROJECT_* permissions map to canonical; unknown codes are dropped (never invented) (0.077875ms)
✔ permission-driven UI: viewer cannot edit or publish; new codes are deny-by-default (0.156208ms)
✔ library: only registry components; non-renderable ones are disabled with a reason; data components list NOT_READY for missing ones (0.443459ms)
✔ new sections start with only required props filled (no fake content) (0.372125ms)
✔ reads: exact method + path, no body, no CSRF header on GET (15.940125ms)
✔ create: POST with CSRF, ONLY contract fields, 201 body parsed; identity fields can never be sent (0.656667ms)
✔ create: an invalid name is refused BEFORE any request, with fixed text that cannot carry the credential (0.341458ms)
✔ update: PATCH carries only the given fields; an empty change is refused locally; DELETE answers 204 (0.644375ms)
✔ delete while bound: 409 CONFLICT surfaces as ApiError(409, CONFLICT) so the UI can say 'unbind first' (0.984291ms)
✔ credential: PUT body is exactly {credential}; the only answer is metadata (key NAMES), and no error ever echoes the secret (0.890083ms)
✔ test connection: POST with no body; HTTP 200 with ok:false RESOLVES (a failed test is a result), warnings are passed through verbatim (0.361041ms)
✔ test connection on a disabled source is an ERROR (409 DISABLED), unlike a failed test (0.20725ms)
✔ bindings: PUT/DELETE …/data-bindings/{MODE}/{slot}; mode is normalised to upper case; bad mode/slot refused locally (1.183083ms)
✔ ids are percent-encoded in the path (no path injection through a data source id) (0.445708ms)
✔ error statuses of the contract table reach the UI as ApiError(status, code); Retry-After is carried in the message (1.337834ms)
✔ 404 of the workspace/project proof (platform ApiError shape) and 404 NOT_FOUND of a data source are both just 'not there' (0.3355ms)
✔ network failure and client timeout are distinct and carry status 0 (the outcome of a write is unknown either way) (0.860958ms)
✔ 401 outside /auth/* triggers the one expired-session handler (0.236584ms)
✔ failed test connection is a RESULT: every documented code has its own plain-language text, warnings never hide a green result (1.036208ms)
✔ credential view: key NAMES only, never a value; configured/not configured; falls back to hasCredential (0.168792ms)
✔ source form: required config, secret-looking config refused (secrets belong in the credential), planned connector refused, name rule (0.630916ms)
✔ compactMap: empty fields are not sent; config is trimmed, credentials are sent as typed (0.110208ms)
✔ 404 isolation: a foreign source, an unknown id and a project of another workspace read the SAME to the user; 404 without a code means the flag is off (0.215333ms)
✔ management errors: every status of the contract table has its own class and text (0.105958ms)
✔ unknown outcome: a failed WRITE (network, timeout, 5xx) is never 'press again'; the panel reloads instead of guessing (0.177125ms)
✔ runtime error codes of the data layer are explained, never as success; an ambiguous mutation is not auto-retryable (0.23825ms)
✔ bindings: TEST and LIVE are separate per slot; a LIVE-unbound slot is reported before publishing (0.404709ms)
✔ data step readiness: the source step is available only with a management host; without one it stays NOT_READY (nothing simulated) (0.352ms)
✔ panel SSR: no host → NOT_READY (no fake source); with a host the first paint is the loading state; no input ever holds a value (5.376667ms)
✔ data wizard source step: with no host it says Chưa sẵn sàng; the document's slots are listed; with no slot it says so honestly (3.640834ms)
✔ page tree: home first, then pages in document order, with routes (0.933125ms)
✔ slugify strips Vietnamese diacritics; reserved and duplicate slugs are refused (0.714209ms)
✔ add page: unique slug, ADD_PAGE op; empty name and the page cap are refused (0.2775ms)
✔ rename: home keeps '/', other page can change slug if valid (0.120042ms)
✔ delete: home cannot be deleted; impact names sections, menu links and NAVIGATE actions (0.280416ms)
✔ set-home and page reorder are NOT_READY (no op in the contract) with a reason; menu reorder is real (0.146833ms)
✔ 404: unknown route resolves to the not-found page, known routes to pages (0.26225ms)
✔ preflight blocks publish on broken routes (menu page removed, NAVIGATE to missing page, bad slug) (4.165125ms)
✔ preflight: static + public + data binding is BLOCK; dynamic is WARN (0.743917ms)
✔ portal paths come from PORTAL_PREFIX, not from literals (0.574875ms)
✔ portalHref without configured origins is path-only (same origin) (0.174458ms)
✔ portalOfPath identifies the owning portal by first segment only (0.123ms)
✔ safeNext accepts only same-app portal paths (1.504833ms)
✔ resolvePostLogin (legacy single app) follows capabilities (0.301959ms)
✔ resolvePortalPostLogin stays inside the portal and never trusts hiding as authorisation (0.097208ms)
✔ accessiblePortals reflects the TEMPORARY systemAdmin mapping (D-C5-05) (0.47225ms)
✔ backend without tenancy fields: unchanged behaviour (systemAdmin / any workspace) (0.098875ms)
✔ platformScope wins over systemAdmin when the server sends it (0.279208ms)
✔ a TENANT_ADMIN does not get the Admin portal yet (every /admin/** API is AdminGuard) but does get tenant.members (0.353709ms)
✔ a platform-only SYSTEM_ADMIN (tenant-level codes in every workspace row) is not offered Studio and lands on the console (0.126834ms)
✔ a SYSTEM_ADMIN with businessAccess keeps Studio (workspace rows carry app codes) (0.050917ms)
✔ a VIEWER-style member (APP_VIEW only) can open Studio but not the console (0.046167ms)
✔ valid config: loaded from /runtime-config.json with no-store and no credentials, only known keys returned, trailing slash removed (16.268125ms)
✔ missing / empty / non-string DATA_API_BASE_URL → typed errors, never a default host (0.651625ms)
✔ malformed JSON, non-object JSON, wrong field types (1.79725ms)
✔ unreachable / timeout / HTTP errors fail with typed errors in production (no fallback at all) (0.351333ms)
✔ invalid URLs: relative, wrong scheme, credentials, query, fragment, garbage (0.331833ms)
✔ production is fail-closed on transport: http is refused, loopback is refused, https is required (0.387875ms)
✔ a config that says ENVIRONMENT=production never accepts a loopback host, even in development mode (0.074459ms)
✔ development ergonomics: loopback http is accepted in development, and an explicit fallback is used ONLY when the file is missing or unreachable (0.443292ms)
✔ Data API URLs are built on the configured host and cannot leave it (0.432625ms)
✔ initDataApi: the client is created only AFTER a valid config; a bad config means no client at all (0.636541ms)
✔ the failure is visible: every code has user text, no raw error leaks, and the DOM helper writes textContent only (0.351334ms)
✔ v1 step kinds are exactly ACTION/WAIT/APPROVAL/BRANCH/END (0.8195ms)
✔ new workflow is MANUAL with only an END step (0.207042ms)
✔ add steps: new ones go before the trailing END; ids are unique (0.202792ms)
✔ remove step re-points references at its successor (0.224542ms)
✔ move step swaps neighbours and clears a stale explicit next (0.137542ms)
✔ conditions read in Vietnamese incl. nested all/any/not/exists (0.149084ms)
✔ chips show retry, timeout, wait, approval, condition, compensation, error route (0.312875ms)
✔ validation: schedule needs a cron, approvals need approvers, branches need conditions, WAIT needs a duration, unreachable steps flagged (2.506875ms)
✔ a workflow step pointing at a missing action is a reference issue (0.39325ms)
✔ ordered steps follow the flow; branch targets reachable (0.399542ms)
✔ workflow ops are canonical definition operations (0.142042ms)
ℹ tests 181
ℹ suites 0
ℹ pass 181
ℹ fail 0
ℹ cancelled 0
ℹ skipped 0
ℹ todo 0
ℹ duration_ms 165.586542
