
> system-web-studio@0.2.0 test:unit
> node scripts/test-unit.mjs

✔ exactly the nine canonical types have labels; REFRESH_QUERY present, RUN_QUERY absent (0.579ms)
✔ RUN_QUERY (alias) is refused with a pointer to REFRESH_QUERY (0.270125ms)
✔ REFRESH_QUERY needs an existing READ query (6.655875ms)
✔ trigger is OPTIONAL: UI-bound has one, child (workflow step) does not and is valid; unattached is classified (0.968084ms)
✔ no arbitrary code: forbidden keys (sql/script/url/headers/token/...) are reported anywhere in a declaration (0.305708ms)
✔ which permission the server checks per action kind (informational) (0.076625ms)
✔ events/actions offered come from component-metadata only (0.217541ms)
✔ describeAction reads naturally and survives a deleted target (0.17525ms)
✔ ops use canonical typed definition operations (0.329125ms)
✔ normaliseError reads the standard body AND the action-result envelope (error.code, retryable) (5.710875ms)
✔ executeAction: POST to the frozen route, strict body, CSRF header; a FAILED envelope on 409 becomes ApiError(code from error.code) (51.592875ms)
✔ no tenantId / userId / dataSourceId is ever sent by the runtime calls (2.532208ms)
✔ idempotency keys: invalid ones are refused BEFORE any request; workflow start requires one; generated keys match the contract pattern (0.623333ms)
✔ path segments are encoded (an id can never escape the route) (0.339166ms)
✔ network failure and timeout are different codes, both status 0 (0.226917ms)
✔ 429 appends Retry-After; 404 without a body keeps the HTTP_404 code (= route/flag not mounted) (0.593709ms)
✔ icon button requires and renders an accessible name (4.577083ms)
✔ StateBox: NOT_READY shows 'Chưa sẵn sàng' + reason; LOADING/ERROR have status/alert roles; AVAILABLE renders nothing (2.705917ms)
✔ Tabs expose tablist/tab/aria-selected with roving tabindex (0.78475ms)
✔ Dialog is a labelled modal dialog (0.47575ms)
✔ left rail has the eight tools; vertical tablist (0.760209ms)
✔ top bar: name, save state, Edit/Test, device, Share, Publish; disabled controls explain why (1.303292ms)
✔ pages panel: ARIA tree, routes, broken-route alert, set-home and reorder NOT_READY (18.973208ms)
✔ pages panel for a viewer: no create/rename/delete controls (40.110166ms)
✔ components panel: drag handle + add button per component, data components NOT_READY when missing, only registry entries (29.4515ms)
✔ action editor offers the nine canonical types (REFRESH_QUERY yes, RUN_QUERY no) and has no code/SQL/URL inputs (2.578958ms)
✔ action editor: trigger is optional (checkbox), a child action has none (4.063542ms)
✔ actions panel: NOT_READY when the V2 core is missing; list with roles when available (1.199875ms)
✔ workflow editor shows retry, timeout, compensation and approval as readable chips; kinds limited to V1 (2.238333ms)
✔ workflows panel: NOT_READY gate and list (0.717167ms)
✔ data wizard: six steps; source and discovery are NOT_READY without a server; no mock rows (2.097291ms)
✔ data wizard with the V2 core missing: every step past discovery says Chưa sẵn sàng (1.099833ms)
✔ inspector: six tabs; Design NOT_READY for a component without design props; viewer sees why permissions are off (1.340917ms)
✔ test panel: Edit != Test rules, would-run / unsupported / not-sent / publish not run, Chạy thử disabled with reason, never SUCCESS (1.973875ms)
✔ outcome view: 409 unknown outcome and 422 rejected have their own messages (0.423667ms)
✔ forms + theme panels: NOT_READY gates, no CSS/URL inputs for the theme (1.38925ms)
✔ test panel with a runtime: runs need APP_EDIT, unsaved changes block runs, an editor can run (no fake result is rendered) (2.151375ms)
✔ top bar: the retry button appears only for a failed save that has a retry handler (0.937542ms)
✔ conformance: manifest is present and lists fixtures (0.713959ms)
✔ conformance VALID legacy-single-page.json: no client-side issue (1.240625ms)
✔ conformance VALID valid-v2-full.json: no client-side issue (1.10375ms)
✔ conformance VALID valid-action-refresh-query.json: no client-side issue (0.365125ms)
✔ conformance VALID valid-param-date.json: no client-side issue (4.439458ms)
✔ conformance VALID valid-required-omitted.json: no client-side issue (0.263ms)
✔ conformance VALID valid-unknown-fields-roundtrip.json: no client-side issue (12.406375ms)
✔ conformance VALID valid-action-def-full.json: no client-side issue (3.696834ms)
✔ conformance VALID valid-workflow-def-full.json: no client-side issue (0.867875ms)
✔ conformance VALID valid-mapping-def-full.json: no client-side issue (1.099334ms)
✔ conformance INVALID invalid-permission-code.json: reports every manifest path (2.715625ms)
✔ conformance INVALID invalid-reference.json: reports every manifest path (0.477583ms)
✔ conformance INVALID invalid-action-run-query-alias.json: reports every manifest path (0.298792ms)
✔ conformance VALID valid-mapping-transforms.json: no client-side issue (1.9935ms)
✔ conformance VALID valid-mapping-legacy-transform.json: no client-side issue (0.533833ms)
✔ conformance INVALID invalid-mapping-transform-both.json: reports every manifest path (0.287041ms)
✔ contract mirror is versioned and pinned to integration/v2 (3.176292ms)
✔ 14 canonical permission codes, incl. TENANT_MANAGE and TENANT_MEMBERS, nothing invented (0.440666ms)
✔ 9 canonical action types, REFRESH_QUERY present, RUN_QUERY and friends rejected (0.204333ms)
✔ param types include DATE and required defaults to true (0.17425ms)
✔ event wire names are the six canonical ones (5.046042ms)
✔ static NOT_READY features carry a reason, none is faked AVAILABLE (0.278ms)
✔ transforms[]: legacy `transform` (object or array) normalises to transforms[]; both keys is an error (1.008916ms)
✔ UI can only create the simple (parameterless) transforms; stored complex ones are kept (0.189083ms)
✔ transforms reorder / remove (0.108209ms)
✔ ParamDef.required defaults to true: only an explicit false is written (0.161583ms)
✔ query: operation must be an approved key, never SQL or a URL; source must exist (0.314375ms)
✔ mapping -> viewModel -> binding chain builds canonical definitions with local ids (2.106125ms)
✔ mapping checks: duplicate targets, missing source (4.693375ms)
✔ binding compatibility explains missing item fields (0.149167ms)
✔ backend missing: data sources and discovery are NOT_READY, later steps follow definition ops; no mock rows (4.099209ms)
✔ component states: loading / empty / error / success / not-ready (0.504833ms)
✔ action referencing a mapped query passes ref check (REFRESH_QUERY) (1.894709ms)
✔ insert indicator: slot comes from the pointer position against section midpoints (0.594334ms)
✔ library -> canvas: ADD_SECTION at the slot; nothing goes after a trailing Footer (0.521208ms)
✔ adding to an inner page carries pageId; home does not (0.077375ms)
✔ reorder: dragging down accounts for the removed item (arrayMove) (0.142ms)
✔ Footer stays last; others cannot pass it (1.157667ms)
✔ keyboard fallback: step up/down; ends are no-ops (0.703083ms)
✔ click-to-add fallback: after the selection, else at the end before the Footer (0.351958ms)
✔ slot over rendered rectangles maps back to a section index even when a section has no renderer (0.188709ms)
✔ canStep: a step button is enabled only when it would really move (trailing Footer never moves, ends cannot step off the list) (0.824208ms)
✔ 409 IDEMPOTENCY_OUTCOME_UNKNOWN: ambiguous, retry NOT safe, says check the data first (0.880583ms)
✔ 409 REVISION_CONFLICT is a plain conflict, not the idempotency one (0.161208ms)
✔ 422 MUTATION_REJECTED is rejected (not 'invalid schema') (0.072125ms)
✔ 422 SCHEMA_INVALID lists violations (0.095208ms)
✔ 404/501 -> unavailable (NOT_READY), 403 -> forbidden (0.070875ms)
✔ test mode: errors become outcomes; never SUCCESS (0.217ms)
✔ test mode: SUCCESS only when the server says so (0.114209ms)
✔ test mode rules per action kind (0.103208ms)
✔ backend probe: 404 -> definition operations NOT_READY with reason; ok -> AVAILABLE; 500 -> ERROR; loading -> LOADING (0.355292ms)
✔ 409 IDEMPOTENCY_IN_PROGRESS is 'wait', not 'the app changed elsewhere'; IDEMPOTENCY_CONFLICT is a non-retryable client bug (1.6285ms)
✔ 422 MUTATION_UNSUPPORTED / READ_ONLY_VIOLATION / INVALID_MAPPING / MAPPING_FAILED / UNSUPPORTED_TYPE: nothing applied, not retryable, not 'schema invalid' (0.166917ms)
✔ 429 RATE_LIMITED is retryable with backoff (0.0615ms)
✔ a 500/502/504/network failure of a WRITE is 'outcome unknown' and not retry-safe; the same failure of a read stays a plain error (0.07875ms)
✔ 4xx permission/validation answers of a write are NOT treated as unknown outcome (0.042833ms)
✔ C4 action runtime codes map to the same user classes (ActionErrorCodes) (0.092125ms)
✔ a C4 TEST-mode WouldRun answer is shown as 'would run' at every level and is never a success (0.063875ms)
✔ R2 envelope: OK is SUCCESS only because the server said OK; WOULD_RUN is never SUCCESS; FAILED goes through the error mapping (0.141458ms)
✔ runtime error codes: missing id, not executable, volatile stores, invalid request, retryable:false is honoured (0.727583ms)
✔ flag-off detection: 404 WITHOUT a domain code is NOT_READY; 404 WITH one is a missing id (0.173ms)
✔ workflow run view -> outcome: running is RUNNING, TEST/simulated is WOULD_RUN, LIVE success is SUCCESS, failure keeps the code (0.151125ms)
✔ inspector has the six tabs in order (0.865958ms)
✔ props are grouped: content / design / visibility (0.229709ms)
✔ Design tab is NOT_READY (with reason) for a component with no design props; Data/Action follow definition-ops readiness (0.256167ms)
✔ content edits compile to UPDATE_PROP / ADD_ITEM / REMOVE_ITEM, nothing for unchanged props (6.422ms)
✔ bindable props: derived from the schema when no metadata; from metadata when present (0.738084ms)
✔ permission labels cover all 14 canonical codes (0.143083ms)
✔ legacy PROJECT_* permissions map to canonical; unknown codes are dropped (never invented) (0.16875ms)
✔ permission-driven UI: viewer cannot edit or publish; new codes are deny-by-default (0.206458ms)
✔ library: only registry components; non-renderable ones are disabled with a reason; data components list NOT_READY for missing ones (0.480791ms)
✔ new sections start with only required props filled (no fake content) (0.38425ms)
✔ reads: exact method + path, no body, no CSRF header on GET (28.974875ms)
✔ create: POST with CSRF, ONLY contract fields, 201 body parsed; identity fields can never be sent (0.778958ms)
✔ create: an invalid name is refused BEFORE any request, with fixed text that cannot carry the credential (0.405083ms)
✔ update: PATCH carries only the given fields; an empty change is refused locally; DELETE answers 204 (0.851458ms)
✔ delete while bound: 409 CONFLICT surfaces as ApiError(409, CONFLICT) so the UI can say 'unbind first' (1.072291ms)
✔ credential: PUT body is exactly {credential}; the only answer is metadata (key NAMES), and no error ever echoes the secret (0.898833ms)
✔ test connection: POST with no body; HTTP 200 with ok:false RESOLVES (a failed test is a result), warnings are passed through verbatim (0.351375ms)
✔ test connection on a disabled source is an ERROR (409 DISABLED), unlike a failed test (0.200458ms)
✔ bindings: PUT/DELETE …/data-bindings/{MODE}/{slot}; mode is normalised to upper case; bad mode/slot refused locally (0.841666ms)
✔ ids are percent-encoded in the path (no path injection through a data source id) (0.429958ms)
✔ error statuses of the contract table reach the UI as ApiError(status, code); Retry-After is carried in the message (1.370125ms)
✔ 404 of the workspace/project proof (platform ApiError shape) and 404 NOT_FOUND of a data source are both just 'not there' (0.357292ms)
✔ network failure and client timeout are distinct and carry status 0 (the outcome of a write is unknown either way) (1.411ms)
✔ 401 outside /auth/* triggers the one expired-session handler (0.257375ms)
✔ failed test connection is a RESULT: every documented code has its own plain-language text, warnings never hide a green result (6.197375ms)
✔ credential view: key NAMES only, never a value; configured/not configured; falls back to hasCredential (0.265833ms)
✔ source form: required config, secret-looking config refused (secrets belong in the credential), planned connector refused, name rule (0.922167ms)
✔ compactMap: empty fields are not sent; config is trimmed, credentials are sent as typed (0.701959ms)
✔ 404 isolation: a foreign source, an unknown id and a project of another workspace read the SAME to the user; 404 without a code means the flag is off (0.290791ms)
✔ management errors: every status of the contract table has its own class and text (0.142ms)
✔ unknown outcome: a failed WRITE (network, timeout, 5xx) is never 'press again'; the panel reloads instead of guessing (0.191833ms)
✔ runtime error codes of the data layer are explained, never as success; an ambiguous mutation is not auto-retryable (0.294291ms)
✔ bindings: TEST and LIVE are separate per slot; a LIVE-unbound slot is reported before publishing (0.449167ms)
✔ data step readiness: the source step is available only with a management host; without one it stays NOT_READY (nothing simulated) (0.407834ms)
✔ panel SSR: no host → NOT_READY (no fake source); with a host the first paint is the loading state; no input ever holds a value (5.667667ms)
✔ data wizard source step: with no host it says Chưa sẵn sàng; the document's slots are listed; with no slot it says so honestly (9.444917ms)
✔ page tree: home first, then pages in document order, with routes (1.00675ms)
✔ slugify strips Vietnamese diacritics; reserved and duplicate slugs are refused (0.355541ms)
✔ add page: unique slug, ADD_PAGE op; empty name and the page cap are refused (0.2495ms)
✔ rename: home keeps '/', other page can change slug if valid (0.109333ms)
✔ delete: home cannot be deleted; impact names sections, menu links and NAVIGATE actions (0.292541ms)
✔ set-home and page reorder are NOT_READY (no op in the contract) with a reason; menu reorder is real (0.148416ms)
✔ 404: unknown route resolves to the not-found page, known routes to pages (0.28975ms)
✔ preflight blocks publish on broken routes (menu page removed, NAVIGATE to missing page, bad slug) (4.236042ms)
✔ preflight: static + public + data binding is BLOCK; dynamic is WARN (0.761333ms)
✔ portal paths come from PORTAL_PREFIX, not from literals (0.915167ms)
✔ portalHref without configured origins is path-only (same origin) (0.1875ms)
✔ portalOfPath identifies the owning portal by first segment only (0.420666ms)
✔ safeNext accepts only same-app portal paths (3.186417ms)
✔ resolvePostLogin (legacy single app) follows capabilities (0.867ms)
✔ resolvePortalPostLogin stays inside the portal and never trusts hiding as authorisation (0.263625ms)
✔ accessiblePortals reflects the TEMPORARY systemAdmin mapping (D-C5-05) (1.316416ms)
✔ backend without tenancy fields: unchanged behaviour (systemAdmin / any workspace) (1.929917ms)
✔ platformScope wins over systemAdmin when the server sends it (0.422667ms)
✔ a TENANT_ADMIN does not get the Admin portal yet (every /admin/** API is AdminGuard) but does get tenant.members (0.409709ms)
✔ a platform-only SYSTEM_ADMIN (tenant-level codes in every workspace row) is not offered Studio and lands on the console (0.607584ms)
✔ a SYSTEM_ADMIN with businessAccess keeps Studio (workspace rows carry app codes) (0.089958ms)
✔ a VIEWER-style member (APP_VIEW only) can open Studio but not the console (0.058459ms)
✔ valid config: loaded from /runtime-config.json with no-store and no credentials, only known keys returned, trailing slash removed (21.925875ms)
✔ missing / empty / non-string DATA_API_BASE_URL → typed errors, never a default host (0.611542ms)
✔ malformed JSON, non-object JSON, wrong field types (1.809916ms)
✔ unreachable / timeout / HTTP errors fail with typed errors in production (no fallback at all) (0.389042ms)
✔ invalid URLs: relative, wrong scheme, credentials, query, fragment, garbage (0.36325ms)
✔ production is fail-closed on transport: http is refused, loopback is refused, https is required (0.403834ms)
✔ a config that says ENVIRONMENT=production never accepts a loopback host, even in development mode (0.078875ms)
✔ development ergonomics: loopback http is accepted in development, and an explicit fallback is used ONLY when the file is missing or unreachable (0.532167ms)
✔ Data API URLs are built on the configured host and cannot leave it (0.482667ms)
✔ initDataApi: the client is created only AFTER a valid config; a bad config means no client at all (0.681416ms)
✔ the failure is visible: every code has user text, no raw error leaks, and the DOM helper writes textContent only (0.344709ms)
✔ v1 step kinds are exactly ACTION/WAIT/APPROVAL/BRANCH/END (1.030042ms)
✔ new workflow is MANUAL with only an END step (0.389458ms)
✔ add steps: new ones go before the trailing END; ids are unique (0.419917ms)
✔ remove step re-points references at its successor (0.324542ms)
✔ move step swaps neighbours and clears a stale explicit next (0.164625ms)
✔ conditions read in Vietnamese incl. nested all/any/not/exists (0.181375ms)
✔ chips show retry, timeout, wait, approval, condition, compensation, error route (0.531541ms)
✔ validation: schedule needs a cron, approvals need approvers, branches need conditions, WAIT needs a duration, unreachable steps flagged (6.011333ms)
✔ a workflow step pointing at a missing action is a reference issue (0.497916ms)
✔ ordered steps follow the flow; branch targets reachable (0.417667ms)
✔ workflow ops are canonical definition operations (0.142083ms)
ℹ tests 180
ℹ suites 0
ℹ pass 180
ℹ fail 0
ℹ cancelled 0
ℹ skipped 0
ℹ todo 0
ℹ duration_ms 341.718041
