
> system-web-studio@0.2.0 test:unit
> node scripts/test-unit.mjs

✔ exactly the nine canonical types have labels; REFRESH_QUERY present, RUN_QUERY absent (0.594667ms)
✔ RUN_QUERY (alias) is refused with a pointer to REFRESH_QUERY (0.276875ms)
✔ REFRESH_QUERY needs an existing READ query (2.377334ms)
✔ trigger is OPTIONAL: UI-bound has one, child (workflow step) does not and is valid; unattached is classified (0.504792ms)
✔ no arbitrary code: forbidden keys (sql/script/url/headers/token/...) are reported anywhere in a declaration (0.289708ms)
✔ which permission the server checks per action kind (informational) (0.068709ms)
✔ events/actions offered come from component-metadata only (0.155375ms)
✔ describeAction reads naturally and survives a deleted target (0.172208ms)
✔ ops use canonical typed definition operations (0.32325ms)
✔ normaliseError reads the standard body AND the action-result envelope (error.code, retryable) (9.626792ms)
✔ executeAction: POST to the frozen route, strict body, CSRF header; a FAILED envelope on 409 becomes ApiError(code from error.code) (38.508ms)
✔ no tenantId / userId / dataSourceId is ever sent by the runtime calls (0.785125ms)
✔ idempotency keys: invalid ones are refused BEFORE any request; workflow start requires one; generated keys match the contract pattern (3.287458ms)
✔ path segments are encoded (an id can never escape the route) (0.394958ms)
✔ network failure and timeout are different codes, both status 0 (0.231416ms)
✔ 429 appends Retry-After; 404 without a body keeps the HTTP_404 code (= route/flag not mounted) (0.849875ms)
✔ icon button requires and renders an accessible name (9.63825ms)
✔ StateBox: NOT_READY shows 'Chưa sẵn sàng' + reason; LOADING/ERROR have status/alert roles; AVAILABLE renders nothing (3.151ms)
✔ Tabs expose tablist/tab/aria-selected with roving tabindex (0.799042ms)
✔ Dialog is a labelled modal dialog (0.468125ms)
✔ left rail has the eight tools; vertical tablist (0.761709ms)
✔ top bar: name, save state, Edit/Test, device, Share, Publish; disabled controls explain why (1.282875ms)
✔ pages panel: ARIA tree, routes, broken-route alert, set-home and reorder NOT_READY (10.789542ms)
✔ pages panel for a viewer: no create/rename/delete controls (2.051333ms)
✔ components panel: drag handle + add button per component, data components NOT_READY when missing, only registry entries (3.240459ms)
✔ action editor offers the nine canonical types (REFRESH_QUERY yes, RUN_QUERY no) and has no code/SQL/URL inputs (2.376917ms)
✔ action editor: trigger is optional (checkbox), a child action has none (4.275083ms)
✔ actions panel: NOT_READY when the V2 core is missing; list with roles when available (1.027209ms)
✔ workflow editor shows retry, timeout, compensation and approval as readable chips; kinds limited to V1 (2.022375ms)
✔ workflows panel: NOT_READY gate and list (0.675875ms)
✔ data wizard: six steps; source and discovery are NOT_READY without a server; no mock rows (1.977ms)
✔ data wizard with the V2 core missing: every step past discovery says Chưa sẵn sàng (1.004875ms)
✔ inspector: six tabs; Design NOT_READY for a component without design props; viewer sees why permissions are off (2.870083ms)
✔ test panel: Edit != Test rules, would-run / unsupported / not-sent / publish not run, Chạy thử disabled with reason, never SUCCESS (1.97575ms)
✔ outcome view: 409 unknown outcome and 422 rejected have their own messages (0.405208ms)
✔ forms + theme panels: NOT_READY gates, no CSS/URL inputs for the theme (1.344792ms)
✔ test panel with a runtime: runs need APP_EDIT, unsaved changes block runs, an editor can run (no fake result is rendered) (2.100375ms)
✔ top bar: the retry button appears only for a failed save that has a retry handler (0.898084ms)
﹣ conformance: manifest is present and lists fixtures (0.52075ms) # XWEB_CONFORMANCE_DIR not set or manifest.json missing: conformance NOT run (see docs/parallel/c5/PHASE3_AUDIT.md)
✔ contract mirror is versioned and pinned to integration/v2 (1.811167ms)
✔ 14 canonical permission codes, incl. TENANT_MANAGE and TENANT_MEMBERS, nothing invented (0.23475ms)
✔ 9 canonical action types, REFRESH_QUERY present, RUN_QUERY and friends rejected (0.085333ms)
✔ param types include DATE and required defaults to true (0.070792ms)
✔ event wire names are the six canonical ones (0.5275ms)
✔ static NOT_READY features carry a reason, none is faked AVAILABLE (0.087541ms)
✔ transforms[]: legacy `transform` (object or array) normalises to transforms[]; both keys is an error (0.950792ms)
✔ UI can only create the simple (parameterless) transforms; stored complex ones are kept (0.174292ms)
✔ transforms reorder / remove (0.104958ms)
✔ ParamDef.required defaults to true: only an explicit false is written (0.1645ms)
✔ query: operation must be an approved key, never SQL or a URL; source must exist (0.27475ms)
✔ mapping -> viewModel -> binding chain builds canonical definitions with local ids (1.25ms)
✔ mapping checks: duplicate targets, missing source (0.199459ms)
✔ binding compatibility explains missing item fields (0.115375ms)
✔ backend missing: data sources and discovery are NOT_READY, later steps follow definition ops; no mock rows (0.34225ms)
✔ component states: loading / empty / error / success / not-ready (0.371ms)
✔ action referencing a mapped query passes ref check (REFRESH_QUERY) (0.67575ms)
✔ insert indicator: slot comes from the pointer position against section midpoints (0.559292ms)
✔ library -> canvas: ADD_SECTION at the slot; nothing goes after a trailing Footer (0.495583ms)
✔ adding to an inner page carries pageId; home does not (0.07475ms)
✔ reorder: dragging down accounts for the removed item (arrayMove) (0.134875ms)
✔ Footer stays last; others cannot pass it (1.173542ms)
✔ keyboard fallback: step up/down; ends are no-ops (0.138667ms)
✔ click-to-add fallback: after the selection, else at the end before the Footer (0.15425ms)
✔ slot over rendered rectangles maps back to a section index even when a section has no renderer (0.126042ms)
✔ canStep: a step button is enabled only when it would really move (trailing Footer never moves, ends cannot step off the list) (0.351417ms)
✔ 409 IDEMPOTENCY_OUTCOME_UNKNOWN: ambiguous, retry NOT safe, says check the data first (0.860459ms)
✔ 409 REVISION_CONFLICT is a plain conflict, not the idempotency one (0.160125ms)
✔ 422 MUTATION_REJECTED is rejected (not 'invalid schema') (0.073125ms)
✔ 422 SCHEMA_INVALID lists violations (0.09575ms)
✔ 404/501 -> unavailable (NOT_READY), 403 -> forbidden (0.069708ms)
✔ test mode: errors become outcomes; never SUCCESS (0.219166ms)
✔ test mode: SUCCESS only when the server says so (0.113042ms)
✔ test mode rules per action kind (0.103625ms)
✔ backend probe: 404 -> definition operations NOT_READY with reason; ok -> AVAILABLE; 500 -> ERROR; loading -> LOADING (0.3655ms)
✔ 409 IDEMPOTENCY_IN_PROGRESS is 'wait', not 'the app changed elsewhere'; IDEMPOTENCY_CONFLICT is a non-retryable client bug (0.358042ms)
✔ 422 MUTATION_UNSUPPORTED / READ_ONLY_VIOLATION / INVALID_MAPPING / MAPPING_FAILED / UNSUPPORTED_TYPE: nothing applied, not retryable, not 'schema invalid' (1.083125ms)
✔ 429 RATE_LIMITED is retryable with backoff (0.201875ms)
✔ a 500/502/504/network failure of a WRITE is 'outcome unknown' and not retry-safe; the same failure of a read stays a plain error (0.344959ms)
✔ 4xx permission/validation answers of a write are NOT treated as unknown outcome (0.235792ms)
✔ C4 action runtime codes map to the same user classes (ActionErrorCodes) (0.139916ms)
✔ a C4 TEST-mode WouldRun answer is shown as 'would run' at every level and is never a success (0.091917ms)
✔ R2 envelope: OK is SUCCESS only because the server said OK; WOULD_RUN is never SUCCESS; FAILED goes through the error mapping (0.174708ms)
✔ runtime error codes: missing id, not executable, volatile stores, invalid request, retryable:false is honoured (0.073709ms)
✔ flag-off detection: 404 WITHOUT a domain code is NOT_READY; 404 WITH one is a missing id (0.124917ms)
✔ workflow run view -> outcome: running is RUNNING, TEST/simulated is WOULD_RUN, LIVE success is SUCCESS, failure keeps the code (0.137375ms)
✔ inspector has the six tabs in order (0.832333ms)
✔ props are grouped: content / design / visibility (0.207875ms)
✔ Design tab is NOT_READY (with reason) for a component with no design props; Data/Action follow definition-ops readiness (0.245708ms)
✔ content edits compile to UPDATE_PROP / ADD_ITEM / REMOVE_ITEM, nothing for unchanged props (0.327292ms)
✔ bindable props: derived from the schema when no metadata; from metadata when present (0.165583ms)
✔ permission labels cover all 14 canonical codes (0.0515ms)
✔ legacy PROJECT_* permissions map to canonical; unknown codes are dropped (never invented) (0.083666ms)
✔ permission-driven UI: viewer cannot edit or publish; new codes are deny-by-default (0.661375ms)
✔ library: only registry components; non-renderable ones are disabled with a reason; data components list NOT_READY for missing ones (1.691834ms)
✔ new sections start with only required props filled (no fake content) (1.037834ms)
✔ reads: exact method + path, no body, no CSRF header on GET (19.288667ms)
✔ create: POST with CSRF, ONLY contract fields, 201 body parsed; identity fields can never be sent (0.651375ms)
✔ create: an invalid name is refused BEFORE any request, with fixed text that cannot carry the credential (0.333541ms)
✔ update: PATCH carries only the given fields; an empty change is refused locally; DELETE answers 204 (0.631708ms)
✔ delete while bound: 409 CONFLICT surfaces as ApiError(409, CONFLICT) so the UI can say 'unbind first' (1.012166ms)
✔ credential: PUT body is exactly {credential}; the only answer is metadata (key NAMES), and no error ever echoes the secret (0.893209ms)
✔ test connection: POST with no body; HTTP 200 with ok:false RESOLVES (a failed test is a result), warnings are passed through verbatim (0.34875ms)
✔ test connection on a disabled source is an ERROR (409 DISABLED), unlike a failed test (0.19675ms)
✔ bindings: PUT/DELETE …/data-bindings/{MODE}/{slot}; mode is normalised to upper case; bad mode/slot refused locally (0.810959ms)
✔ ids are percent-encoded in the path (no path injection through a data source id) (0.419166ms)
✔ error statuses of the contract table reach the UI as ApiError(status, code); Retry-After is carried in the message (1.238208ms)
✔ 404 of the workspace/project proof (platform ApiError shape) and 404 NOT_FOUND of a data source are both just 'not there' (0.358375ms)
✔ network failure and client timeout are distinct and carry status 0 (the outcome of a write is unknown either way) (31.688375ms)
✔ 401 outside /auth/* triggers the one expired-session handler (0.295416ms)
✔ failed test connection is a RESULT: every documented code has its own plain-language text, warnings never hide a green result (1.025167ms)
✔ credential view: key NAMES only, never a value; configured/not configured; falls back to hasCredential (0.180416ms)
✔ source form: required config, secret-looking config refused (secrets belong in the credential), planned connector refused, name rule (0.661667ms)
✔ compactMap: empty fields are not sent; config is trimmed, credentials are sent as typed (0.111ms)
✔ 404 isolation: a foreign source, an unknown id and a project of another workspace read the SAME to the user; 404 without a code means the flag is off (0.204125ms)
✔ management errors: every status of the contract table has its own class and text (0.10775ms)
✔ unknown outcome: a failed WRITE (network, timeout, 5xx) is never 'press again'; the panel reloads instead of guessing (0.321666ms)
✔ runtime error codes of the data layer are explained, never as success; an ambiguous mutation is not auto-retryable (0.295833ms)
✔ bindings: TEST and LIVE are separate per slot; a LIVE-unbound slot is reported before publishing (0.4415ms)
✔ data step readiness: the source step is available only with a management host; without one it stays NOT_READY (nothing simulated) (0.354458ms)
✔ panel SSR: no host → NOT_READY (no fake source); with a host the first paint is the loading state; no input ever holds a value (5.150583ms)
✔ data wizard source step: with no host it says Chưa sẵn sàng; the document's slots are listed; with no slot it says so honestly (36.404125ms)
✔ page tree: home first, then pages in document order, with routes (1.007875ms)
✔ slugify strips Vietnamese diacritics; reserved and duplicate slugs are refused (1.357333ms)
✔ add page: unique slug, ADD_PAGE op; empty name and the page cap are refused (0.268333ms)
✔ rename: home keeps '/', other page can change slug if valid (0.115959ms)
✔ delete: home cannot be deleted; impact names sections, menu links and NAVIGATE actions (0.2915ms)
✔ set-home and page reorder are NOT_READY (no op in the contract) with a reason; menu reorder is real (0.148875ms)
✔ 404: unknown route resolves to the not-found page, known routes to pages (0.270959ms)
✔ preflight blocks publish on broken routes (menu page removed, NAVIGATE to missing page, bad slug) (10.822458ms)
✔ preflight: static + public + data binding is BLOCK; dynamic is WARN (1.293125ms)
✔ portal paths come from PORTAL_PREFIX, not from literals (0.574584ms)
✔ portalHref without configured origins is path-only (same origin) (0.184958ms)
✔ portalOfPath identifies the owning portal by first segment only (0.127459ms)
✔ safeNext accepts only same-app portal paths (22.291791ms)
✔ resolvePostLogin (legacy single app) follows capabilities (0.369167ms)
✔ resolvePortalPostLogin stays inside the portal and never trusts hiding as authorisation (0.101542ms)
✔ accessiblePortals reflects the TEMPORARY systemAdmin mapping (D-C5-05) (0.498959ms)
✔ backend without tenancy fields: unchanged behaviour (systemAdmin / any workspace) (0.103542ms)
✔ platformScope wins over systemAdmin when the server sends it (0.286333ms)
✔ a TENANT_ADMIN does not get the Admin portal yet (every /admin/** API is AdminGuard) but does get tenant.members (0.348083ms)
✔ a platform-only SYSTEM_ADMIN (tenant-level codes in every workspace row) is not offered Studio and lands on the console (0.128583ms)
✔ a SYSTEM_ADMIN with businessAccess keeps Studio (workspace rows carry app codes) (0.05525ms)
✔ a VIEWER-style member (APP_VIEW only) can open Studio but not the console (0.049083ms)
✔ valid config: loaded from /runtime-config.json with no-store and no credentials, only known keys returned, trailing slash removed (36.831708ms)
✔ missing / empty / non-string DATA_API_BASE_URL → typed errors, never a default host (0.588916ms)
✔ malformed JSON, non-object JSON, wrong field types (1.675ms)
✔ unreachable / timeout / HTTP errors fail with typed errors in production (no fallback at all) (0.340833ms)
✔ invalid URLs: relative, wrong scheme, credentials, query, fragment, garbage (0.335917ms)
✔ production is fail-closed on transport: http is refused, loopback is refused, https is required (0.378666ms)
✔ a config that says ENVIRONMENT=production never accepts a loopback host, even in development mode (0.070833ms)
✔ development ergonomics: loopback http is accepted in development, and an explicit fallback is used ONLY when the file is missing or unreachable (0.575167ms)
✔ Data API URLs are built on the configured host and cannot leave it (0.505958ms)
✔ initDataApi: the client is created only AFTER a valid config; a bad config means no client at all (0.707583ms)
✔ the failure is visible: every code has user text, no raw error leaks, and the DOM helper writes textContent only (0.417792ms)
✔ v1 step kinds are exactly ACTION/WAIT/APPROVAL/BRANCH/END (0.823875ms)
✔ new workflow is MANUAL with only an END step (0.23675ms)
✔ add steps: new ones go before the trailing END; ids are unique (0.193583ms)
✔ remove step re-points references at its successor (0.24025ms)
✔ move step swaps neighbours and clears a stale explicit next (0.145042ms)
✔ conditions read in Vietnamese incl. nested all/any/not/exists (0.159709ms)
✔ chips show retry, timeout, wait, approval, condition, compensation, error route (0.3365ms)
✔ validation: schedule needs a cron, approvals need approvers, branches need conditions, WAIT needs a duration, unreachable steps flagged (3.089667ms)
✔ a workflow step pointing at a missing action is a reference issue (0.3845ms)
✔ ordered steps follow the flow; branch targets reachable (0.393208ms)
✔ workflow ops are canonical definition operations (0.137083ms)
ℹ tests 165
ℹ suites 0
ℹ pass 164
ℹ fail 0
ℹ cancelled 0
ℹ skipped 1
ℹ todo 0
ℹ duration_ms 309.799333
