# start: 2026-10-06T13:23:37Z
# cwd:   /Users/hoangluan/code/xweb-c6
# cmd:   bash -c cd backend && ./gradlew compileKotlin compileTestKotlin --no-daemon --console=plain

To honour the JVM settings for this build a single-use Daemon process will be forked. For more on this, please refer to https://docs.gradle.org/9.8.0/userguide/gradle_daemon.html#sec:disabling_the_daemon in the Gradle documentation.
Daemon will be stopped at the end of the build 
Invalid Java installation found at '/Library/Java/JavaVirtualMachines/jdk-18.0.2.1.jdk/Contents/Home' (MacOS java_home) auto-detected. It will be re-checked in the next build. If the configuration cache is enabled, the re-check will happen only after the cache is invalidated. This might have performance impact if it keeps failing. Run the 'javaToolchains' task for more details.
> Task :checkKotlinGradlePluginConfigurationErrors SKIPPED
> Task :compileKotlin FROM-CACHE
> Task :compileJava NO-SOURCE
> Task :processResources
> Task :classes
> Task :jar
> Task :compileTestKotlin FROM-CACHE

[Incubating] Problems report is available at: file:///Users/hoangluan/code/xweb-c6/backend/build/reports/problems/problems-report.html

Deprecated Gradle features were used in this build, making it incompatible with Gradle 10.

You can use '--warning-mode all' to show the individual deprecation warnings and determine if they come from your own scripts or plugins.

For more on this, please refer to https://docs.gradle.org/9.8.0/userguide/command_line_interface.html#sec:command_line_warnings in the Gradle documentation.

BUILD SUCCESSFUL in 9s
4 actionable tasks: 2 executed, 2 from cache
Consider enabling configuration cache to speed up this build: https://docs.gradle.org/9.8.0/userguide/configuration_cache_enabling.html
