# start: 2026-10-06T13:24:44Z
# cwd:   /Users/hoangluan/code/xweb-c6
# cmd:   env XWEB_CONFORMANCE_DIR=/Users/hoangluan/code/xweb-c6/backend/src/test/resources/app-definition npm run test:unit


> system-web-studio@0.2.0 test:unit
> node scripts/test-unit.mjs

✔ exactly the nine canonical types have labels; REFRESH_QUERY present, RUN_QUERY absent (0.571708ms)
✔ RUN_QUERY (alias) is refused with a pointer to REFRESH_QUERY (0.248291ms)
✔ REFRESH_QUERY needs an existing READ query (1.660875ms)
✔ trigger is OPTIONAL: UI-bound has one, child (workflow step) does not and is valid; unattached is classified (1.637916ms)
✔ no arbitrary code: forbidden keys (sql/script/url/headers/token/...) are reported anywhere in a declaration (0.478084ms)
✔ which permission the server checks per action kind (informational) (0.102833ms)
✔ events/actions offered come from component-metadata only (0.242709ms)
✔ describeAction reads naturally and survives a deleted target (0.426083ms)
✔ ops use canonical typed definition operations (0.454708ms)
✔ icon button requires and renders an accessible name (5.759042ms)
✔ StateBox: NOT_READY shows 'Chưa sẵn sàng' + reason; LOADING/ERROR have status/alert roles; AVAILABLE renders nothing (2.60075ms)
✔ Tabs expose tablist/tab/aria-selected with roving tabindex (0.74975ms)
✔ Dialog is a labelled modal dialog (0.445958ms)
✔ left rail has the eight tools; vertical tablist (0.728375ms)
✔ top bar: name, save state, Edit/Test, device, Share, Publish; disabled controls explain why (1.981667ms)
✔ pages panel: ARIA tree, routes, broken-route alert, set-home and reorder NOT_READY (11.374084ms)
✔ pages panel for a viewer: no create/rename/delete controls (3.473375ms)
✔ components panel: drag handle + add button per component, data components NOT_READY when missing, only registry entries (3.450333ms)
✔ action editor offers the nine canonical types (REFRESH_QUERY yes, RUN_QUERY no) and has no code/SQL/URL inputs (2.537209ms)
✔ action editor: trigger is optional (checkbox), a child action has none (3.260792ms)
✔ actions panel: NOT_READY when the V2 core is missing; list with roles when available (1.140625ms)
✔ workflow editor shows retry, timeout, compensation and approval as readable chips; kinds limited to V1 (2.772208ms)
✔ workflows panel: NOT_READY gate and list (0.876916ms)
✔ data wizard: six steps; source and discovery are NOT_READY without a server; no mock rows (1.88525ms)
✔ data wizard with the V2 core missing: every step past discovery says Chưa sẵn sàng (0.921459ms)
✔ inspector: six tabs; Design NOT_READY for a component without design props; viewer sees why permissions are off (1.260334ms)
✔ test panel: Edit != Test rules, would-run / unsupported / not-sent / publish not run, Chạy thử disabled with reason, never SUCCESS (1.637625ms)
✔ outcome view: 409 unknown outcome and 422 rejected have their own messages (0.384792ms)
✔ forms + theme panels: NOT_READY gates, no CSS/URL inputs for the theme (1.365291ms)
✔ conformance: manifest is present and lists fixtures (0.577875ms)
✔ conformance VALID legacy-single-page.json: no client-side issue (1.150375ms)
✔ conformance VALID valid-v2-full.json: no client-side issue (2.328125ms)
✔ conformance VALID valid-action-refresh-query.json: no client-side issue (2.678709ms)
✔ conformance VALID valid-param-date.json: no client-side issue (0.336708ms)
✔ conformance VALID valid-required-omitted.json: no client-side issue (0.149458ms)
✔ conformance VALID valid-unknown-fields-roundtrip.json: no client-side issue (0.201375ms)
✔ conformance VALID valid-action-def-full.json: no client-side issue (4.397375ms)
✔ conformance VALID valid-workflow-def-full.json: no client-side issue (0.7675ms)
✔ conformance VALID valid-mapping-def-full.json: no client-side issue (2.030834ms)
✔ conformance INVALID invalid-permission-code.json: reports every manifest path (1.018042ms)
✔ conformance INVALID invalid-reference.json: reports every manifest path (0.1445ms)
✔ conformance INVALID invalid-action-run-query-alias.json: reports every manifest path (0.179166ms)
✔ conformance VALID valid-mapping-transforms.json: no client-side issue (0.112208ms)
✔ conformance VALID valid-mapping-legacy-transform.json: no client-side issue (0.090875ms)
✔ conformance INVALID invalid-mapping-transform-both.json: reports every manifest path (0.296625ms)
✔ contract mirror is versioned and pinned to integration/v2 (0.584334ms)
✔ 14 canonical permission codes, incl. TENANT_MANAGE and TENANT_MEMBERS, nothing invented (0.119792ms)
✔ 9 canonical action types, REFRESH_QUERY present, RUN_QUERY and friends rejected (0.133ms)
✔ param types include DATE and required defaults to true (0.068708ms)
✔ event wire names are the six canonical ones (0.395167ms)
✔ static NOT_READY features carry a reason, none is faked AVAILABLE (0.086458ms)
✔ transforms[]: legacy `transform` (object or array) normalises to transforms[]; both keys is an error (1.044333ms)
✔ UI can only create the simple (parameterless) transforms; stored complex ones are kept (0.188041ms)
✔ transforms reorder / remove (0.110959ms)
✔ ParamDef.required defaults to true: only an explicit false is written (0.172875ms)
✔ query: operation must be an approved key, never SQL or a URL; source must exist (0.281959ms)
✔ mapping -> viewModel -> binding chain builds canonical definitions with local ids (0.358375ms)
✔ mapping checks: duplicate targets, missing source (0.152666ms)
✔ binding compatibility explains missing item fields (0.095083ms)
✔ backend missing: data sources and discovery are NOT_READY, later steps follow definition ops; no mock rows (1.881792ms)
✔ component states: loading / empty / error / success / not-ready (0.587ms)
✔ action referencing a mapped query passes ref check (REFRESH_QUERY) (0.755417ms)
✔ insert indicator: slot comes from the pointer position against section midpoints (2.317167ms)
✔ library -> canvas: ADD_SECTION at the slot; nothing goes after a trailing Footer (0.531917ms)
✔ adding to an inner page carries pageId; home does not (0.075917ms)
✔ reorder: dragging down accounts for the removed item (arrayMove) (0.139458ms)
✔ Footer stays last; others cannot pass it (3.434917ms)
✔ keyboard fallback: step up/down; ends are no-ops (0.149208ms)
✔ click-to-add fallback: after the selection, else at the end before the Footer (0.615833ms)
✔ slot over rendered rectangles maps back to a section index even when a section has no renderer (0.15775ms)
✔ canStep: a step button is enabled only when it would really move (trailing Footer never moves, ends cannot step off the list) (0.364917ms)
✔ 409 IDEMPOTENCY_OUTCOME_UNKNOWN: ambiguous, retry NOT safe, says check the data first (2.72625ms)
✔ 409 REVISION_CONFLICT is a plain conflict, not the idempotency one (0.08375ms)
✔ 422 MUTATION_REJECTED is rejected (not 'invalid schema') (0.127834ms)
✔ 422 SCHEMA_INVALID lists violations (0.097875ms)
✔ 404/501 -> unavailable (NOT_READY), 403 -> forbidden (0.07225ms)
✔ test mode: errors become outcomes; never SUCCESS (0.161ms)
✔ test mode: SUCCESS only when the server says so (0.097ms)
✔ test mode rules per action kind (0.102541ms)
✔ backend probe: 404 -> definition operations NOT_READY with reason; ok -> AVAILABLE; 500 -> ERROR; loading -> LOADING (0.377791ms)
✔ 409 IDEMPOTENCY_IN_PROGRESS is 'wait', not 'the app changed elsewhere'; IDEMPOTENCY_CONFLICT is a non-retryable client bug (4.140334ms)
✔ 422 MUTATION_UNSUPPORTED / READ_ONLY_VIOLATION / INVALID_MAPPING / MAPPING_FAILED / UNSUPPORTED_TYPE: nothing applied, not retryable, not 'schema invalid' (0.935458ms)
✔ 429 RATE_LIMITED is retryable with backoff (0.069041ms)
✔ a 500/502/504/network failure of a WRITE is 'outcome unknown' and not retry-safe; the same failure of a read stays a plain error (0.094417ms)
✔ 4xx permission/validation answers of a write are NOT treated as unknown outcome (0.045458ms)
✔ C4 action runtime codes map to the same user classes (ActionErrorCodes) (0.059084ms)
✔ a C4 TEST-mode WouldRun answer is shown as 'would run' at every level and is never a success (0.075625ms)
✔ inspector has the six tabs in order (0.881375ms)
✔ props are grouped: content / design / visibility (0.219958ms)
✔ Design tab is NOT_READY (with reason) for a component with no design props; Data/Action follow definition-ops readiness (0.252ms)
✔ content edits compile to UPDATE_PROP / ADD_ITEM / REMOVE_ITEM, nothing for unchanged props (0.3065ms)
✔ bindable props: derived from the schema when no metadata; from metadata when present (0.165958ms)
✔ permission labels cover all 14 canonical codes (0.052958ms)
✔ legacy PROJECT_* permissions map to canonical; unknown codes are dropped (never invented) (0.077208ms)
✔ permission-driven UI: viewer cannot edit or publish; new codes are deny-by-default (0.164542ms)
✔ library: only registry components; non-renderable ones are disabled with a reason; data components list NOT_READY for missing ones (0.472208ms)
✔ new sections start with only required props filled (no fake content) (0.371ms)
✔ page tree: home first, then pages in document order, with routes (1.018583ms)
✔ slugify strips Vietnamese diacritics; reserved and duplicate slugs are refused (0.726125ms)
✔ add page: unique slug, ADD_PAGE op; empty name and the page cap are refused (0.263917ms)
✔ rename: home keeps '/', other page can change slug if valid (0.114417ms)
✔ delete: home cannot be deleted; impact names sections, menu links and NAVIGATE actions (0.265416ms)
✔ set-home and page reorder are NOT_READY (no op in the contract) with a reason; menu reorder is real (0.149208ms)
✔ 404: unknown route resolves to the not-found page, known routes to pages (0.295458ms)
✔ preflight blocks publish on broken routes (menu page removed, NAVIGATE to missing page, bad slug) (1.364875ms)
✔ preflight: static + public + data binding is BLOCK; dynamic is WARN (1.296875ms)
✔ portal paths come from PORTAL_PREFIX, not from literals (0.560292ms)
✔ portalHref without configured origins is path-only (same origin) (0.161416ms)
✔ portalOfPath identifies the owning portal by first segment only (0.124083ms)
✔ safeNext accepts only same-app portal paths (1.315958ms)
✔ resolvePostLogin (legacy single app) follows capabilities (0.415791ms)
✔ resolvePortalPostLogin stays inside the portal and never trusts hiding as authorisation (0.107666ms)
✔ accessiblePortals reflects the TEMPORARY systemAdmin mapping (D-C5-05) (0.506917ms)
✔ backend without tenancy fields: unchanged behaviour (systemAdmin / any workspace) (0.101791ms)
✔ platformScope wins over systemAdmin when the server sends it (0.285042ms)
✔ a TENANT_ADMIN does not get the Admin portal yet (every /admin/** API is AdminGuard) but does get tenant.members (0.360167ms)
✔ a platform-only SYSTEM_ADMIN (tenant-level codes in every workspace row) is not offered Studio and lands on the console (0.139084ms)
✔ a SYSTEM_ADMIN with businessAccess keeps Studio (workspace rows carry app codes) (0.053333ms)
✔ a VIEWER-style member (APP_VIEW only) can open Studio but not the console (0.050542ms)
✔ v1 step kinds are exactly ACTION/WAIT/APPROVAL/BRANCH/END (0.982083ms)
✔ new workflow is MANUAL with only an END step (0.396583ms)
✔ add steps: new ones go before the trailing END; ids are unique (0.297208ms)
✔ remove step re-points references at its successor (0.251708ms)
✔ move step swaps neighbours and clears a stale explicit next (0.1525ms)
✔ conditions read in Vietnamese incl. nested all/any/not/exists (0.170209ms)
✔ chips show retry, timeout, wait, approval, condition, compensation, error route (0.40225ms)
✔ validation: schedule needs a cron, approvals need approvers, branches need conditions, WAIT needs a duration, unreachable steps flagged (2.161959ms)
✔ a workflow step pointing at a missing action is a reference issue (0.389583ms)
✔ ordered steps follow the flow; branch targets reachable (0.543708ms)
✔ workflow ops are canonical definition operations (0.153792ms)
ℹ tests 130
ℹ suites 0
ℹ pass 130
ℹ fail 0
ℹ cancelled 0
ℹ skipped 0
ℹ todo 0
ℹ duration_ms 169.173083
