# start: 2026-10-06T13:24:47Z
# cwd:   /Users/hoangluan/code/xweb-c6
# cmd:   npm run test:unit


> system-web-studio@0.2.0 test:unit
> node scripts/test-unit.mjs

✔ exactly the nine canonical types have labels; REFRESH_QUERY present, RUN_QUERY absent (0.589958ms)
✔ RUN_QUERY (alias) is refused with a pointer to REFRESH_QUERY (0.253375ms)
✔ REFRESH_QUERY needs an existing READ query (3.537833ms)
✔ trigger is OPTIONAL: UI-bound has one, child (workflow step) does not and is valid; unattached is classified (2.499167ms)
✔ no arbitrary code: forbidden keys (sql/script/url/headers/token/...) are reported anywhere in a declaration (0.773667ms)
✔ which permission the server checks per action kind (informational) (0.19025ms)
✔ events/actions offered come from component-metadata only (0.693792ms)
✔ describeAction reads naturally and survives a deleted target (0.216667ms)
✔ ops use canonical typed definition operations (0.365166ms)
✔ icon button requires and renders an accessible name (5.070541ms)
✔ StateBox: NOT_READY shows 'Chưa sẵn sàng' + reason; LOADING/ERROR have status/alert roles; AVAILABLE renders nothing (2.750416ms)
✔ Tabs expose tablist/tab/aria-selected with roving tabindex (0.665834ms)
✔ Dialog is a labelled modal dialog (0.421166ms)
✔ left rail has the eight tools; vertical tablist (0.658625ms)
✔ top bar: name, save state, Edit/Test, device, Share, Publish; disabled controls explain why (1.198584ms)
✔ pages panel: ARIA tree, routes, broken-route alert, set-home and reorder NOT_READY (9.836375ms)
✔ pages panel for a viewer: no create/rename/delete controls (2.8665ms)
✔ components panel: drag handle + add button per component, data components NOT_READY when missing, only registry entries (3.602209ms)
✔ action editor offers the nine canonical types (REFRESH_QUERY yes, RUN_QUERY no) and has no code/SQL/URL inputs (2.339042ms)
✔ action editor: trigger is optional (checkbox), a child action has none (2.888583ms)
✔ actions panel: NOT_READY when the V2 core is missing; list with roles when available (1.172084ms)
✔ workflow editor shows retry, timeout, compensation and approval as readable chips; kinds limited to V1 (2.552917ms)
✔ workflows panel: NOT_READY gate and list (1.033791ms)
✔ data wizard: six steps; source and discovery are NOT_READY without a server; no mock rows (1.744584ms)
✔ data wizard with the V2 core missing: every step past discovery says Chưa sẵn sàng (0.890458ms)
✔ inspector: six tabs; Design NOT_READY for a component without design props; viewer sees why permissions are off (1.196833ms)
✔ test panel: Edit != Test rules, would-run / unsupported / not-sent / publish not run, Chạy thử disabled with reason, never SUCCESS (1.527ms)
✔ outcome view: 409 unknown outcome and 422 rejected have their own messages (0.332708ms)
✔ forms + theme panels: NOT_READY gates, no CSS/URL inputs for the theme (1.420875ms)
﹣ conformance: manifest is present and lists fixtures (0.488792ms) # XWEB_CONFORMANCE_DIR not set or manifest.json missing: conformance NOT run (see docs/parallel/c5/PHASE3_AUDIT.md)
✔ contract mirror is versioned and pinned to integration/v2 (0.594084ms)
✔ 14 canonical permission codes, incl. TENANT_MANAGE and TENANT_MEMBERS, nothing invented (0.135ms)
✔ 9 canonical action types, REFRESH_QUERY present, RUN_QUERY and friends rejected (0.131958ms)
✔ param types include DATE and required defaults to true (0.068292ms)
✔ event wire names are the six canonical ones (0.385875ms)
✔ static NOT_READY features carry a reason, none is faked AVAILABLE (0.092375ms)
✔ transforms[]: legacy `transform` (object or array) normalises to transforms[]; both keys is an error (0.996958ms)
✔ UI can only create the simple (parameterless) transforms; stored complex ones are kept (0.179583ms)
✔ transforms reorder / remove (0.109291ms)
✔ ParamDef.required defaults to true: only an explicit false is written (0.164875ms)
✔ query: operation must be an approved key, never SQL or a URL; source must exist (0.272917ms)
✔ mapping -> viewModel -> binding chain builds canonical definitions with local ids (0.529791ms)
✔ mapping checks: duplicate targets, missing source (0.164041ms)
✔ binding compatibility explains missing item fields (0.096791ms)
✔ backend missing: data sources and discovery are NOT_READY, later steps follow definition ops; no mock rows (1.841583ms)
✔ component states: loading / empty / error / success / not-ready (0.401042ms)
✔ action referencing a mapped query passes ref check (REFRESH_QUERY) (0.862959ms)
✔ insert indicator: slot comes from the pointer position against section midpoints (0.558167ms)
✔ library -> canvas: ADD_SECTION at the slot; nothing goes after a trailing Footer (0.494084ms)
✔ adding to an inner page carries pageId; home does not (0.076542ms)
✔ reorder: dragging down accounts for the removed item (arrayMove) (0.1365ms)
✔ Footer stays last; others cannot pass it (1.268208ms)
✔ keyboard fallback: step up/down; ends are no-ops (0.127792ms)
✔ click-to-add fallback: after the selection, else at the end before the Footer (0.146125ms)
✔ slot over rendered rectangles maps back to a section index even when a section has no renderer (0.11975ms)
✔ canStep: a step button is enabled only when it would really move (trailing Footer never moves, ends cannot step off the list) (0.344667ms)
✔ 409 IDEMPOTENCY_OUTCOME_UNKNOWN: ambiguous, retry NOT safe, says check the data first (0.768ms)
✔ 409 REVISION_CONFLICT is a plain conflict, not the idempotency one (0.076875ms)
✔ 422 MUTATION_REJECTED is rejected (not 'invalid schema') (0.119ms)
✔ 422 SCHEMA_INVALID lists violations (0.088917ms)
✔ 404/501 -> unavailable (NOT_READY), 403 -> forbidden (0.066417ms)
✔ test mode: errors become outcomes; never SUCCESS (0.164ms)
✔ test mode: SUCCESS only when the server says so (0.094667ms)
✔ test mode rules per action kind (0.093417ms)
✔ backend probe: 404 -> definition operations NOT_READY with reason; ok -> AVAILABLE; 500 -> ERROR; loading -> LOADING (0.710083ms)
✔ 409 IDEMPOTENCY_IN_PROGRESS is 'wait', not 'the app changed elsewhere'; IDEMPOTENCY_CONFLICT is a non-retryable client bug (0.462583ms)
✔ 422 MUTATION_UNSUPPORTED / READ_ONLY_VIOLATION / INVALID_MAPPING / MAPPING_FAILED / UNSUPPORTED_TYPE: nothing applied, not retryable, not 'schema invalid' (0.132333ms)
✔ 429 RATE_LIMITED is retryable with backoff (0.054458ms)
✔ a 500/502/504/network failure of a WRITE is 'outcome unknown' and not retry-safe; the same failure of a read stays a plain error (0.077125ms)
✔ 4xx permission/validation answers of a write are NOT treated as unknown outcome (0.044083ms)
✔ C4 action runtime codes map to the same user classes (ActionErrorCodes) (0.056917ms)
✔ a C4 TEST-mode WouldRun answer is shown as 'would run' at every level and is never a success (0.067375ms)
✔ inspector has the six tabs in order (1.557958ms)
✔ props are grouped: content / design / visibility (0.219542ms)
✔ Design tab is NOT_READY (with reason) for a component with no design props; Data/Action follow definition-ops readiness (0.257125ms)
✔ content edits compile to UPDATE_PROP / ADD_ITEM / REMOVE_ITEM, nothing for unchanged props (0.306041ms)
✔ bindable props: derived from the schema when no metadata; from metadata when present (0.166542ms)
✔ permission labels cover all 14 canonical codes (0.054875ms)
✔ legacy PROJECT_* permissions map to canonical; unknown codes are dropped (never invented) (0.082875ms)
✔ permission-driven UI: viewer cannot edit or publish; new codes are deny-by-default (0.479208ms)
✔ library: only registry components; non-renderable ones are disabled with a reason; data components list NOT_READY for missing ones (0.948291ms)
✔ new sections start with only required props filled (no fake content) (0.395583ms)
✔ page tree: home first, then pages in document order, with routes (0.965417ms)
✔ slugify strips Vietnamese diacritics; reserved and duplicate slugs are refused (0.316542ms)
✔ add page: unique slug, ADD_PAGE op; empty name and the page cap are refused (0.240875ms)
✔ rename: home keeps '/', other page can change slug if valid (0.108041ms)
✔ delete: home cannot be deleted; impact names sections, menu links and NAVIGATE actions (0.245333ms)
✔ set-home and page reorder are NOT_READY (no op in the contract) with a reason; menu reorder is real (0.139458ms)
✔ 404: unknown route resolves to the not-found page, known routes to pages (0.260042ms)
✔ preflight blocks publish on broken routes (menu page removed, NAVIGATE to missing page, bad slug) (1.327042ms)
✔ preflight: static + public + data binding is BLOCK; dynamic is WARN (1.394417ms)
✔ portal paths come from PORTAL_PREFIX, not from literals (1.121083ms)
✔ portalHref without configured origins is path-only (same origin) (0.235292ms)
✔ portalOfPath identifies the owning portal by first segment only (0.13675ms)
✔ safeNext accepts only same-app portal paths (0.814209ms)
✔ resolvePostLogin (legacy single app) follows capabilities (0.333584ms)
✔ resolvePortalPostLogin stays inside the portal and never trusts hiding as authorisation (0.1035ms)
✔ accessiblePortals reflects the TEMPORARY systemAdmin mapping (D-C5-05) (0.681833ms)
✔ backend without tenancy fields: unchanged behaviour (systemAdmin / any workspace) (0.122083ms)
✔ platformScope wins over systemAdmin when the server sends it (0.303ms)
✔ a TENANT_ADMIN does not get the Admin portal yet (every /admin/** API is AdminGuard) but does get tenant.members (0.356042ms)
✔ a platform-only SYSTEM_ADMIN (tenant-level codes in every workspace row) is not offered Studio and lands on the console (0.134167ms)
✔ a SYSTEM_ADMIN with businessAccess keeps Studio (workspace rows carry app codes) (0.059208ms)
✔ a VIEWER-style member (APP_VIEW only) can open Studio but not the console (0.04925ms)
✔ v1 step kinds are exactly ACTION/WAIT/APPROVAL/BRANCH/END (0.826083ms)
✔ new workflow is MANUAL with only an END step (0.206791ms)
✔ add steps: new ones go before the trailing END; ids are unique (0.208375ms)
✔ remove step re-points references at its successor (0.22025ms)
✔ move step swaps neighbours and clears a stale explicit next (0.14375ms)
✔ conditions read in Vietnamese incl. nested all/any/not/exists (0.156ms)
✔ chips show retry, timeout, wait, approval, condition, compensation, error route (0.338917ms)
✔ validation: schedule needs a cron, approvals need approvers, branches need conditions, WAIT needs a duration, unreachable steps flagged (2.253958ms)
✔ a workflow step pointing at a missing action is a reference issue (0.404833ms)
✔ ordered steps follow the flow; branch targets reachable (0.418917ms)
✔ workflow ops are canonical definition operations (0.142666ms)
ℹ tests 115
ℹ suites 0
ℹ pass 114
ℹ fail 0
ℹ cancelled 0
ℹ skipped 1
ℹ todo 0
ℹ duration_ms 151.833458
