# start: 2026-10-06T13:25:53Z
# cwd:   /Users/hoangluan/code/xweb-c6
# cmd:   ./scripts/run-local.sh

 Network xweb-c6_default Creating 
 Volume xweb-c6_studio-redis Creating 
 Volume xweb-c6_studio-rabbitmq Creating 
 Volume xweb-c6_studio-verdaccio Creating 
 Volume xweb-c6_studio-appdb Creating 
 Volume xweb-c6_studio-forgejo-conf Creating 
 Volume xweb-c6_studio-minio Creating 
 Volume xweb-c6_studio-forgejo-data Creating 
 Volume xweb-c6_studio-postgres Creating 
 Volume xweb-c6_studio-postgres Creating 
 Volume xweb-c6_studio-rabbitmq Creating 
 Volume xweb-c6_studio-redis Creating 
 Volume xweb-c6_studio-verdaccio Creating 
 Volume xweb-c6_studio-appdb Creating 
 Volume xweb-c6_studio-forgejo-conf Creating 
 Volume xweb-c6_studio-forgejo-data Creating 
 Network xweb-c6_build Creating 
 Network xweb-c6_build Creating 
 Network xweb-c6_default Creating 
 Network xweb-c6_apps Creating 
 Network xweb-c6_apps Creating 
 Volume xweb-c6_studio-minio Creating 
 Volume xweb-c6_studio-appdb Created 
 Volume xweb-c6_studio-appdb Created 
 Volume xweb-c6_studio-forgejo-data Created 
 Volume xweb-c6_studio-forgejo-data Created 
 Volume xweb-c6_studio-rabbitmq Created 
 Volume xweb-c6_studio-rabbitmq Created 
 Volume xweb-c6_studio-verdaccio Created 
 Volume xweb-c6_studio-verdaccio Created 
 Volume xweb-c6_studio-postgres Created 
 Volume xweb-c6_studio-postgres Created 
 Volume xweb-c6_studio-redis Created 
 Volume xweb-c6_studio-redis Created 
 Volume xweb-c6_studio-minio Created 
 Volume xweb-c6_studio-minio Created 
 Volume xweb-c6_studio-forgejo-conf Created 
 Volume xweb-c6_studio-forgejo-conf Created 
 Network xweb-c6_build Created 
 Network xweb-c6_build Created 
 Network xweb-c6_apps Created 
 Network xweb-c6_apps Created 
 Network xweb-c6_default Created 
 Network xweb-c6_default Created 
 Container xweb-c6-sites-gateway-1 Creating 
 Container xweb-c6-rabbitmq-1 Creating 
 Container xweb-c6-apps-gateway-1 Creating 
 Container xweb-c6-forgejo-1 Creating 
 Container xweb-c6-appdb-1 Creating 
 Container xweb-c6-redis-1 Creating 
 Container xweb-c6-postgres-1 Creating 
 Container xweb-c6-verdaccio-1 Creating 
 Container xweb-c6-minio-1 Creating 
 Container xweb-c6-minio-1 Created 
 Container xweb-c6-forgejo-1 Created 
 Container xweb-c6-verdaccio-1 Created 
 Container xweb-c6-redis-1 Created 
 Container xweb-c6-apps-gateway-1 Created 
 Container xweb-c6-rabbitmq-1 Created 
 Container xweb-c6-sites-gateway-1 Created 
 Container xweb-c6-postgres-1 Created 
 Container xweb-c6-appdb-1 Created 
 Container xweb-c6-forgejo-1 Starting 
 Container xweb-c6-appdb-1 Starting 
 Container xweb-c6-verdaccio-1 Starting 
 Container xweb-c6-rabbitmq-1 Starting 
 Container xweb-c6-sites-gateway-1 Starting 
 Container xweb-c6-minio-1 Starting 
 Container xweb-c6-postgres-1 Starting 
 Container xweb-c6-redis-1 Starting 
 Container xweb-c6-apps-gateway-1 Starting 
Error response from daemon: failed to set up container networking: driver failed programming external connectivity on endpoint xweb-c6-forgejo-1 (d6aeb57e5a6f4d20c237e337ef55f3f0de37b8e790821076ffc3c5f0f91ca85f): Bind for 127.0.0.1:13000 failed: port is already allocated
