
> system-web-studio@0.2.0 test:unit
> node scripts/test-unit.mjs

✔ exactly the nine canonical types have labels; REFRESH_QUERY present, RUN_QUERY absent (1.053209ms)
✔ RUN_QUERY (alias) is refused with a pointer to REFRESH_QUERY (0.383334ms)
✔ REFRESH_QUERY needs an existing READ query (2.07125ms)
✔ trigger is OPTIONAL: UI-bound has one, child (workflow step) does not and is valid; unattached is classified (1.377875ms)
✔ no arbitrary code: forbidden keys (sql/script/url/headers/token/...) are reported anywhere in a declaration (0.408167ms)
✔ which permission the server checks per action kind (informational) (0.115209ms)
✔ events/actions offered come from component-metadata only (0.212708ms)
✔ describeAction reads naturally and survives a deleted target (0.218292ms)
✔ ops use canonical typed definition operations (0.459541ms)
✔ icon button requires and renders an accessible name (5.135ms)
✔ StateBox: NOT_READY shows 'Chưa sẵn sàng' + reason; LOADING/ERROR have status/alert roles; AVAILABLE renders nothing (3.041792ms)
✔ Tabs expose tablist/tab/aria-selected with roving tabindex (0.866666ms)
✔ Dialog is a labelled modal dialog (0.6415ms)
✔ left rail has the eight tools; vertical tablist (1.041209ms)
✔ top bar: name, save state, Edit/Test, device, Share, Publish; disabled controls explain why (1.628834ms)
✔ pages panel: ARIA tree, routes, broken-route alert, set-home and reorder NOT_READY (13.875041ms)
✔ pages panel for a viewer: no create/rename/delete controls (3.987083ms)
✔ components panel: drag handle + add button per component, data components NOT_READY when missing, only registry entries (6.269875ms)
✔ action editor offers the nine canonical types (REFRESH_QUERY yes, RUN_QUERY no) and has no code/SQL/URL inputs (3.452792ms)
✔ action editor: trigger is optional (checkbox), a child action has none (4.162625ms)
✔ actions panel: NOT_READY when the V2 core is missing; list with roles when available (1.57475ms)
✔ workflow editor shows retry, timeout, compensation and approval as readable chips; kinds limited to V1 (4.190042ms)
✔ workflows panel: NOT_READY gate and list (1.186542ms)
✔ data wizard: six steps; source and discovery are NOT_READY without a server; no mock rows (2.239292ms)
✔ data wizard with the V2 core missing: every step past discovery says Chưa sẵn sàng (1.976458ms)
✔ inspector: six tabs; Design NOT_READY for a component without design props; viewer sees why permissions are off (2.369167ms)
✔ test panel: Edit != Test rules, would-run / unsupported / not-sent / publish not run, Chạy thử disabled with reason, never SUCCESS (2.611083ms)
✔ outcome view: 409 unknown outcome and 422 rejected have their own messages (0.726042ms)
✔ forms + theme panels: NOT_READY gates, no CSS/URL inputs for the theme (2.390292ms)
✔ conformance: manifest is present and lists fixtures (1.044584ms)
✔ conformance VALID legacy-single-page.json: no client-side issue (1.326667ms)
✔ conformance VALID valid-v2-full.json: no client-side issue (1.136958ms)
✔ conformance VALID valid-action-refresh-query.json: no client-side issue (0.275208ms)
✔ conformance VALID valid-param-date.json: no client-side issue (0.370333ms)
✔ conformance VALID valid-required-omitted.json: no client-side issue (0.194208ms)
✔ conformance VALID valid-unknown-fields-roundtrip.json: no client-side issue (0.270333ms)
✔ conformance VALID valid-action-def-full.json: no client-side issue (1.740584ms)
✔ conformance VALID valid-workflow-def-full.json: no client-side issue (0.755834ms)
✔ conformance VALID valid-mapping-def-full.json: no client-side issue (0.744667ms)
✔ conformance INVALID invalid-permission-code.json: reports every manifest path (0.302333ms)
✔ conformance INVALID invalid-reference.json: reports every manifest path (0.15175ms)
✔ conformance INVALID invalid-action-run-query-alias.json: reports every manifest path (0.220375ms)
✔ conformance VALID valid-mapping-transforms.json: no client-side issue (0.160583ms)
✔ conformance VALID valid-mapping-legacy-transform.json: no client-side issue (0.139625ms)
✔ conformance INVALID invalid-mapping-transform-both.json: reports every manifest path (0.140459ms)
✔ contract mirror is versioned and pinned to integration/v2 (1.4365ms)
✔ 14 canonical permission codes, incl. TENANT_MANAGE and TENANT_MEMBERS, nothing invented (0.133375ms)
✔ 9 canonical action types, REFRESH_QUERY present, RUN_QUERY and friends rejected (0.181167ms)
✔ param types include DATE and required defaults to true (0.095917ms)
✔ event wire names are the six canonical ones (0.443334ms)
✔ static NOT_READY features carry a reason, none is faked AVAILABLE (0.119958ms)
✔ transforms[]: legacy `transform` (object or array) normalises to transforms[]; both keys is an error (1.220375ms)
✔ UI can only create the simple (parameterless) transforms; stored complex ones are kept (0.254ms)
✔ transforms reorder / remove (0.148125ms)
✔ ParamDef.required defaults to true: only an explicit false is written (0.220041ms)
✔ query: operation must be an approved key, never SQL or a URL; source must exist (0.348166ms)
✔ mapping -> viewModel -> binding chain builds canonical definitions with local ids (0.446625ms)
✔ mapping checks: duplicate targets, missing source (0.200834ms)
✔ binding compatibility explains missing item fields (0.12975ms)
✔ backend missing: data sources and discovery are NOT_READY, later steps follow definition ops; no mock rows (0.976709ms)
✔ component states: loading / empty / error / success / not-ready (0.457ms)
✔ action referencing a mapped query passes ref check (REFRESH_QUERY) (0.775041ms)
✔ insert indicator: slot comes from the pointer position against section midpoints (0.676375ms)
✔ library -> canvas: ADD_SECTION at the slot; nothing goes after a trailing Footer (0.596708ms)
✔ adding to an inner page carries pageId; home does not (0.104542ms)
✔ reorder: dragging down accounts for the removed item (arrayMove) (0.176208ms)
✔ Footer stays last; others cannot pass it (0.680917ms)
✔ keyboard fallback: step up/down; ends are no-ops (0.132666ms)
✔ click-to-add fallback: after the selection, else at the end before the Footer (0.168417ms)
✔ slot over rendered rectangles maps back to a section index even when a section has no renderer (0.151042ms)
✔ canStep: a step button is enabled only when it would really move (trailing Footer never moves, ends cannot step off the list) (0.521917ms)
✔ 409 IDEMPOTENCY_OUTCOME_UNKNOWN: ambiguous, retry NOT safe, says check the data first (0.904625ms)
✔ 409 REVISION_CONFLICT is a plain conflict, not the idempotency one (0.136291ms)
✔ 422 MUTATION_REJECTED is rejected (not 'invalid schema') (0.196708ms)
✔ 422 SCHEMA_INVALID lists violations (0.16125ms)
✔ 404/501 -> unavailable (NOT_READY), 403 -> forbidden (0.130917ms)
✔ test mode: errors become outcomes; never SUCCESS (0.195917ms)
✔ test mode: SUCCESS only when the server says so (0.128917ms)
✔ test mode rules per action kind (0.14675ms)
✔ backend probe: 404 -> definition operations NOT_READY with reason; ok -> AVAILABLE; 500 -> ERROR; loading -> LOADING (0.546208ms)
✔ 409 IDEMPOTENCY_IN_PROGRESS is 'wait', not 'the app changed elsewhere'; IDEMPOTENCY_CONFLICT is a non-retryable client bug (0.474ms)
✔ 422 MUTATION_UNSUPPORTED / READ_ONLY_VIOLATION / INVALID_MAPPING / MAPPING_FAILED / UNSUPPORTED_TYPE: nothing applied, not retryable, not 'schema invalid' (0.363916ms)
✔ 429 RATE_LIMITED is retryable with backoff (0.103542ms)
✔ a 500/502/504/network failure of a WRITE is 'outcome unknown' and not retry-safe; the same failure of a read stays a plain error (0.224375ms)
✔ 4xx permission/validation answers of a write are NOT treated as unknown outcome (0.077916ms)
✔ C4 action runtime codes map to the same user classes (ActionErrorCodes) (0.091167ms)
✔ a C4 TEST-mode WouldRun answer is shown as 'would run' at every level and is never a success (0.196875ms)
✔ inspector has the six tabs in order (0.969375ms)
✔ props are grouped: content / design / visibility (0.278791ms)
✔ Design tab is NOT_READY (with reason) for a component with no design props; Data/Action follow definition-ops readiness (0.298458ms)
✔ content edits compile to UPDATE_PROP / ADD_ITEM / REMOVE_ITEM, nothing for unchanged props (0.367209ms)
✔ bindable props: derived from the schema when no metadata; from metadata when present (0.262125ms)
✔ permission labels cover all 14 canonical codes (0.086542ms)
✔ legacy PROJECT_* permissions map to canonical; unknown codes are dropped (never invented) (0.172292ms)
✔ permission-driven UI: viewer cannot edit or publish; new codes are deny-by-default (0.210083ms)
✔ library: only registry components; non-renderable ones are disabled with a reason; data components list NOT_READY for missing ones (0.542208ms)
✔ new sections start with only required props filled (no fake content) (0.484416ms)
✔ page tree: home first, then pages in document order, with routes (1.085709ms)
✔ slugify strips Vietnamese diacritics; reserved and duplicate slugs are refused (0.417208ms)
✔ add page: unique slug, ADD_PAGE op; empty name and the page cap are refused (0.271042ms)
✔ rename: home keeps '/', other page can change slug if valid (0.134375ms)
✔ delete: home cannot be deleted; impact names sections, menu links and NAVIGATE actions (0.290458ms)
✔ set-home and page reorder are NOT_READY (no op in the contract) with a reason; menu reorder is real (0.1895ms)
✔ 404: unknown route resolves to the not-found page, known routes to pages (0.356625ms)
✔ preflight blocks publish on broken routes (menu page removed, NAVIGATE to missing page, bad slug) (2.405ms)
✔ preflight: static + public + data binding is BLOCK; dynamic is WARN (0.942875ms)
✔ portal paths come from PORTAL_PREFIX, not from literals (0.653708ms)
✔ portalHref without configured origins is path-only (same origin) (0.217041ms)
✔ portalOfPath identifies the owning portal by first segment only (0.155833ms)
✔ safeNext accepts only same-app portal paths (0.668084ms)
✔ resolvePostLogin (legacy single app) follows capabilities (0.318875ms)
✔ resolvePortalPostLogin stays inside the portal and never trusts hiding as authorisation (0.121292ms)
✔ accessiblePortals reflects the TEMPORARY systemAdmin mapping (D-C5-05) (0.510208ms)
✔ backend without tenancy fields: unchanged behaviour (systemAdmin / any workspace) (0.136375ms)
✔ platformScope wins over systemAdmin when the server sends it (0.336042ms)
✔ a TENANT_ADMIN does not get the Admin portal yet (every /admin/** API is AdminGuard) but does get tenant.members (0.417292ms)
✔ a platform-only SYSTEM_ADMIN (tenant-level codes in every workspace row) is not offered Studio and lands on the console (0.164333ms)
✔ a SYSTEM_ADMIN with businessAccess keeps Studio (workspace rows carry app codes) (0.080292ms)
✔ a VIEWER-style member (APP_VIEW only) can open Studio but not the console (0.077959ms)
✔ v1 step kinds are exactly ACTION/WAIT/APPROVAL/BRANCH/END (1.018375ms)
✔ new workflow is MANUAL with only an END step (0.260792ms)
✔ add steps: new ones go before the trailing END; ids are unique (0.276917ms)
✔ remove step re-points references at its successor (0.2845ms)
✔ move step swaps neighbours and clears a stale explicit next (0.167125ms)
✔ conditions read in Vietnamese incl. nested all/any/not/exists (0.192041ms)
✔ chips show retry, timeout, wait, approval, condition, compensation, error route (0.37825ms)
✔ validation: schedule needs a cron, approvals need approvers, branches need conditions, WAIT needs a duration, unreachable steps flagged (2.660125ms)
✔ a workflow step pointing at a missing action is a reference issue (0.561792ms)
✔ ordered steps follow the flow; branch targets reachable (0.494208ms)
✔ workflow ops are canonical definition operations (0.181959ms)
ℹ tests 130
ℹ suites 0
ℹ pass 130
ℹ fail 0
ℹ cancelled 0
ℹ skipped 0
ℹ todo 0
ℹ duration_ms 334.211958
