
> system-web-studio@0.2.0 test:e2e:real
> node tests/e2e-real/run.mjs

REAL BACKEND suite · studio=http://127.0.0.1:3403 · run=muysb8dz · 1 flow(s)
  [fixture] workspace A created
  [fixture] workspace B created
  [fixture] user adminA (WORKSPACE_ADMIN) ready
  [fixture] user adminB (WORKSPACE_ADMIN) ready
  [fixture] user viewerA (VIEWER) ready
  [fixture] user lonelyA (VIEWER) ready
  [probe] queries route → 404 QUERY_NOT_FOUND · actions route → 404 UNKNOWN_ACTION  (404 without a code = flag off)

E2E-S7 — (supplementary) Publish interrupted by a backend outage: no fake success, UI ends on the server's truth
    ✓ POST …/publish accepted (2xx) with a deployment id before the outage
    ✓ while the backend is down the UI never claims the site is up
    ✓ no request storm while polling against a dead backend (< 40 API calls in the outage window)
    ✓ the API answers again after the start hook
    ✓ the deployment reaches a terminal state on the server after recovery (RUNNING or FAILED; never stuck)
    ✓ the outage created exactly ONE new deployment (the one this publish returned; no duplicate)
    ✓ no unhandled page errors other than the expected network failures
  [cleanup] cleanup notes: left behind (no delete route): workspaces cafaa240-1036-441a-9c8f-f07e620a1d30, d76ef818-9525-489a-aff6-835569d2b9bc named e2e-muysb8dz-*

| ID | Status | Owner | Detail |
|---|---|---|---|
| E2E-S7 | PASS |  |  |

REAL BACKEND: PASS 1/1 · FAIL 0/1 · BLOCKED 0/1 · SKIP 0/1
report: /Users/hoangluan/code/xweb-c6/docs/parallel/c6/evidence/rc-62ce9697cd56/e2e-real-S7-rerun/report-2026-10-08T00-16-35-406Z.json
evidence: /Users/hoangluan/code/xweb-c6/docs/parallel/c6/evidence/rc-62ce9697cd56/e2e-real-S7-rerun/evidence-2026-10-08T00-16-35-407Z.txt
