
> system-web-studio@0.2.0 test:e2e:real
> node tests/e2e-real/run.mjs

REAL BACKEND suite · studio=http://127.0.0.1:3403 · run=muytyo4y · 9 flow(s)
  [fixture] workspace A created
  [fixture] workspace B created
  [fixture] user adminA (WORKSPACE_ADMIN) ready
  [fixture] user adminB (WORKSPACE_ADMIN) ready
  [fixture] user viewerA (VIEWER) ready
  [fixture] user lonelyA (VIEWER) ready
  [probe] queries route → 404 QUERY_NOT_FOUND · actions route → 404 UNKNOWN_ACTION  (404 without a code = flag off)

E2E-PL01 — Platform portal: login, navigation, tenants (create, suspend, restore, members, last-admin rule), SYSTEM_ADMIN grant / revoke
    ✓ login through the Platform portal lands inside /platform (not on the login or no-access page)
    ✓ navigation lists Tổng quan, Công ty (tenant), Người dùng & Workspace, Nhật ký kiểm toán, Sức khỏe hệ thống — and nothing from the tenant-admin console
    ✓ the tenant list is the REAL list (the DEFAULT tenant is there) and the section is not 'Chưa sẵn sàng'
    ✓ an invalid form is refused in the dialog with both messages and NO request is sent
    ✓ POST /admin/tenants → 201 and the page opens the new tenant
    ✓ the server stored it: slug, name, ACTIVE
    ✓ a duplicate slug is refused by the server (409 TENANT_SLUG_TAKEN)
    ✓ suspend: the UI says so and the server agrees (SUSPENDED)
    ✓ restore: back to ACTIVE on the server
    ✓ the first administrator chosen in the dialog is TENANT_ADMIN on the server, with name and email metadata
    ✓ the member row shows the person's NAME from the member metadata (no extra lookup)
    ✓ demoting the ONLY TENANT_ADMIN is explained in words and nothing changed on the server
    ✓ the server enforces it too (409 LAST_TENANT_ADMIN)
    ✓ a brand-new tenant has no candidates (the directory is tenant-scoped, never global) and the picker says so
    ✓ even a SYSTEM_ADMIN cannot add an unrelated account to a tenant (404 USER_NOT_FOUND): no global directory
    ✓ workspace page (SYSTEM_ADMIN): the member panel says the platform admin does not manage workspace members, and there is NO add-member form (the server lists no MEMBER_MANAGE for it)
    ✓ [api] …and the server agrees: SYSTEM_ADMIN is refused the member list and the add (403)
    ✓ the audit page lists the tenant events just made (TENANT_CREATED / TENANT_STATUS_CHANGED / TENANT_MEMBER_SET)
    ✓ the system-health page loads without an error state
    ✓ a workspace member with no platform scope is sent to /auth/no-access, never to a platform screen
    ✓ cleanup: the tenant is marked DELETED
    ✓ no unexpected 4xx/5xx from the portal's own calls (the deliberate refusals excepted)
    ✓ no unhandled page errors

E2E-AD01 — Admin portal, tenant admin: own company + members, no system-admin screens, rules explained, refused by the API as well
    ✓ [api] /auth/me of the tenant admin lists the tenant with role TENANT_ADMIN and is NOT platform scope
    ✓ login through the Admin portal lands inside /admin (a tenant admin is NOT refused)
    ✓ navigation = Tổng quan + Công ty của tôi (+ the sections still waiting for a backend); NO Người dùng, Nhật ký kiểm toán, AI…
    ✓ the landing page lists the tenant this person administers (no system overview, no 403 from /admin/overview)
    ✓ Công ty của tôi shows the tenant, ACTIVE, with its member list from the API
    ✓ the person's own row is named (from the session), marked 'bạn', and its role / remove controls are disabled (no self-change)
    ✓ a tenant admin gets NO suspend / delete buttons (platform operations)
    ✓ the add form is real: a search box and a candidate list (empty here: this fresh tenant has no workspace and no former member) — not a 'cannot look people up' notice
    ✓ a 1-character search is not sent (the server would answer 400 QUERY_TOO_SHORT): the form asks for 2
    ✓ [api] the same person is refused the system-wide user list (403 ADMIN_REQUIRED)
    ✓ [api] …but allowed to read the members of THEIR tenant (TENANT_MEMBERS), each row with userId, username, displayName, email, role, active
    ✓ [api] …and refused to suspend it (platform only: 403)
    ✓ [api] …and refused the members of another tenant (403/404, no list)
    ✓ typing a system-only URL shows 'chỉ dành cho quản trị hệ thống' and makes NO call to /admin/users
    ✓ Workspace của tôi: this account administers no workspace, so the page says so (no empty fake table)
    ✓ a workspace viewer is sent to /auth/no-access by the Admin portal
    ✓ cleanup: the fixture tenant is marked DELETED
    ✓ no unhandled page errors

E2E-AD02 — Admin portal, workspace admin: 'Workspace của tôi' opens on MEMBER_MANAGE (not on a role name), members add / re-role / remove, rules, isolation, negative roles
    ✓ [api] /auth/me: the workspace admin's workspace lists MEMBER_MANAGE (and DATA_SOURCE_MANAGE)
    ✓ [api] a workspace viewer: /auth/me does NOT list MEMBER_MANAGE
    ✓ [api] …and the server refuses their member list (403/404) — the backend re-checks
    ✓ a workspace viewer is refused by the Admin portal (/auth/no-access) — not offered 'Workspace của tôi'
    ✓ [api] a workspace editor: /auth/me does NOT list MEMBER_MANAGE
    ✓ [api] …and the server refuses their member list (403/404) — the backend re-checks
    ✓ a workspace editor is refused by the Admin portal (/auth/no-access) — not offered 'Workspace của tôi'
    ✓ [api] a workspace publisher: /auth/me does NOT list MEMBER_MANAGE
    ✓ [api] …and the server refuses their member list (403/404) — the backend re-checks
    ✓ a workspace publisher is refused by the Admin portal (/auth/no-access) — not offered 'Workspace của tôi'
    ✓ a WORKSPACE_ADMIN logs in through the Admin portal and is not refused
    ✓ navigation = Tổng quan + Workspace của tôi + Nguồn dữ liệu; no Người dùng / Nhật ký kiểm toán / Công ty của tôi
    ✓ the member table is the REAL list of workspace A (adminA, viewerA, lonelyA)
    ✓ own row: role and remove are disabled (no self-change)
    ✓ an unknown username is refused by the server and said in words (nothing added)
    ✓ add by username as Người xem: the server lists adminB as VIEWER of workspace A
    ✓ change the role to Biên tập viên: persisted
    ✓ [api] adding the same person twice is refused (409 ALREADY_MEMBER)
    ✓ [api] the server refuses self-change (403 SELF_GRANT_FORBIDDEN), as the UI did before the click
    ✓ remove: gone from the workspace on the server
    ✓ [api] adminA cannot read workspace B's members (403/404)
    ✓ the page offers no workspace picker with B (one workspace administered)
    ✓ Nguồn dữ liệu: the REAL panel of the workspace (catalogue / add form), not 'Chưa sẵn sàng'
    ✓ a system-only URL says 'chỉ dành cho quản trị hệ thống' and makes no call to /admin/users
    ✓ [api] …and the API refuses it too (403 ADMIN_REQUIRED)
    ✓ no unexpected 4xx/5xx from the portal's calls (deliberate refusals excepted)
    ✓ no unhandled page errors

E2E-AD03 — Tenant admin member directory: metadata, tenant-scoped candidates (search, limit, exclusions), add through the UI, isolation and rules
    ✓ [api] GET members: every row has userId, username, displayName, email, role, active
    ✓ [api] …and the metadata is right (adminA: its username and display name)
    ✓ [api] candidates: 200, a list of {userId, username, displayName, email}
    ✓ [api] a former member in a workspace of the tenant (adminB) IS a candidate
    ✓ [api] current members are not candidates (adminA)
    ✓ [api] a SYSTEM_ADMIN account (activated, enabled, a workspace member, former tenant member) is never a candidate
    ✓ [api] a non-activated account and a disabled account are not candidates
    ✓ [api] at most 50 results, sorted by username
    ✓ [api] search q finds adminB by part of the username and only matching people
    ✓ [api] a 1-character search is refused (400 QUERY_TOO_SHORT)
    ✓ [api] a search with no match is an empty list
    ✓ [fact] 'a user known only to ANOTHER tenant is invisible' cannot be built through the public API; it is C1's backend test TenantMemberDirectoryTests
    ✓ Công ty của tôi: the member rows show names and emails from the member metadata
    ✓ typing the search shows adminB (name · email) in the candidate list, and not the SYSTEM_ADMIN / disabled / non-activated accounts
    ✓ add candidate: the server lists adminB as an active MEMBER, with metadata
    ✓ the member appears in the table with his name
    ✓ the candidate disappears after the add (API and picker)
    ✓ [api] a guessed foreign UUID → 404 USER_NOT_FOUND
    ✓ [api] adding that SYSTEM_ADMIN account by id → 404 (not eligible, no oracle)
    ✓ [api] a non-activated account cannot be added by id (404); a RELATED but disabled account is refused with its own code (422 USER_DISABLED, C1 cf0c962)
    ✓ [api] a caller from ANOTHER tenant gets 404 for members, candidates and add
    ✓ [api] changing your own tenant role → 403 SELF_GRANT_FORBIDDEN
    ✓ no unexpected 4xx/5xx from the portal's calls
    ✓ no unhandled page errors

E2E-SUPER01 — SYSTEM_ADMIN (Platform) → create tenant admin of a new tenant (+ workspace) → activation link → activate → login Admin portal
    ✓ [api] SYSTEM_ADMIN creates a NEW tenant (201, no first admin yet)
    ✓ [api] …and a workspace OF THAT TENANT through the tenant route (201, tenantId explicit)
    ✓ the SYSTEM_ADMIN logs in through the Platform portal
    ✓ the dialog: four sections, a tenant selector, NO not-ready notice, NO SYSTEM_ADMIN type
    ✓ the workspace of the chosen tenant is offered (optional; assigned here)
    ✓ POST /admin/tenants/{tenantId}/users → 201; the tenant is the PATH, never in the body; tenantRole TENANT_ADMIN; workspaceId + workspaceRole together; no password
    ✓ the activation link is shown once in the dialog (/auth/activate#token); no password anywhere
    ✓ after 'Xong' the token is gone: not in the summary, the URL, localStorage or sessionStorage
    ✓ the summary: Chờ kích hoạt, the company AND its role already assigned, the workspace; the only next step is the person's activation
    ✓ [api] the server lists the account as TENANT_ADMIN of the new tenant (already, before activation)
    ✓ CSRF + body: the create-account request carries X-XSRF-TOKEN and its body has no tenant / tenantId; no browser request to the legacy workspace route
    ✓ [api] the same username again is refused: 409 USERNAME_TAKEN
    ✓ the new admin activates through the REAL activation page
    ✓ [api] after activation /auth/me lists the chosen workspace with MEMBER_MANAGE (WORKSPACE_ADMIN, from the server) and the tenant TENANT_MEMBERS
    ✓ …and logs in through the ADMIN portal: not refused
    ✓ …sees Công ty của tôi and Người dùng, not the system-wide sections
    ✓ no unexpected 4xx/5xx from the portal's calls
    ✓ no unhandled page errors

E2E-ADMIN01 — Tenant admin (Admin portal) → Người dùng → create workspace admin + app creator by invitation → activation → the creator can sign in
    ✓ the tenant admin logs in through the ADMIN portal
    ✓ navigation has Người dùng and Công ty của tôi
    ✓ Người dùng: the tenant is the SESSION's (read-only), the create action is enabled, no not-ready notice
    ✓ the dialog: NO tenant selector (fixed, read-only tenant), the types never include SYSTEM_ADMIN (tenant admin may be offered)
    ✓ the workspace is created through the TENANT route (POST /admin/tenants/{tenant}/workspaces → 201, tenantId = the session's tenant) — never the legacy POST /admin/workspaces
    ✓ the workspace request body is exactly {name}: the tenant id is the PATH only, never repeated in the body
    ✓ POST /admin/tenants/{tenant}/users → 201 with tenantRole MEMBER, that workspace and WORKSPACE_ADMIN together; the tenant only in the path
    ✓ the activation link is shown once (/auth/activate#token)
    ✓ the summary shows account, Chờ kích hoạt, the company and the workspace with its role; the token is gone from the page
    ✓ the workspace admin activates through the REAL activation page
    ✓ [api] the workspace admin signs in; /auth/me lists the new workspace with MEMBER_MANAGE (server permission, not a role name)
    ✓ [observed] is the workspace the tenant admin just created offered to it for the next account? (H-C1-16: a tenant admin is not a member of it; /auth/me lists member workspaces only)
    ✓ the app creator is created (201): MEMBER, email as given, workspace + role together or none
    ✓ the app creator activates through the REAL activation page
    ✓ workspace assignment of an EXISTING tenant member is the WORKSPACE ADMIN's action: POST /workspaces/{w}/members → 201
    ✓ [api] the app creator signs in with the chosen password; /auth/me lists the workspace and no MEMBER_MANAGE / TENANT_*
    ✓ the app creator is NOT admitted to the Admin portal (no admin capability from the server)
    ✓ LEGACY ROUTE: 0 browser requests to POST /api/v1/admin/workspaces in the whole tenant-admin flow; the workspace went to POST /api/v1/admin/tenants/{tenantId}/workspaces
    ✓ CSRF: every mutating admin request the UI sent carries the X-XSRF-TOKEN header
    ✓ no tenantId / tenant in any body the UI sent to a tenant route
    ✓ no unexpected 4xx/5xx from the portal's calls
    ✓ no unhandled page errors

E2E-USER01 — App creator (EDITOR, made by the tenant admin): Studio login → project visible → edit / save / reload → permissions are the role's
    ✓ [api] the workspace admin creates a project in the new workspace (201)
    ✓ [api] …and adds the creator to the project as EDITOR (member route)
    ✓ [api] the creator's resolved project permissions include APP_EDIT and NOT APP_PUBLISH
    ✓ [api] …and no MEMBER_MANAGE: /auth/me lists none in the workspace
    ✓ [api] an edit by the creator is accepted (200)
    ✓ after a reload the edit is still there (persisted)
    ✓ [api] publishing is refused for the creator (403): the role is the role
    ✓ no unhandled page errors
    ⛔ BLOCKED (C1 · H-C1-04): the Studio portal refuses this creator at login (/auth/no-access) although /auth/me lists the workspace with []. The API side of the same account works (project APIs, edit, persist, no publish). H-C1-04 (still open).

E2E-SEC01 — SEC01 tenant admin cannot create SYSTEM_ADMIN · SEC02 cross-tenant is a safe 404 · SEC03 workspace admin cannot escalate
    ✓ SEC01 [api] tenantRole SYSTEM_ADMIN is refused (400 TENANT_ROLE_INVALID)
    ✓ SEC01 [api] unknown fields (systemAdmin, platformScope, role) never take effect: the account is a plain, non-admin MEMBER
    ✓ SEC01 [api] the legacy platform route is closed to a tenant admin (403 ADMIN_REQUIRED)
    ✓ SEC01 [api] …cannot grant SYSTEM_ADMIN to anyone nor to itself (403)
    ✓ SEC01 [api] nobody became a SYSTEM_ADMIN
    ✓ SEC01 [api] the tenant admin's /auth/me carries no platform scope
    ✓ SEC02 [api] tenant A's admin gets 404 TENANT_NOT_FOUND on every tenant-B route (create user, create workspace, members, candidates, add self, re-role, remove, read)
    ✓ SEC02 [api] …and the refused create left nothing behind (no account named like it)
    ✓ SEC02 [api] a workspace of ANOTHER tenant in my tenant's create → 404 WORKSPACE_NOT_FOUND, and no account is created
    ✓ SEC02 [api] …and the other way round (B's admin on tenant A): 404
    ✓ SEC02 [api] neither tenant admin can list the system-wide users or workspaces (403)
    ✓ SEC02 [api] each tenant's member list holds only its own people
    ✓ SEC03 [api] a workspace admin cannot call the tenant routes (create user / workspace, candidates, members, make itself tenant admin) → 403, nor platform routes (legacy create, system-admin, new tenant, suspend)
    ✓ SEC03 [api] …with the codes of the contract (FORBIDDEN on tenant routes, ADMIN_REQUIRED on platform routes)
    ✓ SEC03 [api] …cannot change its own workspace role (403 SELF_GRANT_FORBIDDEN)
    ✓ SEC03 [api] …cannot read, nor add itself to, a workspace of another tenant (403/404)
    ✓ SEC03 [api] …cannot pull a person of ANOTHER tenant into its workspace (404 USER_NOT_FOUND)
    ✓ SEC03 [api] nothing changed: still a plain tenant MEMBER, not a SYSTEM_ADMIN, the tenant still ACTIVE
    ✓ 401 [api] an unauthenticated caller (valid CSRF, no session) is refused on create user / create workspace / list members: 401
    ✓ 401 [api] …and nothing was created (no account named like it)
    ✓ CSRF [api] an authenticated mutating request WITHOUT the CSRF header, or with a wrong one, is refused (403) and does nothing
    ✓ CSRF [api] the same request WITH the session's CSRF token succeeds (201): the refusal above was the missing token, not the route
    ✓ body injection [api] a foreign tenant id in the BODY (tenantId / tenant) is ignored: the path is the authority — the account is a member of tenant A, not of B
    ✓ body injection [api] …and a workspace created with a foreign tenantId in the body belongs to tenant A (the path)

E2E-S7 — (supplementary) Publish interrupted by a backend outage: no fake success, UI ends on the server's truth
    ✓ POST …/publish accepted (2xx) with a deployment id before the outage
    ✓ while the backend is down the UI never claims the site is up
    ✓ no request storm while polling against a dead backend (< 40 API calls in the outage window)
    ✓ the API answers again after the start hook
    ✓ the deployment reaches a terminal state on the server after recovery (RUNNING or FAILED; never stuck)
    ✓ the outage created exactly ONE new deployment (the one this publish returned; no duplicate)
    ✓ no unhandled page errors other than the expected network failures
  [cleanup] cleanup notes: left behind (no delete route): workspaces d8347150-0402-4bed-a66b-d54debd8ccb7, b0b898f6-7311-4031-8891-664dbb23da71, f7359193-aebd-46de-8235-1731d68edb9f, e74a05a0-ba71-4874-b1f5-7630424d0d36, c8d9f627-838b-4fc2-b923-84b2683b161b, a841342b-68b4-42f9-becd-df6852c97256, 8a4b3ac0-0260-4803-a4ce-6e8a181de6d6 named e2e-muytyo4y-*

| ID | Status | Owner | Detail |
|---|---|---|---|
| E2E-PL01 | PASS |  |  |
| E2E-AD01 | PASS |  |  |
| E2E-AD02 | PASS |  |  |
| E2E-AD03 | PASS |  |  |
| E2E-SUPER01 | PASS |  |  |
| E2E-ADMIN01 | PASS |  |  |
| E2E-USER01 | BLOCKED | C1 | the Studio portal refuses this creator at login (/auth/no-access) although /auth/me lists the workspace with []. The API side of the same account works (project APIs, edit, persist, no publish). H-C1- |
| E2E-SEC01 | PASS |  |  |
| E2E-S7 | PASS |  |  |

REAL BACKEND: PASS 8/9 · FAIL 0/9 · BLOCKED 1/9 · SKIP 0/9
report: /Users/hoangluan/code/xweb-c6/docs/parallel/c6/evidence/rc-62ce9697cd56/e2e-real-s7-order/report-2026-10-08T01-03-51-515Z.json
evidence: /Users/hoangluan/code/xweb-c6/docs/parallel/c6/evidence/rc-62ce9697cd56/e2e-real-s7-order/evidence-2026-10-08T01-03-51-516Z.txt
