
> system-web-studio@0.2.0 test:e2e:real
> node tests/e2e-real/run.mjs

REAL BACKEND suite · studio=http://127.0.0.1:3403 · run=muyu594n · 2 flow(s)
  [fixture] workspace A created
  [fixture] workspace B created
  [fixture] user adminA (WORKSPACE_ADMIN) ready
  [fixture] user adminB (WORKSPACE_ADMIN) ready
  [fixture] user viewerA (VIEWER) ready
  [fixture] user lonelyA (VIEWER) ready
  [probe] queries route → 404 QUERY_NOT_FOUND · actions route → 404 UNKNOWN_ACTION  (404 without a code = flag off)

E2E-07 — TEST-binding query runs and shows results
    ✓ the pre-seeded query is listed in the Test panel
    ✓ the real backend answered with rows (outcome SUCCESS from the server)
    ✓ a result table is rendered
    ✓ an independent API call returns 200 with the same query
    ✓ UI row count equals the server's
    ✓ no unhandled page errors

E2E-08 — LIVE-binding query runs and shows results
    ✓ (evidence) LIVE run answers 200 or a documented 404/422/503 — never 500
    ⛔ BLOCKED (C0 · B-C5-06 + H-C2-04 + H-C2-02 + H-C0-07): LIVE needs (1) a RUNNING deployment and a published host that serves the Data API: C0 states there is no public DataGateway route and no published data host, and the runtime config that would carry its address is undecided (C0 `__factory/config.json` apiBase, served for code apps/previews only, vs C2 `/runtime-config.json` DATA_API_BASE_URL); (2) a declared slot (C2 H-C2-02); (3) a source the gateway may reach (H-C0-07). Studio's Test panel is TEST-only by design. [published host: E2E_PUBLIC_BASE not set — no published host to askGET /__factory/config.json → 404GET /runtime-config.json → 404]
  [cleanup] cleanup notes: left behind (no delete route): workspaces ef7742ef-4ffc-478c-a762-a7f9b091a2d7, e6acd068-2fda-4868-b686-eb7e1cad7c46 named e2e-muyu594n-*

| ID | Status | Owner | Detail |
|---|---|---|---|
| E2E-07 | PASS |  |  |
| E2E-08 | BLOCKED | C0 | LIVE needs (1) a RUNNING deployment and a published host that serves the Data API: C0 states there is no public DataGateway route and no published data host, and the runtime config that would carry it |

REAL BACKEND: PASS 1/2 · FAIL 0/2 · BLOCKED 1/2 · SKIP 0/2
report: /Users/hoangluan/code/xweb-c6/docs/parallel/c6/evidence/rc-62ce9697cd56/e2e-real-data-flows/report-2026-10-08T01-06-12-336Z.json
evidence: /Users/hoangluan/code/xweb-c6/docs/parallel/c6/evidence/rc-62ce9697cd56/e2e-real-data-flows/evidence-2026-10-08T01-06-12-337Z.txt
