
> system-web-studio@0.2.0 test:e2e:real
> node tests/e2e-real/run.mjs

REAL BACKEND suite · studio=http://127.0.0.1:3403 · run=muyrss0k · 42 flow(s)
  [fixture] workspace A created
  [fixture] workspace B created
  [fixture] user adminA (WORKSPACE_ADMIN) ready
  [fixture] user adminB (WORKSPACE_ADMIN) ready
  [fixture] user viewerA (VIEWER) ready
  [fixture] user lonelyA (VIEWER) ready
  [probe] queries route → 404 QUERY_NOT_FOUND · actions route → 404 UNKNOWN_ACTION  (404 without a code = flag off)

E2E-01 — Load project/page from the real backend
    ✓ GET …/projects/{id}/schema answered 200 by the real backend
    ✓ the Builder canvas rendered (preview iframe present)
    ✓ the project name stored in the backend is on screen
    ✓ the canvas shows the persisted first section (page content comes from the server, not a fixture in the browser)
    ✓ no unhandled page errors / serious console errors

E2E-02 — Edit component/page → save → reload → persists
    ✓ clicking a section on the canvas opens its properties
    ✓ PATCH …/schema answered 200 by the real backend
    ✓ the top bar says saved
    ✓ server revision increased
    ✓ the new text is in the persisted schema (read back through a separate session)
    ✓ after a full reload the canvas shows the saved text
    ✓ a new version row exists for the edit
    ✓ no unhandled page errors / serious console errors

E2E-03 — Workspace isolation A/B
    ✓ adminA: the project list shows their own project
    ✓ adminA: the project list does NOT show the other workspace's project
    ✓ adminA: no unhandled page errors
    ✓ adminB: the project list shows their own project
    ✓ adminB: the project list does NOT show the other workspace's project
    ✓ adminB: no unhandled page errors
    ✓ B reads A's project by id → 404 (existence not disclosed)
    ✓ the 404 body does not carry A's data
    ✓ B lists A's workspace → refused (403/404), no rows
    ✓ B cannot write into A's project (403/404)
    ✓ A's project revision is unchanged by the attempts
    ✓ A reads B's project through B's workspace → 404
    ✓ a project id of B under A's workspace path → 404 (no cross-workspace lookup)

E2E-04 — Authorized user reaches a valid Studio resource (permission-driven)
    ✓ adminA: the server resolves APP_VIEW and APP_EDIT for the project
    ✓ adminA: after login the Studio shell is reachable (not /auth/no-access)
    ✓ adminA: direct URL → schema 200 and the Builder canvas
    ✓ adminA: the editor is NOT read-only (no read-only notice)
    ✓ adminA: refresh keeps the project open
    ✓ adminA: no unhandled page errors
    ✓ viewerA: GET …/projects/{p} resolves APP_VIEW (contract: a VIEWER holds APP_VIEW) — canonical or its storage alias
    ✓ viewerA: …and does not resolve APP_EDIT / APP_PUBLISH / DATA_SOURCE_MANAGE
    ✓ viewerA: the API lets them READ the schema (200)
    ✓ viewerA: the refusal page shows no project data
    ✓ lonelyA: no APP_VIEW is resolved anywhere (/auth/me, project payload)
    ✓ lonelyA: after login the person is sent to /auth/no-access
    ✓ lonelyA: a direct project URL also ends on /auth/no-access (no Builder)
    ✓ lonelyA: no project name or description on screen or in any API answer
    ✓ lonelyA: no unhandled page errors
    ✗ CONTRACT MISMATCH — expected: VIEWER resolved permissions include APP_VIEW, so the Studio portal opens read-only; actual: GET /auth/me → permissions=[], workspaces[].permissions=[]; GET …/projects/{p} → permissions=["APP_USE","PROJECT_READ"] (PROJECT_READ is the storage name of APP_VIEW); impact: the Studio gate (reads /auth/me) redirects the VIEWER to /auth/no-access; /auth/me lists WORKSPACE-level codes only, so any person whose rights come from a PROJECT membership (VIEWER, EDITOR, PUBLISHER) is refused  (owner C1 · H-C1-04)

E2E-05 — Forbidden path: same scope + missing permission → 403, foreign scope → 404, UI state ≠ enforcement
    ✓ viewerA resolved set (evidence): no APP_EDIT / APP_PUBLISH / DATA_SOURCE_MANAGE / WORKFLOW_EXECUTE / ACTION_EXECUTE
    ✓ same scope, missing permission: PATCH schema (valid ADD_ACTION operation) → 403
    ✓ same scope, missing permission: POST publish (APP_PUBLISH) → 403
    ✓ same scope, missing permission: POST TEST action execute (APP_USE + ACTION_EXECUTE + APP_EDIT) → 403
    ✓ same scope, missing permission: POST TEST workflow start (APP_USE + WORKFLOW_EXECUTE + APP_EDIT) → 403
    ✓ same scope, missing permission: POST data source create (DATA_SOURCE_MANAGE) → 403
    ✓ foreign scope (another workspace's admin): PATCH schema (valid ADD_ACTION operation) → 404
    ✓ foreign scope (another workspace's admin): POST publish (APP_PUBLISH) → 404
    ✓ foreign scope (another workspace's admin): POST TEST action execute (APP_USE + ACTION_EXECUTE + APP_EDIT) → 404
    ✓ foreign scope (another workspace's admin): POST TEST workflow start (APP_USE + WORKFLOW_EXECUTE + APP_EDIT) → 404
    ✓ foreign scope (another workspace's admin): POST data source create (DATA_SOURCE_MANAGE) → 404
    ✓ foreign and unknown projects answer identically (no existence oracle)
    ✓ A's revision is unchanged by every forged write
    ✓ no deployment was created by the forged publishes
    ✓ no data source was created by the forged requests
    ✓ foreign person: no Builder canvas
    ✓ foreign person: the page says something went wrong / not found (not a blank screen)
    ✓ foreign person: A's project name / description are nowhere on screen or in any API answer
    ✓ foreign person: no unhandled page errors
    ✗ CONTRACT MISMATCH — expected: VIEWER resolved permissions include APP_VIEW, so Studio opens read-only and the UI permission state can be compared with the forged-call denials; actual: GET /auth/me → permissions=[], workspaces[].permissions=[]; GET …/projects/{p} → permissions=["APP_USE","PROJECT_READ"]; impact: Studio redirects the VIEWER to /auth/no-access, so the UI half of 'UI permission state ≠ enforcement' cannot be observed for an in-scope person without permissions. The API half PASSED above (403 same scope, 404 foreign scope).  (owner C1 · H-C1-04)

E2E-06 — Configure DataSource (+ Query) and query via the real backend
    ✓ [api] connector catalogue answers 200 with items
    ✓ [api] postgres is AVAILABLE and the planned connectors are not
    ✓ [api] create → 201 with a DataSourceView
    ✓ [api] the view says a credential exists but carries no secret and no credential reference
    ✓ [api] credential metadata: configured + key NAMES only, no values
    ✓ [api] a second source with the same name (case-insensitive) → 409 CONFLICT
    ✓ [api] a secret-looking key in config → 400 INVALID_*
    ✓ [api] an identity field in the body (tenantId) → 400 INVALID_PARAMS
    ✓ [api] a PLANNED connector (csv) → 501 NOT_IMPLEMENTED
    ✓ [api] an unknown connector type → 422 UNSUPPORTED_TYPE
    ✓ [api] isolation: workspace B's admin cannot read A's source by id (404 NOT_FOUND)
    ✓ [api] isolation: 'foreign' and 'unknown' answer IDENTICALLY (no existence oracle)
    ✓ [api] isolation: B's admin listing A's workspace is refused (403/404), no items
    ✓ [api] permission: a VIEWER cannot create (403 PERMISSION_DENIED)
    ✓ [api] permission: a VIEWER cannot change a source, and nothing changed
    ✓ [api] permission: a VIEWER's read is 200 or 403, never 5xx, and never shows a secret
    ✓ [api] test connection of an unreachable host → HTTP 200 with ok:false and a documented code
    ✓ [api] the failure text does not leak the credential
    ✓ [api] a DISABLED source cannot be tested: 409 DISABLED
    ✓ [api] bind TEST → 200 with the binding
    ✓ [api] the binding list contains it, mode normalised
    ✓ [api] permission: a project VIEWER cannot list/alter bindings (403)
    ✓ [api] deleting a BOUND source → 409 CONFLICT and it still exists
    ✓ [api] list definitions → 200 {items:[]}
    ✓ [api] create a query definition → 201 with its id
    ✓ [api] read it back (200, same id)
    ✓ [api] a definition the gateway would refuse is refused at write time (400 INVALID_QUERY)
    ✓ [api] an authority key in the body → 400 INVALID_PARAMS
    ✓ [api] a mutation against a source that is not writable → 422 READ_ONLY_VIOLATION
    ✓ [api] isolation: workspace B cannot read A's definition (404)
    ✓ [api] permission: a VIEWER cannot create a definition (403)
    ✓ [api] delete the definition → 204
    ✓ [ui] the Builder opens by direct URL
    ✓ [ui] the Data panel shows the source-management panel (not 'Chưa sẵn sàng')
    ✓ [ui] the new source is listed
    ✓ [ui] credential: 'Đã cấu hình' with key names and no value
    ✓ [ui] no password field is prefilled and no secret is anywhere in the DOM
    ✓ [ui] test connection: the real failure is shown as FAILED with its code
    ✓ [ui] the failure text shows no secret
    ✓ [ui] the existing TEST binding's slot is not invented by the UI (the document declares no slots)
    ✓ [ui] no unhandled page errors
    ✓ [backend] browsing and testing changed nothing: still ACTIVE, version unchanged
    ⛔ BLOCKED (C2 · H-C2-02 + H-C0-07): Source, credential, test-connection, binding AND query/mutation definition management exist on integration/v2 (C3, management-api.md) and are exercised above, but a project cannot USE them: the AppDefinition has no operation to declare a data slot (dataSources[] is "granted, not created", C2 H-C2-02), and a local stack has no reachable source (the SSRF guard refuses loopback/private addresses; the connection test can only succeed against a public host). Use E2E-07 with an operator-seeded project for the query.

E2E-07 — TEST-binding query runs and shows results
    ⛔ BLOCKED (C3 · H-C2-02 + H-C0-07): Sources, TEST bindings and query definitions can be created over HTTP (management-api.md §3.5/§3.6), but (1) the document cannot declare the data slot a binding names (C2 H-C2-02) and (2) a local stack has no source the gateway may reach (public address required, H-C0-07). Set E2E_DATA_WORKSPACE_ID, E2E_DATA_PROJECT_ID, E2E_DATA_QUERY_ID, E2E_DATA_USER, E2E_DATA_PASSWORD for a project the operator seeded (source + slot + TEST binding + query; user needs PROJECT_EDIT + QUERY_EXECUTE).

E2E-08 — LIVE-binding query runs and shows results
    ⛔ BLOCKED (C0 · B-C5-06 + H-C2-04 + H-C2-02 + H-C0-07): LIVE needs (1) a RUNNING deployment and a published host that serves the Data API: C0 states there is no public DataGateway route and no published data host, and the runtime config that would carry its address is undecided (C0 `__factory/config.json` apiBase, served for code apps/previews only, vs C2 `/runtime-config.json` DATA_API_BASE_URL); (2) a declared slot (C2 H-C2-02); (3) a source the gateway may reach (H-C0-07). Studio's Test panel is TEST-only by design. [published host: E2E_PUBLIC_BASE not set — no published host to ask]

E2E-09 — Mutation/action success with a real side effect and correct UI
    ⛔ BLOCKED (C3 · H-C2-02 + H-C0-07 + B-C5-06): A LIVE data mutation needs a declared slot (no op: C2 H-C2-02), a LIVE binding to a WRITABLE source the gateway may reach (the writable PostgreSQL connector and mutation definitions exist on integration/v2, but a local stack cannot reach a source: public address required, H-C0-07) and a published app (no data host, B-C5-06). TEST mode never writes (WOULD_RUN) — covered by E2E-S1. The client rule is tested at unit level: an ambiguous mutation is IDEMPOTENCY_OUTCOME_UNKNOWN, never retried, never shown as success.

E2E-S1 — (supplementary) TEST-mode action answers WOULD_RUN from the real backend
    ✓ the browser called POST …/app-runtime/actions/{id}/execute
    ✓ the request body only carries contract fields (mode TEST, idempotencyKey)
    ✓ the server answered 200 with status WOULD_RUN
    ✓ the UI shows 'would run', NOT success
    ✓ no SUCCESS state is shown in the row
    ✓ no unhandled page errors

E2E-10 — Mutation/action failure: real backend error, UI error state, no fake success
    ✓ the action is listed and runnable for a workspace admin
    ✓ (setup) the action was removed on the server
    ✓ the UI shows an ERROR state for the real backend failure
    ✓ the message says the item was not found, in plain language (no raw status line)
    ✓ NO success is displayed anywhere in the row
    ✓ the run button is usable again (not stuck in 'Đang chạy…')
    ✓ no unhandled page errors

E2E-11 — Workflow start from Studio, backend executes, UI reads state/result
    ✓ the workflow is listed and startable for a workspace admin
    ✓ POST …/workflows/{id}/runs answered 202 with a run id
    ✓ the start request carried an idempotencyKey (required by the contract)
    ✓ the UI shows the run id and a status read from the server
    ✓ the run finished as a simulated (TEST) run: 'would run', not a real success
    ✓ the run view read through a separate session agrees (terminal status)
    ✓ the run belongs to the TEST mode
    ✓ no unhandled page errors

E2E-12 — Durable workflow: restart the backend while a LIVE run is in flight, state recovers
    ✓ (setup) wait-workflow added
    ✓ (setup) publish accepted (2xx) with a deployment id
    ✓ the LIVE run was accepted (202) before the restart
    ✓ PRECONDITION the run is still IN FLIGHT when the backend is restarted (not terminal)
    ✓ the backend is reachable again after restart #1
    ✓ the same run id is still readable after restart #1 (not 404)
    ✓ restart #1 neither failed nor cancelled the run
    ✓ replaying the same idempotency key returns the SAME run id (no second run was created)
    ✓ the browser open across the restart reloads into the Builder or the login page (never a blank/hung page)
    ✓ the run completes with SUCCEEDED after the restart
    ✓ the final state is stable (same status on two later reads)
    ✓ the backend is reachable again after restart #2
    ✓ after restart #2 the terminal run keeps its id and its final status
    ✓ after restart #2 the same key still resolves to the same run (no new run)
    ✓ no unhandled page errors other than the expected network failures

E2E-13 — Publish → real artifact/runtime state → public page reachable
    ✓ POST …/publish accepted by the backend (2xx) with a deployment id
    ✓ the publish request carried an Idempotency-Key
    ✓ the dialog reports the site is up (RUNNING)
    ✓ the deployment is RUNNING on the server
    ✓ the deployment has a URL
    ✓ anonymous visitor: the public page answers 200
    ✓ the published page is the saved content (contains the text saved in E2E-02 — compared case-insensitively, the eyebrow is rendered with CSS uppercase — or is non-empty)
    ✓ no Studio chrome leaks into the public page
    ✓ anonymous visitor: reloading the public URL answers 200 again with the same saved content
    ✓ no sub-resource of the public page answers 4xx/5xx
    ✓ the page is served with an explicit Cache-Control that forces revalidation (visibility changes and rollbacks must apply at once)
    [fact] conditional GET with the page's ETag → 200
    ✓ after the visitor's reload the deployment is still RUNNING on the server
    [fact] published site GET __factory/config.json → 404
    [fact] published site GET runtime-config.json → 404
    ✓ no unhandled page errors in Studio

E2E-14 — RabbitMQ (or another dependency) down → correct failure → recovery/retry
    ⛔ BLOCKED (C4 · H-C4-02): No RabbitMQ workflow queue is selectable on integration/v2: the AMQP adapter and the app.workflow.queue=memory|amqp selection exist only on agent/c4-workflow (5712ac5, 7e3c7c3), unintegrated and, by C4's own commit message, never run with Gradle or a real broker. Run stores are durable (V29), but there is no dependency whose outage can change a workflow start. Set E2E_RABBITMQ_WIRED=1 only for a stack that has the queue adapter.

E2E-S2 — (supplementary) Save fails offline, retry after reconnect saves exactly once
    ✓ clicking a section on the canvas opens its properties
    ✓ the top bar says the save failed
    ✓ a retry button is offered
    ✓ Publish is disabled while an edit is unsaved
    ✓ the retry reached the real backend and was accepted (200)
    ✓ the top bar says saved again and the retry button is gone
    ✓ the edit is persisted
    ✓ exactly ONE revision was added (the failed attempt never reached the server; no double apply)
    ✓ no unhandled page errors

E2E-S3 — (supplementary) Action without a trigger: button disabled with a reason, no request sent
    ✓ (setup) an action without a trigger was added
    ✓ the server refuses it as 404 UNKNOWN_ACTION (why the UI must not offer it)
    ✓ the row says why it cannot be run (no UI event: only a workflow or another action can start it)
    ✓ the 'Chạy thử' button is disabled and carries the reason as its title
    ✓ NO execute request was sent for it
    ✓ control: the action that DOES declare a trigger is runnable
    ✓ no unhandled page errors

E2E-S4 — (supplementary) Workflow start: one run per double click, bounded polling, no request storm
    ✓ a double click sent exactly ONE start request (POST …/workflows/{id}/runs)
    ✓ the UI shows ONE run id and its status
    ✓ the server knows that run and it is terminal (TEST runs simulate every step)
    ✓ the outcome is a simulated run, not a success
    ✓ no polling after the run is terminal (0 status requests in 4 s)
    ✓ bounded polling: at most 5 status requests for one finished run
    ✓ no request storm: the whole panel interaction made fewer than 40 API calls
    ✓ the run button is usable again afterwards (lock released)
    ✓ no unhandled page errors

E2E-S5 — (supplementary) Save conflict: stale revision → 409, no fake 'saved', other editor's change kept
    ✓ clicking a section on the canvas opens its properties
    ✓ (setup) the other editor's save was accepted (200)
    ✓ the stale save is refused by the server with 409 (answered)
    ✓ the top bar does NOT say saved after a refused save
    ✓ the other editor's change is on the server and mine is not (no silent overwrite)
    ✓ the revision did not move because of the refused save
    ✓ the refused save was not retried in a loop (≤ 2 PATCH requests)
    ✓ no unhandled page errors

E2E-S8 — (supplementary) Failed workflow run: shown as failed, no fake success, polling stops
    ✓ (setup) the failing workflow was added (200)
    ✓ the UI shows the run as FAILED with its run id and the failing step
    ✓ no success is displayed anywhere in the row
    ✓ the server agrees: status FAILED with errorCode INVALID_DEFINITION
    ✓ no polling after the run failed (0 status requests in 4 s)
    ✓ the run button is usable again
    ✓ no unhandled page errors

E2E-S9 — (supplementary) Backend hangs: timeout shown, no fake saved, unknown outcome applied at most once
    ✓ clicking a section on the canvas opens its properties
    ✓ the top bar says the save FAILED once the client gave up (not before ~15 s, not never)
    ✓ a retry button is offered; Publish is disabled while the edit is unsaved
    ✓ no automatic retry loop while the backend hangs (≤ 1 save request)
    ✓ no request storm while the backend hangs (< 20 API calls)
    [fact] the timed-out save never reached the server (revision 9 → 9)
    ✓ the edit is applied AT MOST ONCE on the server (revision grew by 0 or 1 only when the marker is there)
    ✓ the UI says 'saved' only if the server has the edit
    ✓ after the retry the answer is explicit (200, or 409 when the first attempt had landed) — never silence
    ✓ after a browser refresh the canvas shows what the server has (the marker iff it is persisted)
    ✓ no unhandled page errors other than the expected timeout/network failures

E2E-P01 — Publish success: exact request, deployment polling, SiteInfo idle, pointerVersion observable but never sent
    ✓ before: SiteInfo has the contract shape (pointerVersion integer, operation key present and null = idle)
    ✓ POST …/publish answered 202 (asynchronous)
    ✓ the body is EXACTLY {visibility, expectedRevision}
    ✓ headers: Idempotency-Key in the contract format (8–120 of A-Za-z0-9_.:-) and X-XSRF-TOKEN
    ✓ the deployment has the documented key set (id, projectId, versionId, versionNumber, visibility, status, url, error, provider, createdAt, updatedAt, finishedAt, events, mock)
    ✓ the UI stopped on a TERMINAL status and shows success only for RUNNING
    ✓ the dialog reports the site is up with the deployment URL
    ✓ the server agrees: RUNNING, mock=false, provider static, finishedAt set
    ✓ SiteInfo: online, the new deployment is current, operation = null (idle)
    ✓ pointerVersion moved by exactly +1 with the pointer
    ✓ pointerVersion is shown to the user as observability only
    ✓ the browser NEVER sent pointerVersion, tenantId or an invented concurrency field on any release route
    ✓ polling stopped: no deployment status request after the terminal answer for 3 s
    ✓ no unhandled page errors

E2E-P02 — Concurrent publish on the same scope + idempotent replay
    ✓ both concurrent publishes are accepted (202) as two DIFFERENT deployments
    ✓ each ends RUNNING or FAILED [STALE_PUBLISH] — nothing stuck, no other failure
    ✓ at least one of them is RUNNING and it is the one the site now serves
    ✓ the site serves a RUNNING one of the two and is idle
    ✓ pointerVersion moved forward (by 1 per activation, so +1 or +2)
    ✓ same key + same payload → 202 with Idempotent-Replay: true and the ORIGINAL deployment id
    ✓ a NEW key with the same payload is a NEW deployment (not a replay)

E2E-P03 — Rollback success: exact request, 200 + SiteInfo, rolled-away release is ROLLED_BACK, APP_PUBLISH, pointerVersion
    ✓ (setup) three RUNNING releases, the newest is active
    ✓ the older releases are offered for rollback; the one being served is not
    ✓ pending state is shown while the request is in flight (the button says it is working)
    ✓ POST …/site/rollback answered 200 (synchronous)
    ✓ the body is {deploymentId, expectedActiveDeploymentId} — the target and the release the UI saw as active — and nothing else
    ✓ Idempotency-Key (optional) is sent in the contract format; CSRF header present
    ✓ the answer is a SiteInfo whose current deployment is the target and whose operation is idle
    ✓ the UI says the release is served again only AFTER the 200 (final message names the version)
    ✓ server: the site serves the target and pointerVersion moved by exactly +1
    ✓ server: the release that was rolled away from is ROLLED_BACK (terminal); the others stay RUNNING
    ✓ a ROLLED_BACK release is not restorable: the server answers 400 DEPLOYMENT_NOT_RESTORABLE
    ✓ the UI no longer offers the ROLLED_BACK release
    ✓ the browser NEVER sent pointerVersion or an invented field
    ✓ permission: a project VIEWER forging the rollback is refused (403) — rollback needs APP_PUBLISH, not APP_EDIT
    ✓ permission: …and the same for unpublish (403)
    ✓ …which changed nothing
    ✓ no unhandled page errors

E2E-P06 — Rollback stale: 409 ROLLBACK_STALE, nothing changed, reload and decide again
    ✓ (setup) another session rolled back to B (200)
    ✓ the UI's rollback carried the release it saw as active (C) and the server answered 409 ROLLBACK_STALE
    ✓ …details carry the real active release and the expected one; no Retry-After (not retryable as is)
    ✓ UI: 'the active release changed — reload and decide again' (kind stale), says nothing was changed
    ✓ UI: NO blind retry button (not retryable as is); a reload action is offered
    ✓ server: nothing changed (still B, same pointerVersion)
    ✓ after the reload the served release is B and C (rolled away from) is no longer offered
    ✓ the decision taken on fresh state succeeds (200) with the NEW expectation (B)
    ✓ the new request used a NEW Idempotency-Key (the refused one was not replayed)
    ✓ API: unpublish expecting a release that is not active → 409 ROLLBACK_STALE, still online
    ✓ API: a target that is ALREADY active answers 200 even with a stale expectation (a retry that already succeeded), and changes nothing
    ✓ no unhandled page errors

E2E-P07 — Idempotency: replay, 409 IDEMPOTENCY_KEY_REUSED, and the UI's key lifecycle
    ✓ publish: same key + same payload → 202, Idempotent-Replay: true, the ORIGINAL deployment
    ✓ publish: same key + DIFFERENT payload → 409 IDEMPOTENCY_KEY_REUSED
    ✓ …the standard envelope without `retryable`, and the documented message
    ✓ a missing key is 400 MISSING_HEADER and a malformed one 400 INVALID_IDEMPOTENCY_KEY
    ✓ rollback: same key + same payload → both 200 and ONE effect (pointerVersion +1, not +2)
    ✓ rollback: same key + a DIFFERENT target → 409 IDEMPOTENCY_KEY_REUSED (judged before any eligibility check)
    ✓ unpublish: same key twice → both 200, pointerVersion unchanged by the second
    ✓ unpublish: same key + a different expectation → 409 IDEMPOTENCY_KEY_REUSED
    ✓ UI: after a finished publish the dialog offers 'Xuất bản lại' only for non-success outcomes (RUNNING offers Close)
    ✓ UI: two publishes with different payloads (PRIVATE then PUBLIC) used two DIFFERENT valid keys
    ✓ UI: neither was refused with IDEMPOTENCY_KEY_REUSED (a key per dialog would have been)
    ✓ no unhandled page errors

E2E-P09 — Unpublish: exact request, 200 + SiteInfo offline, idempotent when offline, stale expectation, operation=UNPUBLISH when observable
    ✓ API: unpublish expecting a release that is not the active one → 409 ROLLBACK_STALE, still online
    ✓ DELETE …/site answered 200
    ✓ NO body; the expectation is the query parameter expectedActiveDeploymentId = the release the UI saw as active
    ✓ Idempotency-Key (optional) sent in the contract format
    ✓ the answer: online=false, currentDeploymentId=null, slug kept, operation=null
    ✓ UI: says the page was taken down (after the 200)
    ✓ pointerVersion moved by exactly +1; deployments are KEPT (none deleted, statuses unchanged)
    ✓ the public URL no longer serves the site (404)
    ✓ unpublish when already offline → 200 and NOTHING is written (pointerVersion unchanged)
    ✓ UI: with the site offline the 'Gỡ trang xuống' button is not offered
    ✓ a rollback to a kept release serves the site again (200, online) with no rebuild
    [fact] SiteInfo.operation while unpublishing → not observed (the scope is held for an instant; the busy UI for UNPUBLISH is covered by the browser harness)
    ✓ the browser NEVER sent pointerVersion or an invented field
    ✓ no unhandled page errors

E2E-P04 — Scope busy: operation=PUBLISH, 409 SCOPE_BUSY + Retry-After 5, busy UI, retry after the scope is free
    ✓ the dialog opened on an idle scope: no busy banner, controls enabled
    ✓ (setup) a publish was accepted (202)
    ✓ SiteInfo.operation = PUBLISH with this deployment's id, since and leaseUntil
    ✓ the lease is in the future (a live operation, not an expired one)
    ✓ rollback while the PUBLISH holds the scope → 409 SCOPE_BUSY
    ✓ …with Retry-After: 5
    ✓ …the standard envelope (no `retryable` field) and the holder in details.operation
    ✓ unpublish while the PUBLISH holds the scope → 409 SCOPE_BUSY
    ✓ UI: the server's SCOPE_BUSY is shown (kind scope-busy) naming the running operation and the 5 s wait
    ✓ UI: a retry affordance exists and waits for Retry-After (disabled at first)
    ✓ UI: SiteInfo.operation = PUBLISH is reflected (banner with kind PUBLISH)
    ✓ UI: Publish and every rollback/unpublish control are disabled while the scope is held
    ✓ (setup) the publish reached DEPLOYING and the store was frozen there
    ✓ after the store is resumed the publish completes and the scope is idle again (operation = null)
    ✓ UI: the busy banner goes away by itself (polling) and the controls come back
    ✓ pointerVersion advanced by the one completed publish
    ✓ the refused rollback / unpublish changed nothing (still online, pointer moved only by the publish)
    ✓ retry after the scope is free: the rollback is accepted (200)
    ✓ no unhandled page errors (the 409 of the refused rollback is the expected console line)

E2E-P05 — Rollback in flight: operation=ROLLBACK, refresh during rollback, polling until the server's final state
    ✓ SiteInfo.operation = ROLLBACK while the rollback runs (deploymentId is null: only PUBLISH names one)
    ✓ a second rollback (no key) → 409 SCOPE_BUSY while the first runs
    ✓ the pointer has not moved yet: nothing is final while the operation runs
    ✓ after the refresh the dialog shows the busy scope: banner kind ROLLBACK
    ✓ after the refresh Publish and the rollback buttons are disabled (no duplicate operation)
    ✓ after the refresh the page does NOT claim the rollback is done
    ✓ the server's operation ends (operation = null)
    ✓ the final pointer is either the restored release (the operation completed) or unchanged (the operation failed) — never anything else
    ✓ pointerVersion is consistent with the outcome (+1 if restored, unchanged otherwise)
    ✓ the reloaded dialog follows the server by itself: busy banner gone, controls back
    ✓ the reloaded dialog shows the version the server really serves
    ✓ the first page (before the refresh) never sent pointerVersion
    ✓ no unhandled page errors other than the aborted request of the refreshed page

E2E-P08 — Stale publish becomes terminal FAILED [STALE_PUBLISH]; Studio shows it; publish again works
    ✓ UI: the publish is shown as a BUSY step (BUILDING) while the worker is paused — not success
    ✓ UI: while busy the dialog cannot be dismissed and offers no second publish
    ✓ a rollback while the publish is still BUILDING goes through (200)
    ✓ UI: the deployment ends as a FAILED deployment with the STALE_PUBLISH explanation (data-code)
    ✓ UI: it is not shown as success and not as a conflict/HTTP error (no error dialog)
    ✓ UI: the history lists the STALE_PUBLISH event in plain words
    ✓ server: the deployment is terminal FAILED with error '[STALE_PUBLISH] …' and a STALE_PUBLISH event
    ✓ server: the stale publish wrote nothing — the rollback target B is still the active release, operation idle
    ✓ publish again used a NEW Idempotency-Key (replaying the old one would only return the FAILED deployment)
    ✓ …and it succeeded: the site now serves the new deployment
    ✓ no unhandled page errors

E2E-PD02 — Public data V1, document side: slot → READ public query → bind → publish approval → PUBLIC_QUERIES → runtime config → one anonymous request
    ✓ [ui] the slot was added and the SERVER stored exactly {id,name,type} — no sourceRef, no credential
    ✓ [ui] a READ query with public=true was stored by the server (mode READ, operationKey = the approved one, local slot ref)
    ✓ [api] a READ query WITHOUT public is accepted (it is private by default)
    ✓ [api] a WRITE query with public=false is accepted
    ✓ [api] a WRITE query with public=true is REJECTED by the server (422, path queries[i].public) — the UI never offers it
    ✓ [ui] the binding was stored: {sectionId, prop, queryRef} with the LOCAL public READ query id — never a slot, sourceRef or credential
    ✓ [ui] readiness: not-ready for ONE reason only — the site is not public yet, so it has no data address (apiBase); the draft itself has no problem
    ✓ [ui] the publish review lists exactly the public READ query (not the private one, not the WRITE one)
    ✓ [ui] Publish is disabled until the acknowledgement is ticked
    ✓ [ui] POST …/publish is the unchanged release contract: body EXACTLY {visibility:'PUBLIC', expectedRevision}, Idempotency-Key present — no acknowledgement field
    ✓ [backend] the server wrote the PUBLIC_QUERIES event naming exactly the public query
    ✓ [ui] the dialog shows the server's PUBLIC_QUERIES and no mismatch with what it announced
    ✓ [backend] the release is live and PUBLIC, operation idle
    ✓ no unhandled page errors in Studio
    ✓ [visitor] the page asked for its runtime config (GET __factory/config.json) before any data request, with no cookie and no credentials
    ✗ [visitor] config.json is no-store JSON with a same-origin apiBase for THIS slug (…/{slug}/_data) and no tenant / workspace / credential  — {"appId":"13e06c39-38dc-4c19-96e7-d31f601cd70e","appName":"e2e-muyrss0k-proj-A","environment":"production","visibility":"PUBLIC","version":"43","user":null,"flags":{},"apiBase":null,"releaseId":"ef42e
    ⛔ BLOCKED (C0 · app.sites.data-api-base): config.json has apiBase = null: app.sites.data-api-base is not set on this stack

E2E-PD01 — Public data V1, canonical chain: Studio slot → READ public query → bind → publish (PUBLIC_QUERIES, acknowledgement) → anonymous page → config → apiBase → /{slug}/_data → LIVE → rendered
    ⛔ BLOCKED (C0 · operator input (README: E2E-PD01)): no real data to read: set E2E_DS_TYPE + E2E_DS_CONFIG_JSON (+ E2E_DS_CREDENTIAL_JSON) for a real source, E2E_PD_OPERATION_KEY = an approved READ operation of it (or E2E_PD_SQL = a read-only SELECT to register as one) and E2E_PD_EXPECT_TEXT = the text its first row returns (it is shown in the Navbar brand).

E2E-PL01 — Platform portal: login, navigation, tenants (create, suspend, restore, members, last-admin rule), SYSTEM_ADMIN grant / revoke
    ✓ login through the Platform portal lands inside /platform (not on the login or no-access page)
    ✓ navigation lists Tổng quan, Công ty (tenant), Người dùng & Workspace, Nhật ký kiểm toán, Sức khỏe hệ thống — and nothing from the tenant-admin console
    ✓ the tenant list is the REAL list (the DEFAULT tenant is there) and the section is not 'Chưa sẵn sàng'
    ✓ an invalid form is refused in the dialog with both messages and NO request is sent
    ✓ POST /admin/tenants → 201 and the page opens the new tenant
    ✓ the server stored it: slug, name, ACTIVE
    ✓ a duplicate slug is refused by the server (409 TENANT_SLUG_TAKEN)
    ✓ suspend: the UI says so and the server agrees (SUSPENDED)
    ✓ restore: back to ACTIVE on the server
    ✓ the first administrator chosen in the dialog is TENANT_ADMIN on the server, with name and email metadata
    ✓ the member row shows the person's NAME from the member metadata (no extra lookup)
    ✓ demoting the ONLY TENANT_ADMIN is explained in words and nothing changed on the server
    ✓ the server enforces it too (409 LAST_TENANT_ADMIN)
    ✓ a brand-new tenant has no candidates (the directory is tenant-scoped, never global) and the picker says so
    ✓ even a SYSTEM_ADMIN cannot add an unrelated account to a tenant (404 USER_NOT_FOUND): no global directory
    ✓ workspace page (SYSTEM_ADMIN): the member panel says the platform admin does not manage workspace members, and there is NO add-member form (the server lists no MEMBER_MANAGE for it)
    ✓ [api] …and the server agrees: SYSTEM_ADMIN is refused the member list and the add (403)
    ✓ the audit page lists the tenant events just made (TENANT_CREATED / TENANT_STATUS_CHANGED / TENANT_MEMBER_SET)
    ✓ the system-health page loads without an error state
    ✓ a workspace member with no platform scope is sent to /auth/no-access, never to a platform screen
    ✓ cleanup: the tenant is marked DELETED
    ✓ no unexpected 4xx/5xx from the portal's own calls (the deliberate refusals excepted)
    ✓ no unhandled page errors

E2E-AD01 — Admin portal, tenant admin: own company + members, no system-admin screens, rules explained, refused by the API as well
    ✓ [api] /auth/me of the tenant admin lists the tenant with role TENANT_ADMIN and is NOT platform scope
    ✓ login through the Admin portal lands inside /admin (a tenant admin is NOT refused)
    ✓ navigation = Tổng quan + Công ty của tôi (+ the sections still waiting for a backend); NO Người dùng, Nhật ký kiểm toán, AI…
    ✓ the landing page lists the tenant this person administers (no system overview, no 403 from /admin/overview)
    ✓ Công ty của tôi shows the tenant, ACTIVE, with its member list from the API
    ✓ the person's own row is named (from the session), marked 'bạn', and its role / remove controls are disabled (no self-change)
    ✓ a tenant admin gets NO suspend / delete buttons (platform operations)
    ✓ the add form is real: a search box and a candidate list (empty here: this fresh tenant has no workspace and no former member) — not a 'cannot look people up' notice
    ✓ a 1-character search is not sent (the server would answer 400 QUERY_TOO_SHORT): the form asks for 2
    ✓ [api] the same person is refused the system-wide user list (403 ADMIN_REQUIRED)
    ✓ [api] …but allowed to read the members of THEIR tenant (TENANT_MEMBERS), each row with userId, username, displayName, email, role, active
    ✓ [api] …and refused to suspend it (platform only: 403)
    ✓ [api] …and refused the members of another tenant (403/404, no list)
    ✓ typing a system-only URL shows 'chỉ dành cho quản trị hệ thống' and makes NO call to /admin/users
    ✓ Workspace của tôi: this account administers no workspace, so the page says so (no empty fake table)
    ✓ a workspace viewer is sent to /auth/no-access by the Admin portal
    ✓ cleanup: the fixture tenant is marked DELETED
    ✓ no unhandled page errors

E2E-AD02 — Admin portal, workspace admin: 'Workspace của tôi' opens on MEMBER_MANAGE (not on a role name), members add / re-role / remove, rules, isolation, negative roles
    ✓ [api] /auth/me: the workspace admin's workspace lists MEMBER_MANAGE (and DATA_SOURCE_MANAGE)
    ✓ [api] a workspace viewer: /auth/me does NOT list MEMBER_MANAGE
    ✓ [api] …and the server refuses their member list (403/404) — the backend re-checks
    ✓ a workspace viewer is refused by the Admin portal (/auth/no-access) — not offered 'Workspace của tôi'
    ✓ [api] a workspace editor: /auth/me does NOT list MEMBER_MANAGE
    ✓ [api] …and the server refuses their member list (403/404) — the backend re-checks
    ✓ a workspace editor is refused by the Admin portal (/auth/no-access) — not offered 'Workspace của tôi'
    ✓ [api] a workspace publisher: /auth/me does NOT list MEMBER_MANAGE
    ✓ [api] …and the server refuses their member list (403/404) — the backend re-checks
    ✓ a workspace publisher is refused by the Admin portal (/auth/no-access) — not offered 'Workspace của tôi'
    ✓ a WORKSPACE_ADMIN logs in through the Admin portal and is not refused
    ✓ navigation = Tổng quan + Workspace của tôi + Nguồn dữ liệu; no Người dùng / Nhật ký kiểm toán / Công ty của tôi
    ✓ the member table is the REAL list of workspace A (adminA, viewerA, lonelyA)
    ✓ own row: role and remove are disabled (no self-change)
    ✓ an unknown username is refused by the server and said in words (nothing added)
    ✓ add by username as Người xem: the server lists adminB as VIEWER of workspace A
    ✓ change the role to Biên tập viên: persisted
    ✓ [api] adding the same person twice is refused (409 ALREADY_MEMBER)
    ✓ [api] the server refuses self-change (403 SELF_GRANT_FORBIDDEN), as the UI did before the click
    ✓ remove: gone from the workspace on the server
    ✓ [api] adminA cannot read workspace B's members (403/404)
    ✓ the page offers no workspace picker with B (one workspace administered)
    ✓ Nguồn dữ liệu: the REAL panel of the workspace (catalogue / add form), not 'Chưa sẵn sàng'
    ✓ a system-only URL says 'chỉ dành cho quản trị hệ thống' and makes no call to /admin/users
    ✓ [api] …and the API refuses it too (403 ADMIN_REQUIRED)
    ✓ no unexpected 4xx/5xx from the portal's calls (deliberate refusals excepted)
    ✓ no unhandled page errors

E2E-AD03 — Tenant admin member directory: metadata, tenant-scoped candidates (search, limit, exclusions), add through the UI, isolation and rules
    ✓ [api] GET members: every row has userId, username, displayName, email, role, active
    ✓ [api] …and the metadata is right (adminA: its username and display name)
    ✓ [api] candidates: 200, a list of {userId, username, displayName, email}
    ✓ [api] a former member in a workspace of the tenant (adminB) IS a candidate
    ✓ [api] current members are not candidates (adminA)
    ✓ [api] a SYSTEM_ADMIN account (activated, enabled, a workspace member, former tenant member) is never a candidate
    ✓ [api] a non-activated account and a disabled account are not candidates
    ✓ [api] at most 50 results, sorted by username
    ✓ [api] search q finds adminB by part of the username and only matching people
    ✓ [api] a 1-character search is refused (400 QUERY_TOO_SHORT)
    ✓ [api] a search with no match is an empty list
    ✓ [fact] 'a user known only to ANOTHER tenant is invisible' cannot be built through the public API; it is C1's backend test TenantMemberDirectoryTests
    ✓ Công ty của tôi: the member rows show names and emails from the member metadata
    ✓ typing the search shows adminB (name · email) in the candidate list, and not the SYSTEM_ADMIN / disabled / non-activated accounts
    ✓ add candidate: the server lists adminB as an active MEMBER, with metadata
    ✓ the member appears in the table with his name
    ✓ the candidate disappears after the add (API and picker)
    ✓ [api] a guessed foreign UUID → 404 USER_NOT_FOUND
    ✓ [api] adding that SYSTEM_ADMIN account by id → 404 (not eligible, no oracle)
    ✓ [api] a non-activated account cannot be added by id (404); a RELATED but disabled account is refused with its own code (422 USER_DISABLED, C1 cf0c962)
    ✓ [api] a caller from ANOTHER tenant gets 404 for members, candidates and add
    ✓ [api] changing your own tenant role → 403 SELF_GRANT_FORBIDDEN
    ✓ no unexpected 4xx/5xx from the portal's calls
    ✓ no unhandled page errors

E2E-SUPER01 — SYSTEM_ADMIN (Platform) → create tenant admin of a new tenant (+ workspace) → activation link → activate → login Admin portal
    ✓ [api] SYSTEM_ADMIN creates a NEW tenant (201, no first admin yet)
    ✓ [api] …and a workspace OF THAT TENANT through the tenant route (201, tenantId explicit)
    ✓ the SYSTEM_ADMIN logs in through the Platform portal
    ✓ the dialog: four sections, a tenant selector, NO not-ready notice, NO SYSTEM_ADMIN type
    ✓ the workspace of the chosen tenant is offered (optional; assigned here)
    ✓ POST /admin/tenants/{tenantId}/users → 201; the tenant is the PATH, never in the body; tenantRole TENANT_ADMIN; workspaceId + workspaceRole together; no password
    ✓ the activation link is shown once in the dialog (/auth/activate#token); no password anywhere
    ✓ after 'Xong' the token is gone: not in the summary, the URL, localStorage or sessionStorage
    ✓ the summary: Chờ kích hoạt, the company AND its role already assigned, the workspace; the only next step is the person's activation
    ✓ [api] the server lists the account as TENANT_ADMIN of the new tenant (already, before activation)
    ✓ CSRF + body: the create-account request carries X-XSRF-TOKEN and its body has no tenant / tenantId; no browser request to the legacy workspace route
    ✓ [api] the same username again is refused: 409 USERNAME_TAKEN
    ✓ the new admin activates through the REAL activation page
    ✓ [api] after activation /auth/me lists the chosen workspace with MEMBER_MANAGE (WORKSPACE_ADMIN, from the server) and the tenant TENANT_MEMBERS
    ✓ …and logs in through the ADMIN portal: not refused
    ✓ …sees Công ty của tôi and Người dùng, not the system-wide sections
    ✓ no unexpected 4xx/5xx from the portal's calls
    ✓ no unhandled page errors

E2E-ADMIN01 — Tenant admin (Admin portal) → Người dùng → create workspace admin + app creator by invitation → activation → the creator can sign in
    ✓ the tenant admin logs in through the ADMIN portal
    ✓ navigation has Người dùng and Công ty của tôi
    ✓ Người dùng: the tenant is the SESSION's (read-only), the create action is enabled, no not-ready notice
    ✓ the dialog: NO tenant selector (fixed, read-only tenant), the types never include SYSTEM_ADMIN (tenant admin may be offered)
    ✓ the workspace is created through the TENANT route (POST /admin/tenants/{tenant}/workspaces → 201, tenantId = the session's tenant) — never the legacy POST /admin/workspaces
    ✓ the workspace request body is exactly {name}: the tenant id is the PATH only, never repeated in the body
    ✓ POST /admin/tenants/{tenant}/users → 201 with tenantRole MEMBER, that workspace and WORKSPACE_ADMIN together; the tenant only in the path
    ✓ the activation link is shown once (/auth/activate#token)
    ✓ the summary shows account, Chờ kích hoạt, the company and the workspace with its role; the token is gone from the page
    ✓ the workspace admin activates through the REAL activation page
    ✓ [api] the workspace admin signs in; /auth/me lists the new workspace with MEMBER_MANAGE (server permission, not a role name)
    ✓ [observed] is the workspace the tenant admin just created offered to it for the next account? (H-C1-16: a tenant admin is not a member of it; /auth/me lists member workspaces only)
    ✓ the app creator is created (201): MEMBER, email as given, workspace + role together or none
    ✓ the app creator activates through the REAL activation page
    ✓ workspace assignment of an EXISTING tenant member is the WORKSPACE ADMIN's action: POST /workspaces/{w}/members → 201
    ✓ [api] the app creator signs in with the chosen password; /auth/me lists the workspace and no MEMBER_MANAGE / TENANT_*
    ✓ the app creator is NOT admitted to the Admin portal (no admin capability from the server)
    ✓ LEGACY ROUTE: 0 browser requests to POST /api/v1/admin/workspaces in the whole tenant-admin flow; the workspace went to POST /api/v1/admin/tenants/{tenantId}/workspaces
    ✓ CSRF: every mutating admin request the UI sent carries the X-XSRF-TOKEN header
    ✓ no tenantId / tenant in any body the UI sent to a tenant route
    ✓ no unexpected 4xx/5xx from the portal's calls
    ✓ no unhandled page errors

E2E-USER01 — App creator (EDITOR, made by the tenant admin): Studio login → project visible → edit / save / reload → permissions are the role's
    ✓ [api] the workspace admin creates a project in the new workspace (201)
    ✓ [api] …and adds the creator to the project as EDITOR (member route)
    ✓ [api] the creator's resolved project permissions include APP_EDIT and NOT APP_PUBLISH
    ✓ [api] …and no MEMBER_MANAGE: /auth/me lists none in the workspace
    ✓ [api] an edit by the creator is accepted (200)
    ✓ after a reload the edit is still there (persisted)
    ✓ [api] publishing is refused for the creator (403): the role is the role
    ✓ no unhandled page errors
    ⛔ BLOCKED (C1 · H-C1-04): the Studio portal refuses this creator at login (/auth/no-access) although /auth/me lists the workspace with []. The API side of the same account works (project APIs, edit, persist, no publish). H-C1-04 (still open).

E2E-SEC01 — SEC01 tenant admin cannot create SYSTEM_ADMIN · SEC02 cross-tenant is a safe 404 · SEC03 workspace admin cannot escalate
    ✓ SEC01 [api] tenantRole SYSTEM_ADMIN is refused (400 TENANT_ROLE_INVALID)
    ✓ SEC01 [api] unknown fields (systemAdmin, platformScope, role) never take effect: the account is a plain, non-admin MEMBER
    ✓ SEC01 [api] the legacy platform route is closed to a tenant admin (403 ADMIN_REQUIRED)
    ✓ SEC01 [api] …cannot grant SYSTEM_ADMIN to anyone nor to itself (403)
    ✓ SEC01 [api] nobody became a SYSTEM_ADMIN
    ✓ SEC01 [api] the tenant admin's /auth/me carries no platform scope
    ✓ SEC02 [api] tenant A's admin gets 404 TENANT_NOT_FOUND on every tenant-B route (create user, create workspace, members, candidates, add self, re-role, remove, read)
    ✓ SEC02 [api] …and the refused create left nothing behind (no account named like it)
    ✓ SEC02 [api] a workspace of ANOTHER tenant in my tenant's create → 404 WORKSPACE_NOT_FOUND, and no account is created
    ✓ SEC02 [api] …and the other way round (B's admin on tenant A): 404
    ✓ SEC02 [api] neither tenant admin can list the system-wide users or workspaces (403)
    ✓ SEC02 [api] each tenant's member list holds only its own people
    ✓ SEC03 [api] a workspace admin cannot call the tenant routes (create user / workspace, candidates, members, make itself tenant admin) → 403, nor platform routes (legacy create, system-admin, new tenant, suspend)
    ✓ SEC03 [api] …with the codes of the contract (FORBIDDEN on tenant routes, ADMIN_REQUIRED on platform routes)
    ✓ SEC03 [api] …cannot change its own workspace role (403 SELF_GRANT_FORBIDDEN)
    ✓ SEC03 [api] …cannot read, nor add itself to, a workspace of another tenant (403/404)
    ✓ SEC03 [api] …cannot pull a person of ANOTHER tenant into its workspace (404 USER_NOT_FOUND)
    ✓ SEC03 [api] nothing changed: still a plain tenant MEMBER, not a SYSTEM_ADMIN, the tenant still ACTIVE
    ✓ 401 [api] an unauthenticated caller (valid CSRF, no session) is refused on create user / create workspace / list members: 401
    ✓ 401 [api] …and nothing was created (no account named like it)
    ✓ CSRF [api] an authenticated mutating request WITHOUT the CSRF header, or with a wrong one, is refused (403) and does nothing
    ✓ CSRF [api] the same request WITH the session's CSRF token succeeds (201): the refusal above was the missing token, not the route
    ✓ body injection [api] a foreign tenant id in the BODY (tenantId / tenant) is ignored: the path is the authority — the account is a member of tenant A, not of B
    ✓ body injection [api] …and a workspace created with a foreign tenantId in the body belongs to tenant A (the path)

E2E-S7 — (supplementary) Publish interrupted by a backend outage: no fake success, UI ends on the server's truth
    ✗ exception: locator.click: Timeout 30000ms exceeded. ⏎ Call log: ⏎   - waiting for getByRole('dialog').getByRole('button', { name: /^Xuất bản$/ })

E2E-S6 — (supplementary) Backend stopped: errors not success, no request storm, recovery after start
    ✓ clicking a section on the canvas opens its properties
    ✓ save while the backend is down: the top bar says the save FAILED (not saved)
    ✓ a retry button is offered and Publish is disabled while the edit is unsaved
    ✓ no automatic retry loop: at most 2 save requests in ~30 s of outage
    ✓ no request storm while the backend is down (< 30 API calls)
    ✓ the page stayed usable: it still shows the Builder and the unsaved text
    ✓ the API answers again after the start hook
    ✓ nothing was written while it was down (revision unchanged)
    ✓ retry after recovery reaches the backend and is accepted (200)
    ✓ the edit is persisted exactly once (revision + 1)
    ✓ after a browser refresh the Builder opens again by direct URL
    ✓ no unhandled page errors other than the expected network failures
  [cleanup] cleanup notes: left behind (no delete route): workspaces 715b381d-10bf-4b97-9f65-5dbfeba01794, 6df1df4d-711d-4383-b78e-6ce3ab1180e3, 0b8f85a7-c3c2-4e43-a8e7-0d17f4926d13, 7f566922-d518-4688-a96a-89f70c23c04b, c34c94e6-479e-4f83-bd9d-c7548531d1e0, b873ef69-102f-4b30-b822-773995c97b84, a4a70e8e-340a-4917-822a-7b1b7b337c79 named e2e-muyrss0k-*

| ID | Status | Owner | Detail |
|---|---|---|---|
| E2E-01 | PASS |  |  |
| E2E-02 | PASS |  |  |
| E2E-03 | PASS |  |  |
| E2E-04 | FAIL | C1 | CONTRACT MISMATCH — expected: VIEWER resolved permissions include APP_VIEW, so the Studio portal opens read-only; actual: GET /auth/me → permissions=[], workspaces[].permissions=[]; GET …/projects/{p} |
| E2E-05 | FAIL | C1 | CONTRACT MISMATCH — expected: VIEWER resolved permissions include APP_VIEW, so Studio opens read-only and the UI permission state can be compared with the forged-call denials; actual: GET /auth/me → p |
| E2E-06 | BLOCKED | C2 | Source, credential, test-connection, binding AND query/mutation definition management exist on integration/v2 (C3, management-api.md) and are exercised above, but a project cannot USE them: the AppDef |
| E2E-07 | BLOCKED | C3 | Sources, TEST bindings and query definitions can be created over HTTP (management-api.md §3.5/§3.6), but (1) the document cannot declare the data slot a binding names (C2 H-C2-02) and (2) a local stac |
| E2E-08 | BLOCKED | C0 | LIVE needs (1) a RUNNING deployment and a published host that serves the Data API: C0 states there is no public DataGateway route and no published data host, and the runtime config that would carry it |
| E2E-09 | BLOCKED | C3 | A LIVE data mutation needs a declared slot (no op: C2 H-C2-02), a LIVE binding to a WRITABLE source the gateway may reach (the writable PostgreSQL connector and mutation definitions exist on integrati |
| E2E-S1 | PASS |  |  |
| E2E-10 | PASS |  |  |
| E2E-11 | PASS |  |  |
| E2E-12 | PASS |  |  |
| E2E-13 | PASS |  |  |
| E2E-14 | BLOCKED | C4 | No RabbitMQ workflow queue is selectable on integration/v2: the AMQP adapter and the app.workflow.queue=memory/amqp selection exist only on agent/c4-workflow (5712ac5, 7e3c7c3), unintegrated and, by C |
| E2E-S2 | PASS |  |  |
| E2E-S3 | PASS |  |  |
| E2E-S4 | PASS |  |  |
| E2E-S5 | PASS |  |  |
| E2E-S8 | PASS |  |  |
| E2E-S9 | PASS |  |  |
| E2E-P01 | PASS |  |  |
| E2E-P02 | PASS |  |  |
| E2E-P03 | PASS |  |  |
| E2E-P06 | PASS |  |  |
| E2E-P07 | PASS |  |  |
| E2E-P09 | PASS |  |  |
| E2E-P04 | PASS |  |  |
| E2E-P05 | PASS |  |  |
| E2E-P08 | PASS |  |  |
| E2E-PD02 | FAIL | C0 | config.json has apiBase = null: app.sites.data-api-base is not set on this stack |
| E2E-PD01 | BLOCKED | C0 | no real data to read: set E2E_DS_TYPE + E2E_DS_CONFIG_JSON (+ E2E_DS_CREDENTIAL_JSON) for a real source, E2E_PD_OPERATION_KEY = an approved READ operation of it (or E2E_PD_SQL = a read-only SELECT to  |
| E2E-PL01 | PASS |  |  |
| E2E-AD01 | PASS |  |  |
| E2E-AD02 | PASS |  |  |
| E2E-AD03 | PASS |  |  |
| E2E-SUPER01 | PASS |  |  |
| E2E-ADMIN01 | PASS |  |  |
| E2E-USER01 | BLOCKED | C1 | the Studio portal refuses this creator at login (/auth/no-access) although /auth/me lists the workspace with []. The API side of the same account works (project APIs, edit, persist, no publish). H-C1- |
| E2E-SEC01 | PASS |  |  |
| E2E-S7 | FAIL |  | exception: locator.click: Timeout 30000ms exceeded. ⏎ Call log: ⏎   - waiting for getByRole('dialog').getByRole('button', { name: /^Xuất bản$/ }) |
| E2E-S6 | PASS |  |  |

REAL BACKEND: PASS 31/42 · FAIL 4/42 · BLOCKED 7/42 · SKIP 0/42
report: /Users/hoangluan/code/xweb-c6/docs/parallel/c6/evidence/rc-62ce9697cd56/e2e-real/report-2026-10-08T00-14-08-956Z.json
evidence: /Users/hoangluan/code/xweb-c6/docs/parallel/c6/evidence/rc-62ce9697cd56/e2e-real/evidence-2026-10-08T00-14-08-958Z.txt
