
> system-web-studio@0.2.0 test:e2e:real
> node tests/e2e-real/run.mjs

REAL BACKEND suite · studio=http://127.0.0.1:3403 · run=muytfj4k · 1 flow(s)
  [fixture] workspace A created
  [fixture] workspace B created
  [fixture] user adminA (WORKSPACE_ADMIN) ready
  [fixture] user adminB (WORKSPACE_ADMIN) ready
  [fixture] user viewerA (VIEWER) ready
  [fixture] user lonelyA (VIEWER) ready
  [probe] queries route → 404 QUERY_NOT_FOUND · actions route → 404 UNKNOWN_ACTION  (404 without a code = flag off)

E2E-14 — RabbitMQ (or another dependency) down → correct failure → recovery/retry
    ✗ while the dependency is down the UI shows an unavailable/error state, never success  — TIMEOUT: 
    ✗ exception: locator.click: Timeout 30000ms exceeded. ⏎ Call log: ⏎   - waiting for getByTestId('run-workflow:e2e-wf')
  [cleanup] cleanup notes: left behind (no delete route): workspaces 597e0da5-e3c6-40ac-824b-07c86a3cf355, 0fc74077-6507-40f7-ab88-28684c75a237 named e2e-muytfj4k-*

| ID | Status | Owner | Detail |
|---|---|---|---|
| E2E-14 | FAIL |  | exception: locator.click: Timeout 30000ms exceeded. ⏎ Call log: ⏎   - waiting for getByTestId('run-workflow:e2e-wf') |

REAL BACKEND: PASS 0/1 · FAIL 1/1 · BLOCKED 0/1 · SKIP 0/1
report: /Users/hoangluan/code/xweb-c6/docs/parallel/c6/evidence/rc-62ce9697cd56/e2e-real-e14-alone/report-2026-10-08T00-47-21-374Z.json
evidence: /Users/hoangluan/code/xweb-c6/docs/parallel/c6/evidence/rc-62ce9697cd56/e2e-real-e14-alone/evidence-2026-10-08T00-47-21-375Z.txt
