PASS  the template is valid nginx configuration and the gateway is healthy
PASS  POST /<slug>/_data/queries/<id>/run reaches the API as POST /sites/<slug>/_data/queries/<id>/run, body intact, answer relayed  — {"m":"POST","u":"/sites/demo/_data/queries/q-title/run"}
PASS  no Cookie, no Authorization, no CSRF header ever reaches the API on this route  — host,x-forwarded-for,x-forwarded-proto,content-length,content-type,accept,accept-language,sec-fetch-mode,user-agent,accept-encoding
PASS  the API still gets the Host and the forwarding headers it needs for its own limits  — 127.0.0.1
PASS  the answer is not cached by the gateway
PASS  a spoofed X-Forwarded-For never reaches the API; it gets exactly one address (the real peer)  — 172.17.0.1
PASS  GET on the data route is refused by the gateway and never reaches the API  — status 403, upstream calls 0
PASS  HEAD on the data route is refused by the gateway and never reaches the API  — status 403, upstream calls 0
PASS  PUT on the data route is refused by the gateway and never reaches the API  — status 403, upstream calls 0
PASS  PATCH on the data route is refused by the gateway and never reaches the API  — status 403, upstream calls 0
PASS  DELETE on the data route is refused by the gateway and never reaches the API  — status 403, upstream calls 0
PASS  a body over 16 KiB is refused (413) and never reaches the API  — status 413
PASS  POST /demo/_data/queries/Q-TITLE/run is not routed to the data runtime  — status 403
PASS  POST /demo/_data/queries/q-title/run/extra is not routed to the data runtime  — status 403
PASS  POST /demo/_data/queries//run is not routed to the data runtime  — status 403
PASS  POST /demo/_data/queries/q-title is not routed to the data runtime  — status 403
PASS  POST /demo/_data/queries/q_title/run is not routed to the data runtime  — status 403
PASS  POST /demo/_data/mutate is not routed to the data runtime  — status 403
PASS  POST /_data/queries/q-title/run is not routed to the data runtime  — status 404
PASS  POST /demo/_data/sources is not routed to the data runtime  — status 403
PASS  POST /demo/_data/queries/%2e%2e/run is not routed to the data runtime  — status 403
PASS  a query string on the exact path is dropped before the API sees the request  — /sites/demo/_data/queries/q-title/run
PASS  a burst from one address is throttled with 429 (rate-limited), and the API sees fewer calls than were sent  — 200:13 429:67 upstream:13
PASS  GET /<slug>/ still goes to the API as GET /sites/<slug>/
PASS  POST to a page is still refused
PASS  the website form POST still goes to the API
PASS  the server-app API proxy still goes to the API
PASS  an unknown top-level path is still a 404 of the gateway
PASS  local mode: X-Forwarded-Proto http is NOT redirected (GATEWAY_FORCE_HTTPS=0)  — 200
PASS  https at the edge and direct requests are served
PASS  healthz is still 200 ok

31/31 passed
