PASS F00 [fixture] two tenants, WS admin / EDITOR / VIEWER of A, TA of B created through the product routes | expected ready | actual W1=true W2=true
PASS M01 [mgmt] connector catalogue | expected 200 {items} with postgres available | actual 200 csv,google_sheets,graphql,mysql,odoo,postgres,rest,salesforce
PASS M02 [mgmt] create data source -> the TLS target (WORKSPACE_ADMIN) | expected 201 DataSource without credentialRef | actual 201 ACTIVE v=1 status=ACTIVE hasCredential=false
PASS M03 [mgmt] duplicate name differing only by case | expected 409 CONFLICT | actual 409 CONFLICT
PASS M04a [mgmt] invalid name | expected 400 INVALID_CONFIG | actual 400 INVALID_CONFIG
PASS M04b [mgmt] unknown connector type | expected 422 UNSUPPORTED_TYPE | actual 422 UNSUPPORTED_TYPE
PASS M04c [mgmt] planned connector (mysql) | expected 501 NOT_IMPLEMENTED | actual 501 NOT_IMPLEMENTED
PASS M04d [mgmt] secret key inside config | expected 400 INVALID_CONFIG | actual 400 INVALID_CONFIG
PASS M04e [mgmt] authority key (tenantId) in the body | expected 400 INVALID_PARAMS | actual 400 INVALID_PARAMS
PASS M05-15432-127 [mgmt-ssrf] platform database is refused by the address policy | expected 400 INVALID_CONFIG | actual 400 INVALID_CONFIG
PASS M05-15434-127 [mgmt-ssrf] apps database is refused by the address policy | expected 400 INVALID_CONFIG | actual 400 INVALID_CONFIG
PASS M05-15432-loc [mgmt-ssrf] platform DB by name is refused by the address policy | expected 400 INVALID_CONFIG | actual 400 INVALID_CONFIG
PASS M05-15441-127 [mgmt-ssrf] not allow-listed port on loopback is refused by the address policy | expected 400 INVALID_CONFIG | actual 400 INVALID_CONFIG
PASS M05-5432-169 [mgmt-ssrf] cloud metadata address is refused by the address policy | expected 400 INVALID_CONFIG | actual 400 INVALID_CONFIG
PASS M06 [mgmt-secret] PUT credential: metadata only, no secret in the answer | expected 200 {configured:true, keys:[…]} without the password | actual 200 keys=["username","password"]
PASS M07 [mgmt-secret] GET credential returns key names only | expected 200 keys only | actual 200 ["configured","type","keys","updatedAt","updatedBy"]
PASS M08 [mgmt-secret] data source detail and list expose hasCredential, never the credential / credentialRef | expected no secret | actual detail 200/list 200 hasCredential=true
PASS M09 [mgmt] credential with a key the connector does not declare | expected 400 INVALID_CREDENTIAL | actual 400 INVALID_CREDENTIAL
PASS M10 [mgmt] test connection over TLS (verify-full, SELECT-only role) | expected 200 {ok:true, latencyMs, warnings[]} | actual 200 {"ok":true,"ms":35,"warnings":[]}
PASS M11 [mgmt] schema discovery from the real database | expected 200, ≥ 2 entities (customers, orders) | actual 200 entities=2
PASS M12 [mgmt] stored snapshot has customers and orders and no secret | expected 200 | actual 200
PASS M13 [mgmt-failure] test with a wrong password | expected 200 {ok:false, code:AUTH_REJECTED} | actual 200 AUTH_REJECTED ok=false code=AUTH_REJECTED
PASS M14 [mgmt] writable source with the shop_rw role (create status / test result) | expected create 201; test 200 with a defined result (ok, or ROLE_TOO_PRIVILEGED when not writable) | actual create 201; test 200 ok=true code=undefined warnings=[]
PASS M15 [mgmt] a privileged role on a source NOT declared writable is flagged | expected ok:false ROLE_TOO_PRIVILEGED (or ok:true with a warning) | actual 200 ok=true code=undefined warnings=["the database role can write to 1 table(s); use a SELECT-only role"]
PASS M16 [mgmt] query definition created | expected 201 | actual 201 ACTIVE
PASS M16b [mgmt] parameterless listing query definition (used by the Studio Test panel flow E2E-07) | expected 201 | actual 201 ACTIVE
PASS M17a [mgmt] DDL in a query definition | expected 400 INVALID_QUERY | actual 400 INVALID_QUERY
PASS M17b [mgmt] stacked statements in a query definition | expected 400 INVALID_QUERY | actual 400 INVALID_QUERY
PASS M17c [mgmt] write statement as a READ query definition | expected 400 INVALID_QUERY | actual 400 INVALID_QUERY
PASS M18 [mgmt] definition list is a summary (no SQL) | expected 200, no `sql` text | actual 200
PASS M19 [mgmt] one definition in full (admin) | expected 200 with the SQL | actual 200 ACTIVE v=1
PASS M20 [mgmt] expectedVersion mismatch | expected 409 CONFLICT, nothing changes | actual 409 CONFLICT
PASS M21 [mgmt-authz] EDITOR creates a data source (needs DATA_SOURCE_MANAGE) | expected 403 | actual 403 PERMISSION_DENIED
PASS M22 [mgmt-authz] VIEWER tests a connection | expected 403 | actual 403 PERMISSION_DENIED
PASS M23 [mgmt-authz] EDITOR reads a full query definition (needs DATA_SOURCE_MANAGE) | expected 403 | actual 403 PERMISSION_DENIED
PASS M24 [mgmt-authz] anonymous list | expected 401 | actual 401 AUTHENTICATION_REQUIRED
PASS M25 [mgmt-iso] foreign tenant lists workspace A's sources | expected 404 | actual 404 WORKSPACE_NOT_FOUND
PASS M26 [mgmt-iso] foreign tenant reads A's source through ITS OWN workspace id | expected 404 | actual 404 NOT_FOUND
PASS M27 [mgmt-iso] foreign tenant deletes A's source | expected 404 | actual 404 NOT_FOUND
PASS M28 [mgmt-csrf] state-changing management call without a CSRF token | expected 403 CSRF_INVALID | actual 403 CSRF_INVALID
PASS M29 [mgmt] raw browser mutation route does not exist | expected 404 | actual 404 NOT_FOUND
PASS M30 [mgmt-secret] no response of this run (any route above or below) contained the target passwords | expected none | actual none
PASS D01 [data] declare the slot + READ query + mapping + view model through typed operations (no SQL, no seed) | expected 200 | actual 200 
PASS D02-TEST [data] bind slot erp-db → source (TEST) | expected 200 {mode} | actual 200 TEST
PASS D02-LIVE [data] bind slot erp-db → source (LIVE) | expected 200 {mode} | actual 200 LIVE
PASS D03 [data] lower-case mode refused | expected 400 INVALID_PARAMS | actual 400 INVALID_PARAMS
PASS D04 [data-iso] foreign tenant binds A's source to a project id of A | expected 404 | actual 404 PROJECT_NOT_FOUND
PASS D05 [data] TEST run: Studio → app-runtime → DataGateway → TLS PostgreSQL → rows, filtered by the parameter, mapped to name/description | expected 200; SO-1001 + SO-1002, no SO-1003; fields name/description | actual 200 rows=8 first={"name":"C6-9210A1","description":"ACME Co"}
PASS D06 [data] TEST run with another parameter value | expected 200; only SO-1003 | actual 200
PASS D07 [data] LIVE run before anything is published (no release) | expected 404 (nothing published; no fallback to the draft) | actual 404 QUERY_NOT_FOUND
PASS D08a [data-failure] wrong parameter type | expected 422 INVALID_PARAMS (or 400), no rows | actual 400 INVALID_PARAMS
PASS D08b [data-failure] client-supplied sql/unknown field | expected 400 INVALID_REQUEST (strict parsing) | actual 400 INVALID_PARAMS
PASS D08c [data-failure] unknown query id | expected 404 QUERY_NOT_FOUND | actual 404 QUERY_NOT_FOUND
PASS D09 [data-authz] EDITOR of the workspace (not a member of the project) runs the query | expected 404 (not visible) or 403 | actual 404 PROJECT_NOT_FOUND
PASS D10 [data-iso] foreign tenant runs A's query | expected 404 | actual 404 PROJECT_NOT_FOUND
PASS D11 [publish] publish the data app | expected 202 + deployment id | actual 202 QUEUED
PASS D12 [publish] deployment reaches RUNNING (the only success) | expected RUNNING | actual RUNNING
PASS D13 [data] LIVE run = the ACTIVE release, over TLS | expected 200 mode LIVE with SO-1001 | actual 200 mode=LIVE
PASS D14 [data-failure] source DISABLED → query fails closed, no data | expected PATCH 200; run ≥ 400 and no rows | actual patch 200; run 409 DISABLED
PASS D15 [data-failure] re-enabled source works again (no sticky failure) | expected 200 | actual 200
PASS D16 [data-failure] credential replaced by a wrong one → LIVE fails closed with a safe error (never stale rows, never a secret) | expected run ≥ 400 without rows or the old password | actual run 502 AUTH_REJECTED; test ok=false AUTH_REJECTED | result cache may serve a hit within its ttl: a 200 here would be reported
PASS D17 [data-failure] credential restored → connection test ok again | expected ok:true | actual 200 ok=true
PASS D18 [data-failure] TEST binding removed → run answers DATA_SOURCE_UNBOUND (never falls back to LIVE) | expected 422 DATA_SOURCE_UNBOUND | actual unbind 204; run 422 DATA_SOURCE_UNBOUND
PASS D19 [data] delete a source that is still bound | expected 409 CONFLICT | actual 409 CONFLICT
PASS D20 [data-failure] a slow query definition | expected 400 INVALID_QUERY (guard) or 201 | actual 400 INVALID_QUERY | pg_sleep refused by the SQL guard
PASS A00 [action] mutation definition CREATE on the writable source | expected 201 | actual 201 ACTIVE 
PASS A01 [action] mutation definition on a source NOT declared writable | expected 422 READ_ONLY_VIOLATION | actual 422 READ_ONLY_VIOLATION
PASS A02 [action] declare the WRITE query + CREATE_RECORD action (typed operations; canonical ActionType) | expected 200 | actual 200 
PASS A03 [action] TEST mode: WOULD_RUN, no side effect | expected 200 WOULD_RUN; row count unchanged | actual 200 WOULD_RUN rows 0→0
PASS A05 [publish] publish the release that carries the action | expected RUNNING | actual RUNNING
PASS A04 [action] LIVE mutating action without an idempotency key | expected 400 IDEMPOTENCY_KEY_REQUIRED, nothing written | actual 400 FAILED
PASS A06 [action] LIVE action with a key: a REAL row is written to the source and read back through the READ query | expected 200 OK; exactly 1 row C6-… | actual 200 OK; rows found=1 (LIVE read may be cached)
PASS A06b [action] the same row seen by an uncached TEST read | expected exactly 1 | actual 1
PASS A07 [action] duplicate submit with the SAME key (replay) | expected 200 same outcome, still exactly 1 row | actual 200 OK; rows=1; same status=true
PASS A08 [action] the SAME key with DIFFERENT inputs | expected 409 (key reused) and no second row | actual 409 FAILED; rows=1
PASS A09 [action] 3 concurrent submits with one key (double click) | expected one row; no 500 | actual 200/409/409; rows=1
PASS A10 [action-authz] EDITOR of the workspace without project membership executes | expected 403/404 | actual 404 PROJECT_NOT_FOUND
PASS A11 [action-authz] project EDITOR (APP_USE, no DATA_MUTATE) executes a LIVE write action | expected 403 FORBIDDEN, nothing written | actual 403 FAILED; rows=1
PASS A12 [action-iso] foreign tenant executes A's action | expected 404 | actual 404 PROJECT_NOT_FOUND
PASS A13 [action-safety] client-supplied sql / unknown field in action inputs | expected 400 INVALID_REQUEST/INVALID_INPUT, nothing executed | actual 400 FAILED
PASS A14 [action-safety] no arbitrary JS / script in an action definition | expected rejected: 422 SCHEMA_INVALID (unknown field) or 400 | actual 422 SCHEMA_INVALID [{"path":"actions[1].script","message":"unknown field 'script'"}]
PASS A15 [action-safety] no raw URL in an action definition (SSRF) | expected rejected: 422 SCHEMA_INVALID (unknown field) or 400 | actual 422 SCHEMA_INVALID [{"path":"actions[1].url","message":"unknown field 'url'"}]
PASS A16 [action-types] non-canonical ActionType (WRITE_DATA) is rejected | expected rejected: 422 SCHEMA_INVALID listing the canonical types, or 400 | actual 422 SCHEMA_INVALID [{"path":"actions[1].type","message":"must be one of NAVIGATE, REFRESH_QUERY, SUBMIT_FORM, CREATE_RECORD, UPDATE_RECORD, DELETE_RECORD, CALL
PASS W00 [workflow] declare two workflows (END only; WAIT 600 s then END) through typed operations | expected 200 | actual 200 
PASS W01 [workflow] TEST start creates a run (documented: a TEST workflow still creates a run row) | expected 200/202 with a run id | actual 202 PENDING id=7821e748-063e-47ca-92c2-45f3af967eaf
PASS W01b [publish] publish the release that carries the workflows | expected RUNNING | actual RUNNING
PASS W02 [workflow] LIVE start of an END-only workflow | expected 200/202 with a run id | actual 202 PENDING id=af369c21-36cb-46d8-b95c-c148033abede
PASS W03 [workflow] replay with the same key returns the SAME run (no second run) | expected same run id | actual 202 PENDING id=af369c21-36cb-46d8-b95c-c148033abede
PASS W04 [workflow] status: the run completes and shows its steps | expected SUCCEEDED with steps | actual SUCCEEDED steps=["end"]
PASS W05 [workflow] a WAIT step parks the run | expected WAITING (not SUCCEEDED, not failed) | actual 202 PENDING; WAITING
PASS W06 [workflow] cancel a WAITING run | expected 200 and CANCELLED | actual 200 CANCELLED; CANCELLED
PASS W07 [workflow] cancel again (idempotent / terminal) | expected 200 or 409, never 500 | actual 200 CANCELLED
PASS W08 [workflow-iso] foreign tenant reads A's run | expected 404 | actual 404 PROJECT_NOT_FOUND
PASS W09 [workflow-authz] VIEWER (workspace role, no project membership) starts a workflow | expected 403/404 | actual 404 PROJECT_NOT_FOUND
PASS W10 [workflow-authz] project EDITOR (no WORKFLOW_EXECUTE) starts a LIVE workflow | expected 403 | actual 403 FORBIDDEN
PASS W11 [workflow] unknown workflow id | expected 404 | actual 404 UNKNOWN_WORKFLOW
PASS X01 [audit] audit shows the management actions (append-only log, system admin) | expected 200 with DATASOURCE_CREATED, DATASOURCE_CREDENTIAL_ROTATED, DATASOURCE_TESTED, DATA_QUERY_DEFINITION_CHANGED, DATASOURCE_BINDING_CHANGED | actual 200; found=5/5
PASS X02 [audit] no target password in the audit payloads | expected none | actual none
PASS X03 [mgmt-secret] no response of the whole run contained the target passwords | expected none | actual none

TOTAL 99  FAILED 0
