PASS               PR-platform-super SUPER_ADMIN signs in at the platform portal | expected admitted | actual in /platform; navigations=3
PASS               PR-admin-super SUPER_ADMIN signs in at the admin portal | expected admitted | actual in /admin; navigations=3
PASS               PR-studio-super SUPER_ADMIN signs in at the studio portal | expected admitted | actual in /studio; navigations=3
PASS               PR-platform-tenant TENANT_ADMIN signs in at the platform portal | expected refused (/auth/no-access) | actual no-access /auth/no-access?…; navigations=3
PASS               PR-admin-tenant TENANT_ADMIN signs in at the admin portal | expected admitted | actual in /admin; navigations=3
PASS               PR-studio-tenant TENANT_ADMIN signs in at the studio portal | expected admitted | actual in /studio; navigations=3
PASS               PR-platform-wsadmin WORKSPACE_ADMIN signs in at the platform portal | expected refused (/auth/no-access) | actual no-access /auth/no-access?…; navigations=3
PASS               PR-admin-wsadmin WORKSPACE_ADMIN signs in at the admin portal | expected admitted | actual in /admin; navigations=3
PASS               PR-studio-wsadmin WORKSPACE_ADMIN signs in at the studio portal | expected admitted | actual in /studio; navigations=3
PASS               PR-platform-creator APP_CREATOR (EDITOR) signs in at the platform portal | expected refused (/auth/no-access) | actual no-access /auth/no-access?…; navigations=3
PASS               PR-admin-creator APP_CREATOR (EDITOR) signs in at the admin portal | expected refused (/auth/no-access) | actual no-access /auth/no-access?…; navigations=3
BLOCKED_BY_H-C1-04 PR-studio-creator APP_CREATOR (EDITOR) signs in at the studio portal | expected admitted | actual no-access /auth/no-access?…; navigations=3 | matches H-C1-04 exactly: /auth/me lists no workspace/project permissions, the project API resolves them, the Studio gate sends the person to /auth/no-access
PASS               PR-platform-viewer VIEWER signs in at the platform portal | expected refused (/auth/no-access) | actual no-access /auth/no-access?…; navigations=3
PASS               PR-admin-viewer VIEWER signs in at the admin portal | expected refused (/auth/no-access) | actual no-access /auth/no-access?…; navigations=3
BLOCKED_BY_H-C1-04 PR-studio-viewer VIEWER signs in at the studio portal | expected admitted | actual no-access /auth/no-access?…; navigations=3 | matches H-C1-04 exactly: /auth/me lists no workspace/project permissions, the project API resolves them, the Studio gate sends the person to /auth/no-access
PASS               PR-deep-1 signed-out deep link /admin/people | expected redirect to /login?next=/admin/people (no loop) | actual /login?next=%2Fadmin%2Fpeople; navs=3
PASS               PR-deep-2 after sign-in the deep-link target is opened | expected /admin/people | actual /admin/people
PASS               PR-direct direct URL while signed in | expected stays on /admin/people | actual /admin/people
PASS               PR-login-signed-in opening /login while signed in (observation: the login form is shown again, no redirect and no loop) | expected no loop: the page settles on /login or leaves it, ≤ 5 navigations | actual /login; navigations=8 | INFO: a signed-in person sees the login form; documented nowhere as wrong
PASS               PR-404 unknown page inside a portal (observation: the portal home is shown, not a 'not found' screen) | expected no crash, no loop: a not-found screen or the portal home | actual /admin/does-not-exist: ◆ AI Software Factory Quản trị công ty ▦ Tổng quan ◎ Người d | INFO: unknown /admin/* shows the console home
PASS               PR-switch tenant admin opens the Studio portal (another origin, same browser) | expected admitted: single sign-on on the shared host (cookies are per host, not per port) or its own login | actual http://127.0.0.1:3403/studio
PASS               PR-switch-denied tenant admin opens the Platform portal | expected refused: /auth/no-access (or login) | actual /auth/no-access
PASS               PR-logout sign out in the Admin portal | expected back on /login and /auth/me = 401 | actual /login; me=401
PASS               PR-after-logout protected URL after sign-out | expected redirect to /login | actual /login
PASS               PR-open-redirect post-login redirect with an external `next` | expected never leaves the portal origin | actual http://127.0.0.1:3402, http://127.0.0.1:3402, http://127.0.0.1:3402

TOTAL 25  FAILED 0  BLOCKED_BY_H-C1-04 2
