TAP version 13
# Subtest: FOREIGN_NEXT_SURVIVES: cleaning an unrelated owned process leaves a foreign `next start` alone
ok 1 - FOREIGN_NEXT_SURVIVES: cleaning an unrelated owned process leaves a foreign `next start` alone
  ---
  duration_ms: 907.244542
  type: 'test'
  ...
# Subtest: FOREIGN_NEXT_SURVIVES: a start that finds its port occupied FAILS (names the port and the holder) and kills nothing
ok 2 - FOREIGN_NEXT_SURVIVES: a start that finds its port occupied FAILS (names the port and the holder) and kills nothing
  ---
  duration_ms: 275.550958
  type: 'test'
  ...
# Subtest: FOREIGN_NEXT_SURVIVES: the CLI exits 3 with a message naming the port, and the foreign listener survives (start AND stop of an unrelated state)
ok 3 - FOREIGN_NEXT_SURVIVES: the CLI exits 3 with a message naming the port, and the foreign listener survives (start AND stop of an unrelated state)
  ---
  duration_ms: 260.329042
  type: 'test'
  ...
# Subtest: STALE_PID_SAFE: a PID file that points at a live unrelated process is never signalled (wrong start time, wrong command, both, group form)
ok 4 - STALE_PID_SAFE: a PID file that points at a live unrelated process is never signalled (wrong start time, wrong command, both, group form)
  ---
  duration_ms: 99.274167
  type: 'test'
  ...
# Subtest: STALE_PID_SAFE: pid reuse is detected - a state of a process that died and whose pid now belongs to a stranger is refused; a dead pid is ALREADY_GONE
ok 5 - STALE_PID_SAFE: pid reuse is detected - a state of a process that died and whose pid now belongs to a stranger is refused; a dead pid is ALREADY_GONE
  ---
  duration_ms: 806.804666
  type: 'test'
  ...
# Subtest: STALE_PID_SAFE: a zombie / exited owned process counts as gone, and a group whose leader died is still stopped through its members
ok 6 - STALE_PID_SAFE: a zombie / exited owned process counts as gone, and a group whose leader died is still stopped through its members
  ---
  duration_ms: 427.76425
  type: 'test'
  ...
# Subtest: stopOwned: SIGTERM first; SIGKILL only the owned group if it ignores SIGTERM; a paused (SIGSTOP) process is stopped too; the group's children go with it
ok 7 - stopOwned: SIGTERM first; SIGKILL only the owned group if it ignores SIGTERM; a paused (SIGSTOP) process is stopped too; the group's children go with it
  ---
  duration_ms: 2137.029458
  type: 'test'
  ...
# Subtest: withOwned: the owned process is stopped in finally, also when the body throws
ok 8 - withOwned: the owned process is stopped in finally, also when the body throws
  ---
  duration_ms: 795.111334
  type: 'test'
  ...
# Subtest: HARNESS_PID_SCOPED: start/stop of the browser harness server touches only the PID it spawned (process list before/after)
ok 9 - HARNESS_PID_SCOPED: start/stop of the browser harness server touches only the PID it spawned (process list before/after)
  ---
  duration_ms: 1577.680583
  type: 'test'
  ...
# Subtest: HARNESS_PID_SCOPED: `run` stops its server in finally (exit code of the command is propagated), and refuses a busy --port without touching the holder
ok 10 - HARNESS_PID_SCOPED: `run` stops its server in finally (exit code of the command is propagated), and refuses a busy --port without touching the holder
  ---
  duration_ms: 1234.727417
  type: 'test'
  ...
# Subtest: guard: the scanner detects every unsafe pattern (self-test, so a green guard means something)
ok 11 - guard: the scanner detects every unsafe pattern (self-test, so a green guard means something)
  ---
  duration_ms: 0.876292
  type: 'test'
  ...
# Subtest: guard: no pkill / killall / `lsof | kill` / kill-by-port / unvalidated `kill $(cat x.pid)` in C5-owned tracked tooling
ok 12 - guard: no pkill / killall / `lsof | kill` / kill-by-port / unvalidated `kill $(cat x.pid)` in C5-owned tracked tooling
  ---
  duration_ms: 42.1955
  type: 'test'
  ...
# Subtest: guard: no unmanaged background `http.server` / `next start ... &` instructions in tests/ (use harness-server.mjs / owned-process-cli.mjs)
ok 13 - guard: no unmanaged background `http.server` / `next start ... &` instructions in tests/ (use harness-server.mjs / owned-process-cli.mjs)
  ---
  duration_ms: 23.172208
  type: 'test'
  ...
# Subtest: e2e-stack.sh: stops/pauses only through owned state files (no listener lookup feeds a signal)
ok 14 - e2e-stack.sh: stops/pauses only through owned state files (no listener lookup feeds a signal)
  ---
  duration_ms: 0.496083
  type: 'test'
  ...
# Subtest: e2e-stack.sh: `studio-up` on an occupied port fails naming the port and leaves the foreign `next start` alone (before any build)
ok 15 - e2e-stack.sh: `studio-up` on an occupied port fails naming the port and leaves the foreign `next start` alone (before any build)
  ---
  duration_ms: 328.247708
  type: 'test'
  ...
# Subtest: e2e-stack.sh: `backend-down` / `down` / `render-pause` with only a FOREIGN process around never signal it (stale state files included)
ok 16 - e2e-stack.sh: `backend-down` / `down` / `render-pause` with only a FOREIGN process around never signal it (stale state files included)
  ---
  duration_ms: 3011.080417
  type: 'test'
  ...
# Subtest: e2e-stack.sh: render worker lifecycle through the CLI - start on a free port, pause/resume/stop touch only it
ok 17 - e2e-stack.sh: render worker lifecycle through the CLI - start on a free port, pause/resume/stop touch only it
  ---
  duration_ms: 1057.291833
  type: 'test'
  ...
# Subtest: LAUNCHER_REEXEC: a launcher that re-execs itself with a different argv is still OWNED after start and stops WITHOUT an explicit refresh (spawnOwned and the CLI)
ok 18 - LAUNCHER_REEXEC: a launcher that re-execs itself with a different argv is still OWNED after start and stops WITHOUT an explicit refresh (spawnOwned and the CLI)
  ---
  duration_ms: 2864.429167
  type: 'test'
  ...
# Subtest: LAUNCHER_REEXEC: the settle step never blesses a pid that changed hands (start time differs => nothing recorded as ours)
ok 19 - LAUNCHER_REEXEC: the settle step never blesses a pid that changed hands (start time differs => nothing recorded as ours)
  ---
  duration_ms: 16.668542
  type: 'test'
  ...
# Subtest: allowlist: `node .../npx <args>` = `npx <args>` = `npm exec <args>` ONLY with identical arguments; never any other command
ok 20 - allowlist: `node .../npx <args>` = `npx <args>` = `npm exec <args>` ONLY with identical arguments; never any other command
  ---
  duration_ms: 114.4695
  type: 'test'
  ...
# Subtest: STATE_KEPT: a REFUSED stop keeps the state file while the recorded pid is alive (stopOwned and the CLI); STOPPED / ALREADY_GONE remove it
ok 21 - STATE_KEPT: a REFUSED stop keeps the state file while the recorded pid is alive (stopOwned and the CLI); STOPPED / ALREADY_GONE remove it
  ---
  duration_ms: 178.999
  type: 'test'
  ...
1..21
# tests 21
# suites 0
# pass 21
# fail 0
# cancelled 0
# skipped 0
# todo 0
# duration_ms 16227.47225
