# start: 2026-10-06T13:33:29Z
# cwd:   /Users/hoangluan/code/xweb-c6
# cmd:   env XWEB_CONFORMANCE_DIR=/Users/hoangluan/code/xweb-c6/backend/src/test/resources/app-definition npm run test:unit


> system-web-studio@0.2.0 test:unit
> node scripts/test-unit.mjs

✔ exactly the nine canonical types have labels; REFRESH_QUERY present, RUN_QUERY absent (0.628458ms)
✔ RUN_QUERY (alias) is refused with a pointer to REFRESH_QUERY (0.260667ms)
✔ REFRESH_QUERY needs an existing READ query (1.6315ms)
✔ trigger is OPTIONAL: UI-bound has one, child (workflow step) does not and is valid; unattached is classified (5.506667ms)
✔ no arbitrary code: forbidden keys (sql/script/url/headers/token/...) are reported anywhere in a declaration (0.328625ms)
✔ which permission the server checks per action kind (informational) (0.076042ms)
✔ events/actions offered come from component-metadata only (0.168333ms)
✔ describeAction reads naturally and survives a deleted target (0.163917ms)
✔ ops use canonical typed definition operations (0.322667ms)
✔ icon button requires and renders an accessible name (5.361334ms)
✔ StateBox: NOT_READY shows 'Chưa sẵn sàng' + reason; LOADING/ERROR have status/alert roles; AVAILABLE renders nothing (2.802458ms)
✔ Tabs expose tablist/tab/aria-selected with roving tabindex (0.760042ms)
✔ Dialog is a labelled modal dialog (0.473583ms)
✔ left rail has the eight tools; vertical tablist (0.771ms)
✔ top bar: name, save state, Edit/Test, device, Share, Publish; disabled controls explain why (1.265208ms)
✔ pages panel: ARIA tree, routes, broken-route alert, set-home and reorder NOT_READY (9.476541ms)
✔ pages panel for a viewer: no create/rename/delete controls (3.2155ms)
✔ components panel: drag handle + add button per component, data components NOT_READY when missing, only registry entries (3.287375ms)
✔ action editor offers the nine canonical types (REFRESH_QUERY yes, RUN_QUERY no) and has no code/SQL/URL inputs (2.3525ms)
✔ action editor: trigger is optional (checkbox), a child action has none (2.6615ms)
✔ actions panel: NOT_READY when the V2 core is missing; list with roles when available (1.061625ms)
✔ workflow editor shows retry, timeout, compensation and approval as readable chips; kinds limited to V1 (2.810875ms)
✔ workflows panel: NOT_READY gate and list (1.852916ms)
✔ data wizard: six steps; source and discovery are NOT_READY without a server; no mock rows (1.664667ms)
✔ data wizard with the V2 core missing: every step past discovery says Chưa sẵn sàng (0.861958ms)
✔ inspector: six tabs; Design NOT_READY for a component without design props; viewer sees why permissions are off (1.206334ms)
✔ test panel: Edit != Test rules, would-run / unsupported / not-sent / publish not run, Chạy thử disabled with reason, never SUCCESS (1.557833ms)
✔ outcome view: 409 unknown outcome and 422 rejected have their own messages (0.334292ms)
✔ forms + theme panels: NOT_READY gates, no CSS/URL inputs for the theme (1.367916ms)
✔ conformance: manifest is present and lists fixtures (0.606958ms)
✔ conformance VALID legacy-single-page.json: no client-side issue (1.117625ms)
✔ conformance VALID valid-v2-full.json: no client-side issue (1.251542ms)
✔ conformance VALID valid-action-refresh-query.json: no client-side issue (0.462ms)
✔ conformance VALID valid-param-date.json: no client-side issue (0.476917ms)
✔ conformance VALID valid-required-omitted.json: no client-side issue (0.285667ms)
✔ conformance VALID valid-unknown-fields-roundtrip.json: no client-side issue (0.467583ms)
✔ conformance VALID valid-action-def-full.json: no client-side issue (2.899875ms)
✔ conformance VALID valid-workflow-def-full.json: no client-side issue (0.730125ms)
✔ conformance VALID valid-mapping-def-full.json: no client-side issue (0.696375ms)
✔ conformance INVALID invalid-permission-code.json: reports every manifest path (0.500458ms)
✔ conformance INVALID invalid-reference.json: reports every manifest path (0.227834ms)
✔ conformance INVALID invalid-action-run-query-alias.json: reports every manifest path (0.255ms)
✔ conformance VALID valid-mapping-transforms.json: no client-side issue (0.177583ms)
✔ conformance VALID valid-mapping-legacy-transform.json: no client-side issue (0.236ms)
✔ conformance INVALID invalid-mapping-transform-both.json: reports every manifest path (0.344792ms)
✔ contract mirror is versioned and pinned to integration/v2 (0.558334ms)
✔ 14 canonical permission codes, incl. TENANT_MANAGE and TENANT_MEMBERS, nothing invented (0.220417ms)
✔ 9 canonical action types, REFRESH_QUERY present, RUN_QUERY and friends rejected (0.15575ms)
✔ param types include DATE and required defaults to true (0.07425ms)
✔ event wire names are the six canonical ones (0.411958ms)
✔ static NOT_READY features carry a reason, none is faked AVAILABLE (0.091625ms)
✔ transforms[]: legacy `transform` (object or array) normalises to transforms[]; both keys is an error (1.075417ms)
✔ UI can only create the simple (parameterless) transforms; stored complex ones are kept (0.21925ms)
✔ transforms reorder / remove (0.118ms)
✔ ParamDef.required defaults to true: only an explicit false is written (0.788666ms)
✔ query: operation must be an approved key, never SQL or a URL; source must exist (0.863042ms)
✔ mapping -> viewModel -> binding chain builds canonical definitions with local ids (1.014125ms)
✔ mapping checks: duplicate targets, missing source (0.209ms)
✔ binding compatibility explains missing item fields (0.111ms)
✔ backend missing: data sources and discovery are NOT_READY, later steps follow definition ops; no mock rows (2.146542ms)
✔ component states: loading / empty / error / success / not-ready (0.532917ms)
✔ action referencing a mapped query passes ref check (REFRESH_QUERY) (1.233042ms)
✔ insert indicator: slot comes from the pointer position against section midpoints (0.5665ms)
✔ library -> canvas: ADD_SECTION at the slot; nothing goes after a trailing Footer (0.507917ms)
✔ adding to an inner page carries pageId; home does not (0.076792ms)
✔ reorder: dragging down accounts for the removed item (arrayMove) (0.140833ms)
✔ Footer stays last; others cannot pass it (2.868166ms)
✔ keyboard fallback: step up/down; ends are no-ops (0.128583ms)
✔ click-to-add fallback: after the selection, else at the end before the Footer (0.145291ms)
✔ slot over rendered rectangles maps back to a section index even when a section has no renderer (0.110917ms)
✔ canStep: a step button is enabled only when it would really move (trailing Footer never moves, ends cannot step off the list) (0.334458ms)
✔ 409 IDEMPOTENCY_OUTCOME_UNKNOWN: ambiguous, retry NOT safe, says check the data first (0.921709ms)
✔ 409 REVISION_CONFLICT is a plain conflict, not the idempotency one (0.085583ms)
✔ 422 MUTATION_REJECTED is rejected (not 'invalid schema') (0.128ms)
✔ 422 SCHEMA_INVALID lists violations (0.102292ms)
✔ 404/501 -> unavailable (NOT_READY), 403 -> forbidden (0.068791ms)
✔ test mode: errors become outcomes; never SUCCESS (0.175ms)
✔ test mode: SUCCESS only when the server says so (0.101208ms)
✔ test mode rules per action kind (0.103041ms)
✔ backend probe: 404 -> definition operations NOT_READY with reason; ok -> AVAILABLE; 500 -> ERROR; loading -> LOADING (0.370958ms)
✔ 409 IDEMPOTENCY_IN_PROGRESS is 'wait', not 'the app changed elsewhere'; IDEMPOTENCY_CONFLICT is a non-retryable client bug (0.371084ms)
✔ 422 MUTATION_UNSUPPORTED / READ_ONLY_VIOLATION / INVALID_MAPPING / MAPPING_FAILED / UNSUPPORTED_TYPE: nothing applied, not retryable, not 'schema invalid' (0.1285ms)
✔ 429 RATE_LIMITED is retryable with backoff (0.0555ms)
✔ a 500/502/504/network failure of a WRITE is 'outcome unknown' and not retry-safe; the same failure of a read stays a plain error (0.077625ms)
✔ 4xx permission/validation answers of a write are NOT treated as unknown outcome (0.041542ms)
✔ C4 action runtime codes map to the same user classes (ActionErrorCodes) (0.056916ms)
✔ a C4 TEST-mode WouldRun answer is shown as 'would run' at every level and is never a success (0.064834ms)
✔ inspector has the six tabs in order (0.878125ms)
✔ props are grouped: content / design / visibility (0.210416ms)
✔ Design tab is NOT_READY (with reason) for a component with no design props; Data/Action follow definition-ops readiness (0.25375ms)
✔ content edits compile to UPDATE_PROP / ADD_ITEM / REMOVE_ITEM, nothing for unchanged props (0.298875ms)
✔ bindable props: derived from the schema when no metadata; from metadata when present (0.171125ms)
✔ permission labels cover all 14 canonical codes (0.051875ms)
✔ legacy PROJECT_* permissions map to canonical; unknown codes are dropped (never invented) (0.079583ms)
✔ permission-driven UI: viewer cannot edit or publish; new codes are deny-by-default (0.1445ms)
✔ library: only registry components; non-renderable ones are disabled with a reason; data components list NOT_READY for missing ones (0.456667ms)
✔ new sections start with only required props filled (no fake content) (0.379083ms)
✔ page tree: home first, then pages in document order, with routes (0.99125ms)
✔ slugify strips Vietnamese diacritics; reserved and duplicate slugs are refused (0.36075ms)
✔ add page: unique slug, ADD_PAGE op; empty name and the page cap are refused (0.241042ms)
✔ rename: home keeps '/', other page can change slug if valid (0.108041ms)
✔ delete: home cannot be deleted; impact names sections, menu links and NAVIGATE actions (0.245125ms)
✔ set-home and page reorder are NOT_READY (no op in the contract) with a reason; menu reorder is real (0.145458ms)
✔ 404: unknown route resolves to the not-found page, known routes to pages (0.29ms)
✔ preflight blocks publish on broken routes (menu page removed, NAVIGATE to missing page, bad slug) (1.265667ms)
✔ preflight: static + public + data binding is BLOCK; dynamic is WARN (2.215125ms)
✔ portal paths come from PORTAL_PREFIX, not from literals (0.569208ms)
✔ portalHref without configured origins is path-only (same origin) (0.1785ms)
✔ portalOfPath identifies the owning portal by first segment only (0.122375ms)
✔ safeNext accepts only same-app portal paths (0.883625ms)
✔ resolvePostLogin (legacy single app) follows capabilities (0.409542ms)
✔ resolvePortalPostLogin stays inside the portal and never trusts hiding as authorisation (0.097208ms)
✔ accessiblePortals reflects the TEMPORARY systemAdmin mapping (D-C5-05) (0.470125ms)
✔ backend without tenancy fields: unchanged behaviour (systemAdmin / any workspace) (0.094834ms)
✔ platformScope wins over systemAdmin when the server sends it (0.291792ms)
✔ a TENANT_ADMIN does not get the Admin portal yet (every /admin/** API is AdminGuard) but does get tenant.members (0.346208ms)
✔ a platform-only SYSTEM_ADMIN (tenant-level codes in every workspace row) is not offered Studio and lands on the console (0.128333ms)
✔ a SYSTEM_ADMIN with businessAccess keeps Studio (workspace rows carry app codes) (0.056541ms)
✔ a VIEWER-style member (APP_VIEW only) can open Studio but not the console (0.046125ms)
✔ v1 step kinds are exactly ACTION/WAIT/APPROVAL/BRANCH/END (0.852042ms)
✔ new workflow is MANUAL with only an END step (0.219875ms)
✔ add steps: new ones go before the trailing END; ids are unique (0.210709ms)
✔ remove step re-points references at its successor (0.22375ms)
✔ move step swaps neighbours and clears a stale explicit next (0.140625ms)
✔ conditions read in Vietnamese incl. nested all/any/not/exists (0.1575ms)
✔ chips show retry, timeout, wait, approval, condition, compensation, error route (0.34725ms)
✔ validation: schedule needs a cron, approvals need approvers, branches need conditions, WAIT needs a duration, unreachable steps flagged (2.605667ms)
✔ a workflow step pointing at a missing action is a reference issue (0.428333ms)
✔ ordered steps follow the flow; branch targets reachable (0.41225ms)
✔ workflow ops are canonical definition operations (0.141834ms)
ℹ tests 130
ℹ suites 0
ℹ pass 130
ℹ fail 0
ℹ cancelled 0
ℹ skipped 0
ℹ todo 0
ℹ duration_ms 185.59825
