# start: 2026-10-06T13:33:34Z
# cwd:   /Users/hoangluan/code/xweb-c6
# cmd:   npm run test:unit


> system-web-studio@0.2.0 test:unit
> node scripts/test-unit.mjs

✔ exactly the nine canonical types have labels; REFRESH_QUERY present, RUN_QUERY absent (0.607ms)
✔ RUN_QUERY (alias) is refused with a pointer to REFRESH_QUERY (0.2615ms)
✔ REFRESH_QUERY needs an existing READ query (1.672666ms)
✔ trigger is OPTIONAL: UI-bound has one, child (workflow step) does not and is valid; unattached is classified (22.288917ms)
✔ no arbitrary code: forbidden keys (sql/script/url/headers/token/...) are reported anywhere in a declaration (9.00325ms)
✔ which permission the server checks per action kind (informational) (0.125375ms)
✔ events/actions offered come from component-metadata only (0.19625ms)
✔ describeAction reads naturally and survives a deleted target (0.190083ms)
✔ ops use canonical typed definition operations (0.335792ms)
✔ icon button requires and renders an accessible name (5.42175ms)
✔ StateBox: NOT_READY shows 'Chưa sẵn sàng' + reason; LOADING/ERROR have status/alert roles; AVAILABLE renders nothing (2.69425ms)
✔ Tabs expose tablist/tab/aria-selected with roving tabindex (0.742459ms)
✔ Dialog is a labelled modal dialog (0.484209ms)
✔ left rail has the eight tools; vertical tablist (0.788625ms)
✔ top bar: name, save state, Edit/Test, device, Share, Publish; disabled controls explain why (1.321708ms)
✔ pages panel: ARIA tree, routes, broken-route alert, set-home and reorder NOT_READY (10.831625ms)
✔ pages panel for a viewer: no create/rename/delete controls (3.165334ms)
✔ components panel: drag handle + add button per component, data components NOT_READY when missing, only registry entries (3.570958ms)
✔ action editor offers the nine canonical types (REFRESH_QUERY yes, RUN_QUERY no) and has no code/SQL/URL inputs (2.590958ms)
✔ action editor: trigger is optional (checkbox), a child action has none (4.47225ms)
✔ actions panel: NOT_READY when the V2 core is missing; list with roles when available (1.30125ms)
✔ workflow editor shows retry, timeout, compensation and approval as readable chips; kinds limited to V1 (2.711ms)
✔ workflows panel: NOT_READY gate and list (0.8035ms)
✔ data wizard: six steps; source and discovery are NOT_READY without a server; no mock rows (1.595209ms)
✔ data wizard with the V2 core missing: every step past discovery says Chưa sẵn sàng (0.875667ms)
✔ inspector: six tabs; Design NOT_READY for a component without design props; viewer sees why permissions are off (1.232125ms)
✔ test panel: Edit != Test rules, would-run / unsupported / not-sent / publish not run, Chạy thử disabled with reason, never SUCCESS (1.585792ms)
✔ outcome view: 409 unknown outcome and 422 rejected have their own messages (0.322959ms)
✔ forms + theme panels: NOT_READY gates, no CSS/URL inputs for the theme (1.352584ms)
﹣ conformance: manifest is present and lists fixtures (0.437416ms) # XWEB_CONFORMANCE_DIR not set or manifest.json missing: conformance NOT run (see docs/parallel/c5/PHASE3_AUDIT.md)
✔ contract mirror is versioned and pinned to integration/v2 (0.608375ms)
✔ 14 canonical permission codes, incl. TENANT_MANAGE and TENANT_MEMBERS, nothing invented (0.113959ms)
✔ 9 canonical action types, REFRESH_QUERY present, RUN_QUERY and friends rejected (0.123583ms)
✔ param types include DATE and required defaults to true (0.063292ms)
✔ event wire names are the six canonical ones (0.3795ms)
✔ static NOT_READY features carry a reason, none is faked AVAILABLE (0.087375ms)
✔ transforms[]: legacy `transform` (object or array) normalises to transforms[]; both keys is an error (1.194ms)
✔ UI can only create the simple (parameterless) transforms; stored complex ones are kept (0.265708ms)
✔ transforms reorder / remove (0.118208ms)
✔ ParamDef.required defaults to true: only an explicit false is written (0.185166ms)
✔ query: operation must be an approved key, never SQL or a URL; source must exist (0.599084ms)
✔ mapping -> viewModel -> binding chain builds canonical definitions with local ids (0.434334ms)
✔ mapping checks: duplicate targets, missing source (0.193292ms)
✔ binding compatibility explains missing item fields (0.10225ms)
✔ backend missing: data sources and discovery are NOT_READY, later steps follow definition ops; no mock rows (1.062166ms)
✔ component states: loading / empty / error / success / not-ready (0.379875ms)
✔ action referencing a mapped query passes ref check (REFRESH_QUERY) (0.671ms)
✔ insert indicator: slot comes from the pointer position against section midpoints (0.586958ms)
✔ library -> canvas: ADD_SECTION at the slot; nothing goes after a trailing Footer (0.531541ms)
✔ adding to an inner page carries pageId; home does not (0.080125ms)
✔ reorder: dragging down accounts for the removed item (arrayMove) (0.146541ms)
✔ Footer stays last; others cannot pass it (0.751292ms)
✔ keyboard fallback: step up/down; ends are no-ops (0.101958ms)
✔ click-to-add fallback: after the selection, else at the end before the Footer (0.127833ms)
✔ slot over rendered rectangles maps back to a section index even when a section has no renderer (0.1105ms)
✔ canStep: a step button is enabled only when it would really move (trailing Footer never moves, ends cannot step off the list) (0.331541ms)
✔ 409 IDEMPOTENCY_OUTCOME_UNKNOWN: ambiguous, retry NOT safe, says check the data first (0.79675ms)
✔ 409 REVISION_CONFLICT is a plain conflict, not the idempotency one (0.072416ms)
✔ 422 MUTATION_REJECTED is rejected (not 'invalid schema') (0.117625ms)
✔ 422 SCHEMA_INVALID lists violations (0.090708ms)
✔ 404/501 -> unavailable (NOT_READY), 403 -> forbidden (0.066334ms)
✔ test mode: errors become outcomes; never SUCCESS (0.15475ms)
✔ test mode: SUCCESS only when the server says so (0.094166ms)
✔ test mode rules per action kind (0.100666ms)
✔ backend probe: 404 -> definition operations NOT_READY with reason; ok -> AVAILABLE; 500 -> ERROR; loading -> LOADING (0.358792ms)
✔ 409 IDEMPOTENCY_IN_PROGRESS is 'wait', not 'the app changed elsewhere'; IDEMPOTENCY_CONFLICT is a non-retryable client bug (0.3715ms)
✔ 422 MUTATION_UNSUPPORTED / READ_ONLY_VIOLATION / INVALID_MAPPING / MAPPING_FAILED / UNSUPPORTED_TYPE: nothing applied, not retryable, not 'schema invalid' (0.127667ms)
✔ 429 RATE_LIMITED is retryable with backoff (0.054083ms)
✔ a 500/502/504/network failure of a WRITE is 'outcome unknown' and not retry-safe; the same failure of a read stays a plain error (0.074417ms)
✔ 4xx permission/validation answers of a write are NOT treated as unknown outcome (0.039458ms)
✔ C4 action runtime codes map to the same user classes (ActionErrorCodes) (0.056125ms)
✔ a C4 TEST-mode WouldRun answer is shown as 'would run' at every level and is never a success (0.068ms)
✔ inspector has the six tabs in order (1.099584ms)
✔ props are grouped: content / design / visibility (0.241167ms)
✔ Design tab is NOT_READY (with reason) for a component with no design props; Data/Action follow definition-ops readiness (0.570834ms)
✔ content edits compile to UPDATE_PROP / ADD_ITEM / REMOVE_ITEM, nothing for unchanged props (0.376166ms)
✔ bindable props: derived from the schema when no metadata; from metadata when present (0.197292ms)
✔ permission labels cover all 14 canonical codes (0.058291ms)
✔ legacy PROJECT_* permissions map to canonical; unknown codes are dropped (never invented) (0.084417ms)
✔ permission-driven UI: viewer cannot edit or publish; new codes are deny-by-default (0.160708ms)
✔ library: only registry components; non-renderable ones are disabled with a reason; data components list NOT_READY for missing ones (0.492084ms)
✔ new sections start with only required props filled (no fake content) (0.400542ms)
✔ page tree: home first, then pages in document order, with routes (1.017834ms)
✔ slugify strips Vietnamese diacritics; reserved and duplicate slugs are refused (0.35775ms)
✔ add page: unique slug, ADD_PAGE op; empty name and the page cap are refused (0.237625ms)
✔ rename: home keeps '/', other page can change slug if valid (0.110542ms)
✔ delete: home cannot be deleted; impact names sections, menu links and NAVIGATE actions (0.24675ms)
✔ set-home and page reorder are NOT_READY (no op in the contract) with a reason; menu reorder is real (0.138208ms)
✔ 404: unknown route resolves to the not-found page, known routes to pages (0.285334ms)
✔ preflight blocks publish on broken routes (menu page removed, NAVIGATE to missing page, bad slug) (1.281625ms)
✔ preflight: static + public + data binding is BLOCK; dynamic is WARN (1.675333ms)
✔ portal paths come from PORTAL_PREFIX, not from literals (0.576291ms)
✔ portalHref without configured origins is path-only (same origin) (0.183333ms)
✔ portalOfPath identifies the owning portal by first segment only (0.126417ms)
✔ safeNext accepts only same-app portal paths (0.984791ms)
✔ resolvePostLogin (legacy single app) follows capabilities (0.27675ms)
✔ resolvePortalPostLogin stays inside the portal and never trusts hiding as authorisation (0.094708ms)
✔ accessiblePortals reflects the TEMPORARY systemAdmin mapping (D-C5-05) (0.492667ms)
✔ backend without tenancy fields: unchanged behaviour (systemAdmin / any workspace) (0.095625ms)
✔ platformScope wins over systemAdmin when the server sends it (0.282334ms)
✔ a TENANT_ADMIN does not get the Admin portal yet (every /admin/** API is AdminGuard) but does get tenant.members (0.352875ms)
✔ a platform-only SYSTEM_ADMIN (tenant-level codes in every workspace row) is not offered Studio and lands on the console (0.131833ms)
✔ a SYSTEM_ADMIN with businessAccess keeps Studio (workspace rows carry app codes) (0.054416ms)
✔ a VIEWER-style member (APP_VIEW only) can open Studio but not the console (0.04975ms)
✔ v1 step kinds are exactly ACTION/WAIT/APPROVAL/BRANCH/END (0.967167ms)
✔ new workflow is MANUAL with only an END step (0.241875ms)
✔ add steps: new ones go before the trailing END; ids are unique (0.2355ms)
✔ remove step re-points references at its successor (0.24125ms)
✔ move step swaps neighbours and clears a stale explicit next (0.149625ms)
✔ conditions read in Vietnamese incl. nested all/any/not/exists (0.171834ms)
✔ chips show retry, timeout, wait, approval, condition, compensation, error route (0.389125ms)
✔ validation: schedule needs a cron, approvals need approvers, branches need conditions, WAIT needs a duration, unreachable steps flagged (3.349292ms)
✔ a workflow step pointing at a missing action is a reference issue (0.444167ms)
✔ ordered steps follow the flow; branch targets reachable (0.432959ms)
✔ workflow ops are canonical definition operations (0.148208ms)
ℹ tests 115
ℹ suites 0
ℹ pass 114
ℹ fail 0
ℹ cancelled 0
ℹ skipped 1
ℹ todo 0
ℹ duration_ms 192.604167
