# start: 2026-10-06T15:33:52Z
# cwd:   /Users/hoangluan/code/xweb-c6
# cmd:   npm run build:apps


> system-web-studio@0.2.0 build:apps
> npm run build:platform && npm run build:admin && npm run build:studio


> system-web-studio@0.2.0 build:platform
> npm run build -w @xweb/app-platform


> @xweb/app-platform@0.0.0 build
> next build

▲ Next.js 16.3.8 (Turbopack)
✓ Running next.config.ts took 125ms

  Creating an optimized production build ...
✓ Compiled successfully in 357ms
  Running TypeScript ...
  Finished TypeScript in 804ms ...
  Collecting page data using 4 workers ...
  Generating static pages using 4 workers (0/2) ...
✓ Generating static pages using 4 workers (2/2) in 277ms
  Finalizing page optimization ...

Route (app)
┌ ƒ /_not-found
└ ƒ /[[...slug]]


ƒ Proxy (Middleware)

ƒ  (Dynamic)  server-rendered on demand


> system-web-studio@0.2.0 build:admin
> npm run build -w @xweb/app-admin


> @xweb/app-admin@0.0.0 build
> next build

▲ Next.js 16.3.8 (Turbopack)
✓ Running next.config.ts took 28ms

  Creating an optimized production build ...
✓ Compiled successfully in 236ms
  Running TypeScript ...
  Finished TypeScript in 1224ms ...
  Collecting page data using 4 workers ...
  Generating static pages using 4 workers (0/2) ...
✓ Generating static pages using 4 workers (2/2) in 257ms
  Finalizing page optimization ...

Route (app)
┌ ƒ /_not-found
└ ƒ /[[...slug]]


ƒ Proxy (Middleware)

ƒ  (Dynamic)  server-rendered on demand


> system-web-studio@0.2.0 build:studio
> npm run build -w @xweb/app-studio


> @xweb/app-studio@0.0.0 build
> next build

▲ Next.js 16.3.8 (Turbopack)
✓ Running next.config.ts took 21ms

  Creating an optimized production build ...
✓ Compiled successfully in 290ms
  Running TypeScript ...
  Finished TypeScript in 935ms ...
  Collecting page data using 4 workers ...
  Generating static pages using 4 workers (0/2) ...
✓ Generating static pages using 4 workers (2/2) in 358ms
  Finalizing page optimization ...

Route (app)
┌ ƒ /_not-found
└ ƒ /[[...slug]]


ƒ Proxy (Middleware)

ƒ  (Dynamic)  server-rendered on demand

