# start: 2026-10-06T15:33:46Z
# cwd:   /Users/hoangluan/code/xweb-c6
# cmd:   env XWEB_CONFORMANCE_DIR=/Users/hoangluan/code/xweb-c6/backend/src/test/resources/app-definition npm run test:unit


> system-web-studio@0.2.0 test:unit
> node scripts/test-unit.mjs

✔ exactly the nine canonical types have labels; REFRESH_QUERY present, RUN_QUERY absent (1.727584ms)
✔ RUN_QUERY (alias) is refused with a pointer to REFRESH_QUERY (0.279125ms)
✔ REFRESH_QUERY needs an existing READ query (1.8255ms)
✔ trigger is OPTIONAL: UI-bound has one, child (workflow step) does not and is valid; unattached is classified (2.601042ms)
✔ no arbitrary code: forbidden keys (sql/script/url/headers/token/...) are reported anywhere in a declaration (0.313542ms)
✔ which permission the server checks per action kind (informational) (0.098125ms)
✔ events/actions offered come from component-metadata only (0.172541ms)
✔ describeAction reads naturally and survives a deleted target (0.169166ms)
✔ ops use canonical typed definition operations (0.332333ms)
✔ icon button requires and renders an accessible name (5.07075ms)
✔ StateBox: NOT_READY shows 'Chưa sẵn sàng' + reason; LOADING/ERROR have status/alert roles; AVAILABLE renders nothing (2.582959ms)
✔ Tabs expose tablist/tab/aria-selected with roving tabindex (0.691458ms)
✔ Dialog is a labelled modal dialog (0.421542ms)
✔ left rail has the eight tools; vertical tablist (0.689708ms)
✔ top bar: name, save state, Edit/Test, device, Share, Publish; disabled controls explain why (1.196125ms)
✔ pages panel: ARIA tree, routes, broken-route alert, set-home and reorder NOT_READY (9.247041ms)
✔ pages panel for a viewer: no create/rename/delete controls (2.841ms)
✔ components panel: drag handle + add button per component, data components NOT_READY when missing, only registry entries (3.300542ms)
✔ action editor offers the nine canonical types (REFRESH_QUERY yes, RUN_QUERY no) and has no code/SQL/URL inputs (2.502292ms)
✔ action editor: trigger is optional (checkbox), a child action has none (2.765333ms)
✔ actions panel: NOT_READY when the V2 core is missing; list with roles when available (1.137542ms)
✔ workflow editor shows retry, timeout, compensation and approval as readable chips; kinds limited to V1 (2.807ms)
✔ workflows panel: NOT_READY gate and list (0.742875ms)
✔ data wizard: six steps; source and discovery are NOT_READY without a server; no mock rows (1.512708ms)
✔ data wizard with the V2 core missing: every step past discovery says Chưa sẵn sàng (0.817042ms)
✔ inspector: six tabs; Design NOT_READY for a component without design props; viewer sees why permissions are off (1.099041ms)
✔ test panel: Edit != Test rules, would-run / unsupported / not-sent / publish not run, Chạy thử disabled with reason, never SUCCESS (1.385042ms)
✔ outcome view: 409 unknown outcome and 422 rejected have their own messages (0.274125ms)
✔ forms + theme panels: NOT_READY gates, no CSS/URL inputs for the theme (1.15625ms)
✔ conformance: manifest is present and lists fixtures (0.645125ms)
✔ conformance VALID legacy-single-page.json: no client-side issue (1.104625ms)
✔ conformance VALID valid-v2-full.json: no client-side issue (1.072833ms)
✔ conformance VALID valid-action-refresh-query.json: no client-side issue (0.392125ms)
✔ conformance VALID valid-param-date.json: no client-side issue (0.481916ms)
✔ conformance VALID valid-required-omitted.json: no client-side issue (0.278542ms)
✔ conformance VALID valid-unknown-fields-roundtrip.json: no client-side issue (0.921ms)
✔ conformance VALID valid-action-def-full.json: no client-side issue (3.372083ms)
✔ conformance VALID valid-workflow-def-full.json: no client-side issue (0.801292ms)
✔ conformance VALID valid-mapping-def-full.json: no client-side issue (0.768ms)
✔ conformance INVALID invalid-permission-code.json: reports every manifest path (0.509167ms)
✔ conformance INVALID invalid-reference.json: reports every manifest path (0.236667ms)
✔ conformance INVALID invalid-action-run-query-alias.json: reports every manifest path (0.3035ms)
✔ conformance VALID valid-mapping-transforms.json: no client-side issue (0.191916ms)
✔ conformance VALID valid-mapping-legacy-transform.json: no client-side issue (0.163875ms)
✔ conformance INVALID invalid-mapping-transform-both.json: reports every manifest path (0.313167ms)
✔ contract mirror is versioned and pinned to integration/v2 (0.577917ms)
✔ 14 canonical permission codes, incl. TENANT_MANAGE and TENANT_MEMBERS, nothing invented (0.141291ms)
✔ 9 canonical action types, REFRESH_QUERY present, RUN_QUERY and friends rejected (0.136416ms)
✔ param types include DATE and required defaults to true (0.064541ms)
✔ event wire names are the six canonical ones (0.398708ms)
✔ static NOT_READY features carry a reason, none is faked AVAILABLE (0.091667ms)
✔ transforms[]: legacy `transform` (object or array) normalises to transforms[]; both keys is an error (0.947625ms)
✔ UI can only create the simple (parameterless) transforms; stored complex ones are kept (0.177292ms)
✔ transforms reorder / remove (0.105834ms)
✔ ParamDef.required defaults to true: only an explicit false is written (0.163584ms)
✔ query: operation must be an approved key, never SQL or a URL; source must exist (0.269708ms)
✔ mapping -> viewModel -> binding chain builds canonical definitions with local ids (0.357542ms)
✔ mapping checks: duplicate targets, missing source (0.149875ms)
✔ binding compatibility explains missing item fields (0.093167ms)
✔ backend missing: data sources and discovery are NOT_READY, later steps follow definition ops; no mock rows (1.262667ms)
✔ component states: loading / empty / error / success / not-ready (0.401583ms)
✔ action referencing a mapped query passes ref check (REFRESH_QUERY) (0.697417ms)
✔ insert indicator: slot comes from the pointer position against section midpoints (1.460791ms)
✔ library -> canvas: ADD_SECTION at the slot; nothing goes after a trailing Footer (1.091167ms)
✔ adding to an inner page carries pageId; home does not (0.092542ms)
✔ reorder: dragging down accounts for the removed item (arrayMove) (0.158125ms)
✔ Footer stays last; others cannot pass it (1.477417ms)
✔ keyboard fallback: step up/down; ends are no-ops (0.340292ms)
✔ click-to-add fallback: after the selection, else at the end before the Footer (0.593125ms)
✔ slot over rendered rectangles maps back to a section index even when a section has no renderer (0.239667ms)
✔ canStep: a step button is enabled only when it would really move (trailing Footer never moves, ends cannot step off the list) (0.368666ms)
✔ 409 IDEMPOTENCY_OUTCOME_UNKNOWN: ambiguous, retry NOT safe, says check the data first (0.908042ms)
✔ 409 REVISION_CONFLICT is a plain conflict, not the idempotency one (0.080958ms)
✔ 422 MUTATION_REJECTED is rejected (not 'invalid schema') (0.125958ms)
✔ 422 SCHEMA_INVALID lists violations (0.09125ms)
✔ 404/501 -> unavailable (NOT_READY), 403 -> forbidden (0.06775ms)
✔ test mode: errors become outcomes; never SUCCESS (0.189542ms)
✔ test mode: SUCCESS only when the server says so (0.094375ms)
✔ test mode rules per action kind (0.098917ms)
✔ backend probe: 404 -> definition operations NOT_READY with reason; ok -> AVAILABLE; 500 -> ERROR; loading -> LOADING (0.362167ms)
✔ 409 IDEMPOTENCY_IN_PROGRESS is 'wait', not 'the app changed elsewhere'; IDEMPOTENCY_CONFLICT is a non-retryable client bug (0.356834ms)
✔ 422 MUTATION_UNSUPPORTED / READ_ONLY_VIOLATION / INVALID_MAPPING / MAPPING_FAILED / UNSUPPORTED_TYPE: nothing applied, not retryable, not 'schema invalid' (0.121833ms)
✔ 429 RATE_LIMITED is retryable with backoff (0.053875ms)
✔ a 500/502/504/network failure of a WRITE is 'outcome unknown' and not retry-safe; the same failure of a read stays a plain error (0.074125ms)
✔ 4xx permission/validation answers of a write are NOT treated as unknown outcome (0.09425ms)
✔ C4 action runtime codes map to the same user classes (ActionErrorCodes) (0.0555ms)
✔ a C4 TEST-mode WouldRun answer is shown as 'would run' at every level and is never a success (0.065708ms)
✔ inspector has the six tabs in order (0.878667ms)
✔ props are grouped: content / design / visibility (0.215208ms)
✔ Design tab is NOT_READY (with reason) for a component with no design props; Data/Action follow definition-ops readiness (0.247875ms)
✔ content edits compile to UPDATE_PROP / ADD_ITEM / REMOVE_ITEM, nothing for unchanged props (0.3035ms)
✔ bindable props: derived from the schema when no metadata; from metadata when present (0.166ms)
✔ permission labels cover all 14 canonical codes (0.053042ms)
✔ legacy PROJECT_* permissions map to canonical; unknown codes are dropped (never invented) (0.0825ms)
✔ permission-driven UI: viewer cannot edit or publish; new codes are deny-by-default (0.140375ms)
✔ library: only registry components; non-renderable ones are disabled with a reason; data components list NOT_READY for missing ones (0.4605ms)
✔ new sections start with only required props filled (no fake content) (0.371125ms)
✔ page tree: home first, then pages in document order, with routes (0.992917ms)
✔ slugify strips Vietnamese diacritics; reserved and duplicate slugs are refused (0.686417ms)
✔ add page: unique slug, ADD_PAGE op; empty name and the page cap are refused (0.278875ms)
✔ rename: home keeps '/', other page can change slug if valid (0.122083ms)
✔ delete: home cannot be deleted; impact names sections, menu links and NAVIGATE actions (0.277542ms)
✔ set-home and page reorder are NOT_READY (no op in the contract) with a reason; menu reorder is real (0.149375ms)
✔ 404: unknown route resolves to the not-found page, known routes to pages (0.28725ms)
✔ preflight blocks publish on broken routes (menu page removed, NAVIGATE to missing page, bad slug) (1.3265ms)
✔ preflight: static + public + data binding is BLOCK; dynamic is WARN (1.224ms)
✔ portal paths come from PORTAL_PREFIX, not from literals (0.656333ms)
✔ portalHref without configured origins is path-only (same origin) (0.18975ms)
✔ portalOfPath identifies the owning portal by first segment only (0.12575ms)
✔ safeNext accepts only same-app portal paths (0.573292ms)
✔ resolvePostLogin (legacy single app) follows capabilities (0.293584ms)
✔ resolvePortalPostLogin stays inside the portal and never trusts hiding as authorisation (0.097791ms)
✔ accessiblePortals reflects the TEMPORARY systemAdmin mapping (D-C5-05) (0.477834ms)
✔ backend without tenancy fields: unchanged behaviour (systemAdmin / any workspace) (0.099042ms)
✔ platformScope wins over systemAdmin when the server sends it (0.282542ms)
✔ a TENANT_ADMIN does not get the Admin portal yet (every /admin/** API is AdminGuard) but does get tenant.members (0.352791ms)
✔ a platform-only SYSTEM_ADMIN (tenant-level codes in every workspace row) is not offered Studio and lands on the console (0.130125ms)
✔ a SYSTEM_ADMIN with businessAccess keeps Studio (workspace rows carry app codes) (0.052959ms)
✔ a VIEWER-style member (APP_VIEW only) can open Studio but not the console (0.04675ms)
✔ v1 step kinds are exactly ACTION/WAIT/APPROVAL/BRANCH/END (0.79375ms)
✔ new workflow is MANUAL with only an END step (0.194167ms)
✔ add steps: new ones go before the trailing END; ids are unique (0.19575ms)
✔ remove step re-points references at its successor (0.208708ms)
✔ move step swaps neighbours and clears a stale explicit next (0.133542ms)
✔ conditions read in Vietnamese incl. nested all/any/not/exists (0.1455ms)
✔ chips show retry, timeout, wait, approval, condition, compensation, error route (0.308292ms)
✔ validation: schedule needs a cron, approvals need approvers, branches need conditions, WAIT needs a duration, unreachable steps flagged (2.157292ms)
✔ a workflow step pointing at a missing action is a reference issue (0.412083ms)
✔ ordered steps follow the flow; branch targets reachable (0.402791ms)
✔ workflow ops are canonical definition operations (0.136417ms)
ℹ tests 130
ℹ suites 0
ℹ pass 130
ℹ fail 0
ℹ cancelled 0
ℹ skipped 0
ℹ todo 0
ℹ duration_ms 149.390917
