# start: 2026-10-06T15:33:49Z
# cwd:   /Users/hoangluan/code/xweb-c6
# cmd:   npm run test:unit


> system-web-studio@0.2.0 test:unit
> node scripts/test-unit.mjs

✔ exactly the nine canonical types have labels; REFRESH_QUERY present, RUN_QUERY absent (0.574667ms)
✔ RUN_QUERY (alias) is refused with a pointer to REFRESH_QUERY (0.242958ms)
✔ REFRESH_QUERY needs an existing READ query (1.59475ms)
✔ trigger is OPTIONAL: UI-bound has one, child (workflow step) does not and is valid; unattached is classified (1.378333ms)
✔ no arbitrary code: forbidden keys (sql/script/url/headers/token/...) are reported anywhere in a declaration (0.396125ms)
✔ which permission the server checks per action kind (informational) (0.074583ms)
✔ events/actions offered come from component-metadata only (0.163916ms)
✔ describeAction reads naturally and survives a deleted target (0.160083ms)
✔ ops use canonical typed definition operations (0.329167ms)
✔ icon button requires and renders an accessible name (5.066167ms)
✔ StateBox: NOT_READY shows 'Chưa sẵn sàng' + reason; LOADING/ERROR have status/alert roles; AVAILABLE renders nothing (2.507625ms)
✔ Tabs expose tablist/tab/aria-selected with roving tabindex (0.715875ms)
✔ Dialog is a labelled modal dialog (0.462333ms)
✔ left rail has the eight tools; vertical tablist (0.738084ms)
✔ top bar: name, save state, Edit/Test, device, Share, Publish; disabled controls explain why (1.507791ms)
✔ pages panel: ARIA tree, routes, broken-route alert, set-home and reorder NOT_READY (9.757042ms)
✔ pages panel for a viewer: no create/rename/delete controls (2.339458ms)
✔ components panel: drag handle + add button per component, data components NOT_READY when missing, only registry entries (3.411791ms)
✔ action editor offers the nine canonical types (REFRESH_QUERY yes, RUN_QUERY no) and has no code/SQL/URL inputs (2.33075ms)
✔ action editor: trigger is optional (checkbox), a child action has none (2.652416ms)
✔ actions panel: NOT_READY when the V2 core is missing; list with roles when available (1.155375ms)
✔ workflow editor shows retry, timeout, compensation and approval as readable chips; kinds limited to V1 (2.583208ms)
✔ workflows panel: NOT_READY gate and list (0.766292ms)
✔ data wizard: six steps; source and discovery are NOT_READY without a server; no mock rows (1.576791ms)
✔ data wizard with the V2 core missing: every step past discovery says Chưa sẵn sàng (0.881417ms)
✔ inspector: six tabs; Design NOT_READY for a component without design props; viewer sees why permissions are off (1.177875ms)
✔ test panel: Edit != Test rules, would-run / unsupported / not-sent / publish not run, Chạy thử disabled with reason, never SUCCESS (1.59675ms)
✔ outcome view: 409 unknown outcome and 422 rejected have their own messages (0.329709ms)
✔ forms + theme panels: NOT_READY gates, no CSS/URL inputs for the theme (1.27275ms)
﹣ conformance: manifest is present and lists fixtures (0.428917ms) # XWEB_CONFORMANCE_DIR not set or manifest.json missing: conformance NOT run (see docs/parallel/c5/PHASE3_AUDIT.md)
✔ contract mirror is versioned and pinned to integration/v2 (0.53625ms)
✔ 14 canonical permission codes, incl. TENANT_MANAGE and TENANT_MEMBERS, nothing invented (0.306666ms)
✔ 9 canonical action types, REFRESH_QUERY present, RUN_QUERY and friends rejected (0.330625ms)
✔ param types include DATE and required defaults to true (0.173709ms)
✔ event wire names are the six canonical ones (0.912458ms)
✔ static NOT_READY features carry a reason, none is faked AVAILABLE (0.247916ms)
✔ transforms[]: legacy `transform` (object or array) normalises to transforms[]; both keys is an error (0.988917ms)
✔ UI can only create the simple (parameterless) transforms; stored complex ones are kept (0.177334ms)
✔ transforms reorder / remove (0.107166ms)
✔ ParamDef.required defaults to true: only an explicit false is written (0.164167ms)
✔ query: operation must be an approved key, never SQL or a URL; source must exist (0.267417ms)
✔ mapping -> viewModel -> binding chain builds canonical definitions with local ids (0.355834ms)
✔ mapping checks: duplicate targets, missing source (0.154333ms)
✔ binding compatibility explains missing item fields (0.0945ms)
✔ backend missing: data sources and discovery are NOT_READY, later steps follow definition ops; no mock rows (1.869458ms)
✔ component states: loading / empty / error / success / not-ready (0.934917ms)
✔ action referencing a mapped query passes ref check (REFRESH_QUERY) (0.704875ms)
✔ insert indicator: slot comes from the pointer position against section midpoints (0.557833ms)
✔ library -> canvas: ADD_SECTION at the slot; nothing goes after a trailing Footer (0.498583ms)
✔ adding to an inner page carries pageId; home does not (0.07475ms)
✔ reorder: dragging down accounts for the removed item (arrayMove) (0.139ms)
✔ Footer stays last; others cannot pass it (2.821083ms)
✔ keyboard fallback: step up/down; ends are no-ops (0.142875ms)
✔ click-to-add fallback: after the selection, else at the end before the Footer (0.146ms)
✔ slot over rendered rectangles maps back to a section index even when a section has no renderer (0.116583ms)
✔ canStep: a step button is enabled only when it would really move (trailing Footer never moves, ends cannot step off the list) (0.336625ms)
✔ 409 IDEMPOTENCY_OUTCOME_UNKNOWN: ambiguous, retry NOT safe, says check the data first (0.76125ms)
✔ 409 REVISION_CONFLICT is a plain conflict, not the idempotency one (0.097584ms)
✔ 422 MUTATION_REJECTED is rejected (not 'invalid schema') (0.178917ms)
✔ 422 SCHEMA_INVALID lists violations (0.174208ms)
✔ 404/501 -> unavailable (NOT_READY), 403 -> forbidden (0.087666ms)
✔ test mode: errors become outcomes; never SUCCESS (0.172834ms)
✔ test mode: SUCCESS only when the server says so (0.155416ms)
✔ test mode rules per action kind (0.130292ms)
✔ backend probe: 404 -> definition operations NOT_READY with reason; ok -> AVAILABLE; 500 -> ERROR; loading -> LOADING (0.406542ms)
✔ 409 IDEMPOTENCY_IN_PROGRESS is 'wait', not 'the app changed elsewhere'; IDEMPOTENCY_CONFLICT is a non-retryable client bug (0.382208ms)
✔ 422 MUTATION_UNSUPPORTED / READ_ONLY_VIOLATION / INVALID_MAPPING / MAPPING_FAILED / UNSUPPORTED_TYPE: nothing applied, not retryable, not 'schema invalid' (0.130458ms)
✔ 429 RATE_LIMITED is retryable with backoff (0.055166ms)
✔ a 500/502/504/network failure of a WRITE is 'outcome unknown' and not retry-safe; the same failure of a read stays a plain error (0.077583ms)
✔ 4xx permission/validation answers of a write are NOT treated as unknown outcome (0.043208ms)
✔ C4 action runtime codes map to the same user classes (ActionErrorCodes) (0.057542ms)
✔ a C4 TEST-mode WouldRun answer is shown as 'would run' at every level and is never a success (0.068917ms)
✔ inspector has the six tabs in order (0.863625ms)
✔ props are grouped: content / design / visibility (0.215084ms)
✔ Design tab is NOT_READY (with reason) for a component with no design props; Data/Action follow definition-ops readiness (0.25175ms)
✔ content edits compile to UPDATE_PROP / ADD_ITEM / REMOVE_ITEM, nothing for unchanged props (0.315125ms)
✔ bindable props: derived from the schema when no metadata; from metadata when present (0.170542ms)
✔ permission labels cover all 14 canonical codes (0.053917ms)
✔ legacy PROJECT_* permissions map to canonical; unknown codes are dropped (never invented) (0.079583ms)
✔ permission-driven UI: viewer cannot edit or publish; new codes are deny-by-default (0.143875ms)
✔ library: only registry components; non-renderable ones are disabled with a reason; data components list NOT_READY for missing ones (0.47925ms)
✔ new sections start with only required props filled (no fake content) (0.391459ms)
✔ page tree: home first, then pages in document order, with routes (1.003ms)
✔ slugify strips Vietnamese diacritics; reserved and duplicate slugs are refused (0.366958ms)
✔ add page: unique slug, ADD_PAGE op; empty name and the page cap are refused (0.249792ms)
✔ rename: home keeps '/', other page can change slug if valid (0.117667ms)
✔ delete: home cannot be deleted; impact names sections, menu links and NAVIGATE actions (0.2615ms)
✔ set-home and page reorder are NOT_READY (no op in the contract) with a reason; menu reorder is real (0.148375ms)
✔ 404: unknown route resolves to the not-found page, known routes to pages (0.372666ms)
✔ preflight blocks publish on broken routes (menu page removed, NAVIGATE to missing page, bad slug) (1.971167ms)
✔ preflight: static + public + data binding is BLOCK; dynamic is WARN (0.820208ms)
✔ portal paths come from PORTAL_PREFIX, not from literals (0.566916ms)
✔ portalHref without configured origins is path-only (same origin) (0.171208ms)
✔ portalOfPath identifies the owning portal by first segment only (0.121042ms)
✔ safeNext accepts only same-app portal paths (0.647959ms)
✔ resolvePostLogin (legacy single app) follows capabilities (0.377333ms)
✔ resolvePortalPostLogin stays inside the portal and never trusts hiding as authorisation (0.098917ms)
✔ accessiblePortals reflects the TEMPORARY systemAdmin mapping (D-C5-05) (0.47025ms)
✔ backend without tenancy fields: unchanged behaviour (systemAdmin / any workspace) (0.09875ms)
✔ platformScope wins over systemAdmin when the server sends it (0.27275ms)
✔ a TENANT_ADMIN does not get the Admin portal yet (every /admin/** API is AdminGuard) but does get tenant.members (0.336375ms)
✔ a platform-only SYSTEM_ADMIN (tenant-level codes in every workspace row) is not offered Studio and lands on the console (0.125084ms)
✔ a SYSTEM_ADMIN with businessAccess keeps Studio (workspace rows carry app codes) (0.054375ms)
✔ a VIEWER-style member (APP_VIEW only) can open Studio but not the console (0.046333ms)
✔ v1 step kinds are exactly ACTION/WAIT/APPROVAL/BRANCH/END (0.774625ms)
✔ new workflow is MANUAL with only an END step (0.192833ms)
✔ add steps: new ones go before the trailing END; ids are unique (0.199792ms)
✔ remove step re-points references at its successor (0.207042ms)
✔ move step swaps neighbours and clears a stale explicit next (0.132083ms)
✔ conditions read in Vietnamese incl. nested all/any/not/exists (0.142625ms)
✔ chips show retry, timeout, wait, approval, condition, compensation, error route (0.296667ms)
✔ validation: schedule needs a cron, approvals need approvers, branches need conditions, WAIT needs a duration, unreachable steps flagged (2.019833ms)
✔ a workflow step pointing at a missing action is a reference issue (0.360584ms)
✔ ordered steps follow the flow; branch targets reachable (0.363ms)
✔ workflow ops are canonical definition operations (0.12325ms)
ℹ tests 115
ℹ suites 0
ℹ pass 114
ℹ fail 0
ℹ cancelled 0
ℹ skipped 1
ℹ todo 0
ℹ duration_ms 132.737125
