# start: 2026-10-06T15:21:43Z
# cwd:   /Users/hoangluan/code/xweb-c6
# cmd:   npm run test:unit


> system-web-studio@0.2.0 test:unit
> node scripts/test-unit.mjs

✔ exactly the nine canonical types have labels; REFRESH_QUERY present, RUN_QUERY absent (0.577125ms)
✔ RUN_QUERY (alias) is refused with a pointer to REFRESH_QUERY (0.246291ms)
✔ REFRESH_QUERY needs an existing READ query (1.945292ms)
✔ trigger is OPTIONAL: UI-bound has one, child (workflow step) does not and is valid; unattached is classified (3.150917ms)
✔ no arbitrary code: forbidden keys (sql/script/url/headers/token/...) are reported anywhere in a declaration (0.3125ms)
✔ which permission the server checks per action kind (informational) (0.076208ms)
✔ events/actions offered come from component-metadata only (0.308917ms)
✔ describeAction reads naturally and survives a deleted target (0.207208ms)
✔ ops use canonical typed definition operations (0.352ms)
✔ icon button requires and renders an accessible name (5.134667ms)
✔ StateBox: NOT_READY shows 'Chưa sẵn sàng' + reason; LOADING/ERROR have status/alert roles; AVAILABLE renders nothing (2.61325ms)
✔ Tabs expose tablist/tab/aria-selected with roving tabindex (0.745458ms)
✔ Dialog is a labelled modal dialog (0.45025ms)
✔ left rail has the eight tools; vertical tablist (0.754125ms)
✔ top bar: name, save state, Edit/Test, device, Share, Publish; disabled controls explain why (1.294459ms)
✔ pages panel: ARIA tree, routes, broken-route alert, set-home and reorder NOT_READY (9.657875ms)
✔ pages panel for a viewer: no create/rename/delete controls (2.516792ms)
✔ components panel: drag handle + add button per component, data components NOT_READY when missing, only registry entries (3.2235ms)
✔ action editor offers the nine canonical types (REFRESH_QUERY yes, RUN_QUERY no) and has no code/SQL/URL inputs (2.445083ms)
✔ action editor: trigger is optional (checkbox), a child action has none (3.002958ms)
✔ actions panel: NOT_READY when the V2 core is missing; list with roles when available (1.124875ms)
✔ workflow editor shows retry, timeout, compensation and approval as readable chips; kinds limited to V1 (2.698417ms)
✔ workflows panel: NOT_READY gate and list (0.99825ms)
✔ data wizard: six steps; source and discovery are NOT_READY without a server; no mock rows (1.627125ms)
✔ data wizard with the V2 core missing: every step past discovery says Chưa sẵn sàng (0.832834ms)
✔ inspector: six tabs; Design NOT_READY for a component without design props; viewer sees why permissions are off (1.181167ms)
✔ test panel: Edit != Test rules, would-run / unsupported / not-sent / publish not run, Chạy thử disabled with reason, never SUCCESS (1.517042ms)
✔ outcome view: 409 unknown outcome and 422 rejected have their own messages (0.277792ms)
✔ forms + theme panels: NOT_READY gates, no CSS/URL inputs for the theme (1.190375ms)
﹣ conformance: manifest is present and lists fixtures (0.455125ms) # XWEB_CONFORMANCE_DIR not set or manifest.json missing: conformance NOT run (see docs/parallel/c5/PHASE3_AUDIT.md)
✔ contract mirror is versioned and pinned to integration/v2 (0.566292ms)
✔ 14 canonical permission codes, incl. TENANT_MANAGE and TENANT_MEMBERS, nothing invented (0.149792ms)
✔ 9 canonical action types, REFRESH_QUERY present, RUN_QUERY and friends rejected (0.14025ms)
✔ param types include DATE and required defaults to true (0.070958ms)
✔ event wire names are the six canonical ones (0.420792ms)
✔ static NOT_READY features carry a reason, none is faked AVAILABLE (0.093666ms)
✔ transforms[]: legacy `transform` (object or array) normalises to transforms[]; both keys is an error (0.957541ms)
✔ UI can only create the simple (parameterless) transforms; stored complex ones are kept (0.175708ms)
✔ transforms reorder / remove (0.107042ms)
✔ ParamDef.required defaults to true: only an explicit false is written (0.166041ms)
✔ query: operation must be an approved key, never SQL or a URL; source must exist (0.283916ms)
✔ mapping -> viewModel -> binding chain builds canonical definitions with local ids (0.372375ms)
✔ mapping checks: duplicate targets, missing source (0.154083ms)
✔ binding compatibility explains missing item fields (0.096084ms)
✔ backend missing: data sources and discovery are NOT_READY, later steps follow definition ops; no mock rows (2.023167ms)
✔ component states: loading / empty / error / success / not-ready (0.571833ms)
✔ action referencing a mapped query passes ref check (REFRESH_QUERY) (0.739958ms)
✔ insert indicator: slot comes from the pointer position against section midpoints (0.566167ms)
✔ library -> canvas: ADD_SECTION at the slot; nothing goes after a trailing Footer (0.502208ms)
✔ adding to an inner page carries pageId; home does not (0.077541ms)
✔ reorder: dragging down accounts for the removed item (arrayMove) (0.13775ms)
✔ Footer stays last; others cannot pass it (1.655375ms)
✔ keyboard fallback: step up/down; ends are no-ops (0.138792ms)
✔ click-to-add fallback: after the selection, else at the end before the Footer (0.151ms)
✔ slot over rendered rectangles maps back to a section index even when a section has no renderer (0.124584ms)
✔ canStep: a step button is enabled only when it would really move (trailing Footer never moves, ends cannot step off the list) (0.49575ms)
✔ 409 IDEMPOTENCY_OUTCOME_UNKNOWN: ambiguous, retry NOT safe, says check the data first (0.788375ms)
✔ 409 REVISION_CONFLICT is a plain conflict, not the idempotency one (0.071959ms)
✔ 422 MUTATION_REJECTED is rejected (not 'invalid schema') (0.125ms)
✔ 422 SCHEMA_INVALID lists violations (0.09375ms)
✔ 404/501 -> unavailable (NOT_READY), 403 -> forbidden (0.069125ms)
✔ test mode: errors become outcomes; never SUCCESS (0.157208ms)
✔ test mode: SUCCESS only when the server says so (0.093917ms)
✔ test mode rules per action kind (0.097458ms)
✔ backend probe: 404 -> definition operations NOT_READY with reason; ok -> AVAILABLE; 500 -> ERROR; loading -> LOADING (0.35475ms)
✔ 409 IDEMPOTENCY_IN_PROGRESS is 'wait', not 'the app changed elsewhere'; IDEMPOTENCY_CONFLICT is a non-retryable client bug (0.360375ms)
✔ 422 MUTATION_UNSUPPORTED / READ_ONLY_VIOLATION / INVALID_MAPPING / MAPPING_FAILED / UNSUPPORTED_TYPE: nothing applied, not retryable, not 'schema invalid' (0.124042ms)
✔ 429 RATE_LIMITED is retryable with backoff (0.052459ms)
✔ a 500/502/504/network failure of a WRITE is 'outcome unknown' and not retry-safe; the same failure of a read stays a plain error (0.074042ms)
✔ 4xx permission/validation answers of a write are NOT treated as unknown outcome (0.039667ms)
✔ C4 action runtime codes map to the same user classes (ActionErrorCodes) (0.056584ms)
✔ a C4 TEST-mode WouldRun answer is shown as 'would run' at every level and is never a success (0.064041ms)
✔ inspector has the six tabs in order (0.840625ms)
✔ props are grouped: content / design / visibility (0.20375ms)
✔ Design tab is NOT_READY (with reason) for a component with no design props; Data/Action follow definition-ops readiness (0.245042ms)
✔ content edits compile to UPDATE_PROP / ADD_ITEM / REMOVE_ITEM, nothing for unchanged props (0.30075ms)
✔ bindable props: derived from the schema when no metadata; from metadata when present (0.166709ms)
✔ permission labels cover all 14 canonical codes (0.0565ms)
✔ legacy PROJECT_* permissions map to canonical; unknown codes are dropped (never invented) (0.076834ms)
✔ permission-driven UI: viewer cannot edit or publish; new codes are deny-by-default (0.264709ms)
✔ library: only registry components; non-renderable ones are disabled with a reason; data components list NOT_READY for missing ones (0.62125ms)
✔ new sections start with only required props filled (no fake content) (1.357333ms)
✔ page tree: home first, then pages in document order, with routes (1.365417ms)
✔ slugify strips Vietnamese diacritics; reserved and duplicate slugs are refused (1.247625ms)
✔ add page: unique slug, ADD_PAGE op; empty name and the page cap are refused (1.135ms)
✔ rename: home keeps '/', other page can change slug if valid (0.561042ms)
✔ delete: home cannot be deleted; impact names sections, menu links and NAVIGATE actions (0.311959ms)
✔ set-home and page reorder are NOT_READY (no op in the contract) with a reason; menu reorder is real (0.162209ms)
✔ 404: unknown route resolves to the not-found page, known routes to pages (0.31075ms)
✔ preflight blocks publish on broken routes (menu page removed, NAVIGATE to missing page, bad slug) (1.630333ms)
✔ preflight: static + public + data binding is BLOCK; dynamic is WARN (5.674375ms)
✔ portal paths come from PORTAL_PREFIX, not from literals (0.63725ms)
✔ portalHref without configured origins is path-only (same origin) (0.177208ms)
✔ portalOfPath identifies the owning portal by first segment only (0.124542ms)
✔ safeNext accepts only same-app portal paths (0.497333ms)
✔ resolvePostLogin (legacy single app) follows capabilities (0.2585ms)
✔ resolvePortalPostLogin stays inside the portal and never trusts hiding as authorisation (0.089ms)
✔ accessiblePortals reflects the TEMPORARY systemAdmin mapping (D-C5-05) (0.470792ms)
✔ backend without tenancy fields: unchanged behaviour (systemAdmin / any workspace) (0.095625ms)
✔ platformScope wins over systemAdmin when the server sends it (0.283208ms)
✔ a TENANT_ADMIN does not get the Admin portal yet (every /admin/** API is AdminGuard) but does get tenant.members (0.34525ms)
✔ a platform-only SYSTEM_ADMIN (tenant-level codes in every workspace row) is not offered Studio and lands on the console (0.133208ms)
✔ a SYSTEM_ADMIN with businessAccess keeps Studio (workspace rows carry app codes) (0.055208ms)
✔ a VIEWER-style member (APP_VIEW only) can open Studio but not the console (0.047334ms)
✔ v1 step kinds are exactly ACTION/WAIT/APPROVAL/BRANCH/END (0.829125ms)
✔ new workflow is MANUAL with only an END step (0.217292ms)
✔ add steps: new ones go before the trailing END; ids are unique (0.208625ms)
✔ remove step re-points references at its successor (0.219333ms)
✔ move step swaps neighbours and clears a stale explicit next (0.143125ms)
✔ conditions read in Vietnamese incl. nested all/any/not/exists (0.154792ms)
✔ chips show retry, timeout, wait, approval, condition, compensation, error route (0.338625ms)
✔ validation: schedule needs a cron, approvals need approvers, branches need conditions, WAIT needs a duration, unreachable steps flagged (2.1595ms)
✔ a workflow step pointing at a missing action is a reference issue (0.404584ms)
✔ ordered steps follow the flow; branch targets reachable (0.395541ms)
✔ workflow ops are canonical definition operations (0.129792ms)
ℹ tests 115
ℹ suites 0
ℹ pass 114
ℹ fail 0
ℹ cancelled 0
ℹ skipped 1
ℹ todo 0
ℹ duration_ms 159.998666
