PASS J05-DS01 [DATA_SOURCE] connector catalogue offers postgres (available) -> 200 ["csv","google_sheets","graphql","mysql","odoo","postgres","rest","salesforce"]
PASS J05-DS02 [DATA_SOURCE] Workspace Admin creates a (read-only) Data Source -> the TLS target; response has no credential material -> 201 ACTIVE hasCredential=false
PASS J05-DS02b [DATA_SOURCE] separate GET confirms the source exists with the stored config (host/port/database) -> 200 ACTIVE cfg={"host":"127.0.0.1","port":"15440","schemas":"shop","database":"shop"}
PASS J05-DS03 [DATA_SOURCE] WRITE-ONLY credential: PUT answers metadata only (configured + key names), never the password -> 200 {"c":true,"keys":["username","password"]}
PASS J05-DS04 [DATA_SOURCE] GET credential / detail / list / schema never return the password, a credentialRef or ciphertext; username value is not echoed as a secret field -> 200,200,200,404 keysOnly=["configured","type","keys","updatedAt","updatedBy"]
PASS J05-DS05 [DATA_SOURCE] Test Connection over TLS verify-full with the SELECT-only role (address policy + TLS trust of the c0rc backend) -> 200 ok=true code= warnings=[] 
PASS J05-DS06 [DATA_SOURCE] schema discovery reads the REAL tables (customers, orders) - compared with information_schema -> 200 entities=2 dbTables=customers,orders
PASS J05-DS06b [DATA_SOURCE] stored snapshot lists orders columns that exist in the DB (order_no,status,amount) [DB-CONFIRM] -> 200
PASS J05-DS07 [DATA_SOURCE] Test Connection with a wrong password -> ok:false AUTH_REJECTED, no password / stack in the answer -> 200 AUTH_REJECTED ok=false code=AUTH_REJECTED
PASS J05-SSRF-cloud metadata [DATA_SOURCE] address policy refuses cloud metadata 169.254.169.254 -> 400 INVALID_CONFIG
PASS J05-SSRF-c0rc platform  [DATA_SOURCE] address policy refuses c0rc platform database (127.0.0.1) -> 400 INVALID_CONFIG
PASS J05-SSRF-platform DB by [DATA_SOURCE] address policy refuses platform DB by name localhost -> 400 INVALID_CONFIG
PASS J05-SSRF-loopback not a [DATA_SOURCE] address policy refuses loopback not allow-listed port -> 400 INVALID_CONFIG
PASS J05-SSRF-RFC1918 10.x [DATA_SOURCE] address policy refuses RFC1918 10.x -> 400 INVALID_CONFIG
PASS J05-SSRF-RFC1918 192.16 [DATA_SOURCE] address policy refuses RFC1918 192.168.x -> 400 INVALID_CONFIG
PASS J05-SSRF-RFC1918 172.16 [DATA_SOURCE] address policy refuses RFC1918 172.16.x -> 400 INVALID_CONFIG
PASS J05-SSRF-IPv6 loopback [DATA_SOURCE] address policy refuses IPv6 loopback -> 400 INVALID_CONFIG
PASS J05-SSRF-unspecified 0. [DATA_SOURCE] address policy refuses unspecified 0.0.0.0 -> 400 INVALID_CONFIG
PASS J05-SSRF-decimal-encode [DATA_SOURCE] address policy refuses decimal-encoded 127.0.0.1 -> 400 INVALID_CONFIG
PASS J05-SSRF-hex-encoded 12 [DATA_SOURCE] address policy refuses hex-encoded 127.0.0.1 -> 400 INVALID_CONFIG
PASS J05-SSRF-carrier-grade  [DATA_SOURCE] address policy refuses carrier-grade NAT 100.64.0.1 -> 400 INVALID_CONFIG
PASS J05-SSRF-GCE metadata h [DATA_SOURCE] address policy refuses GCE metadata host name -> 400 INVALID_CONFIG
PASS J05-SSRF-URL as host [DATA_SOURCE] address policy refuses URL as host -> 400 INVALID_CONFIG
PASS J05-SSRF-host with cred [DATA_SOURCE] address policy refuses host with credentials/at-sign -> 400 INVALID_CONFIG
PASS J05-SSRF-IPv4-mapped IP [DATA_SOURCE] address policy refuses IPv4-mapped IPv6 metadata -> 400 INVALID_CONFIG
PASS J05-DS08a [DATA_SOURCE] EDITOR cannot create a data source (DATA_SOURCE_MANAGE) -> 403 PERMISSION_DENIED
PASS J05-DS08b [DATA_SOURCE] VIEWER cannot test a connection -> 403 PERMISSION_DENIED
PASS J05-DS08c [DATA_SOURCE] EDITOR cannot replace a credential -> 403 PERMISSION_DENIED
PASS J05-DS09a [DATA_SOURCE] wrong TENANT: list in A's workspace / read / test / replace credential of A's source via its own workspace -> 404 -> 404/404/404/404
PASS J05-DS09b [DATA_SOURCE] wrong WORKSPACE (same tenant): the source of workspace A through workspace A2 -> 404/403 (list of A2 is not A's) -> 404/404/list=404 {"code":"WORKSPACE_NOT_FOUND","message":
PASS J05-DS09c [DATA_SOURCE] anonymous -> 401 AUTHENTICATION_REQUIRED
PASS J05-DS10 [DATA_SOURCE] a secret key (password) inside the non-secret config is refused -> 400 INVALID_CONFIG
PASS J05-DS11 [DATA_SOURCE] authority key (tenantId) in the body is refused -> 400 INVALID_PARAMS
PASS J05-Q01 [QUERY] Workspace Admin creates an approved READ query definition (named parameter, maxRows) -> 201 ACTIVE
PASS J05-Q01b [QUERY] second definition, parameterless, maxRows=3 (limit test) -> 201 ACTIVE
PASS J05-Q02-bad.ddl [QUERY] definition guard refuses bad.ddl (DROP TABLE shop.orders) -> 400 INVALID_QUERY
PASS J05-Q02-bad.multi [QUERY] definition guard refuses bad.multi (SELECT 1; DELETE FROM shop.ord) -> 400 INVALID_QUERY
PASS J05-Q02-bad.write [QUERY] definition guard refuses bad.write (UPDATE shop.orders SET status=) -> 400 INVALID_QUERY
PASS J05-Q02-bad.func [QUERY] definition guard refuses bad.func (SELECT pg_read_file('/etc/pass) -> 400 INVALID_QUERY
PASS J05-Q02-bad.copy [QUERY] definition guard refuses bad.copy (COPY shop.orders TO PROGRAM 'i) -> 400 INVALID_QUERY
PASS J05-Q02-bad.into [QUERY] definition guard refuses bad.into (SELECT * INTO shop.evil FROM s) -> 400 INVALID_QUERY
PASS J05-Q02-bad.cte [QUERY] definition guard refuses bad.cte (WITH x AS (DELETE FROM shop.or) -> 400 INVALID_QUERY
PASS J05-Q03 [QUERY] EDITOR cannot read the full SQL definition (DATA_SOURCE_MANAGE) -> 403 PERMISSION_DENIED
PASS J05-Q03b [QUERY] EDITOR cannot create a query definition -> 403 PERMISSION_DENIED
PASS J05-A00 [QUERY] Editor creates the app that will use the data -> 201 ACTIVE
PASS J05-A00b [QUERY] project members: editor already OWNER-created; viewer added -> 409/201
PASS J05-Q04 [QUERY] Editor declares slot + query + mapping + view model and BINDS it to the component (dataBindings grid-d.items) - verified by a separate GET -> 200  bind=["grid-d.items"]
PASS J05-Q05a [QUERY] EDITOR (project member) may not bind a tenant data source to the slot (that is DATA_SOURCE_MANAGE territory) -> 403 PERMISSION_DENIED
PASS J05-Q05 [QUERY] slot erp-db is bound TEST+LIVE to the source (verified by GET list) -> true,true ["LIVE:erp-db","TEST:erp-db"]
PASS J05-Q06 [QUERY] EDITOR runs the query (TEST = preview of the draft): rows == the REAL open orders in the target DB, mapped order_no->name, customer->description [DB-CONFIRM psql SELECT] -> 200 api=10 db=10 cache=BYPASS
PASS J05-Q06b [QUERY] parameter value changes the result (closed) and matches the DB -> 200 api=1 db=1
PASS J05-Q07 [QUERY] SQL injection payloads in the :status parameter are BOUND: 0 rows each (or a 4xx for the NUL byte), table intact, row count unchanged [DB-CONFIRM] -> 200:0 200:0 200:0 200:0 200:0 400:0 table=t count 11->11
PASS J05-Q08a [QUERY] definition maxRows=3 is enforced: >3 rows in the DB, API returns exactly 3 and flags truncated -> 200 rows=3 truncated=true dbRows=11
PASS J05-Q08b [QUERY] page.limit above the cap (10001) -> 400 INVALID_REQUEST
PASS J05-Q08c [QUERY] page.limit=1 returns 1 row -> 200 1
PASS J05-Q08d [QUERY] more than 40 parameters -> 400 INVALID_REQUEST
PASS J05-Q08e [QUERY] a 300 KB parameter value is refused or bounded, never 5xx -> 400 INVALID_PARAMS 144B
PASS J05-Q08f [QUERY] parameter of the wrong type (number for STRING) -> 400 INVALID_PARAMS
PASS J05-Q08g [QUERY] client-supplied sql / unknown field in the run request -> 400 INVALID_REQUEST
PASS J05-Q08h [QUERY] unknown query id -> 404 QUERY_NOT_FOUND
PASS J05-Q08i [QUERY] definition with an absurd maxRows (10,000,000) -> 400 INVALID_QUERY
PASS J05-Q09a [QUERY] project VIEWER (no APP_EDIT) TEST run -> 403 FORBIDDEN
PASS J05-Q09b [QUERY] project VIEWER LIVE run: holds APP_USE but NOT QUERY_EXECUTE -> 403 (or 404 while nothing is published) -> 403 FORBIDDEN
PASS J05-Q09c [QUERY] anonymous -> 403 CSRF_INVALID
PASS J05-Q09d [QUERY] ALLOWED: project EDITOR holds QUERY_EXECUTE: the request passes the permission gate (200, or - without a reachable target - a gateway/source error 502 TLS_FAILED, never 403/404) -> 200
PASS J05-Q09d2 [QUERY] fail-closed: when the source cannot be reached the answer carries NO rows and no secret, with a safe code -> 200 rows=10
PASS J05-Q09e [QUERY] wrong tenant runs the query via its own workspace id -> 404 PROJECT_NOT_FOUND
PASS J05-Q09f [QUERY] wrong tenant runs the query via the owner's workspace id -> 404 WORKSPACE_NOT_FOUND
PASS J05-Q09g [QUERY] wrong workspace (same tenant) via workspace A2 -> 404 WORKSPACE_NOT_FOUND
PASS J05-Q09h [QUERY] wrong tenant binds A's source -> 404 PROJECT_NOT_FOUND
PASS J05-Q10 [QUERY] source DISABLED -> query fails closed (no rows); re-enabled -> works again -> patch 200; disabled 409 DISABLED; enabled 200
PASS J05-M00 [MUTATION] writable data source (writable:true) is created by the Workspace Admin -> 201 ACTIVE
PASS J05-M01 [MUTATION] Test Connection of the writable source (role may INSERT/UPDATE only on shop.orders) -> 200 ok=true code= warnings=[]
PASS J05-M02 [MUTATION] mutation definition on a source NOT declared writable is refused -> 422 READ_ONLY_VIOLATION
PASS J05-M03 [MUTATION] approved mutation definitions CREATE (orders.create) and UPDATE (orders.setstatus, key=order_no) -> 201 / 201 ACTIVE
PASS J05-M03b [MUTATION] DELETE without a key (whole table) cannot be expressed -> 400 INVALID_CONFIG
PASS J05-M03c [MUTATION] target with injected SQL is refused -> 400 INVALID_CONFIG
PASS J05-M04 [ACTION] Editor wires CREATE_RECORD (form-d.onSubmit) and UPDATE_RECORD (grid-d.onClick) actions to the WRITE queries -> 200 
PASS J05-M05 [ACTION] TEST mode = WOULD_RUN and NO row in the target [DB-CONFIRM] -> 200 WOULD_RUN WOULD_RUN count=0
PASS J05-M06a [ACTION] publish PUBLIC a page whose component is bound to a NON-public query: refused by the build with an explicit reason (public-data guard) -> 202 QUEUED FAILED [BUILD_FAILED] The page cannot be published: binding 'grid-bind': query 'orders-list' is not public: m
PASS J05-M06c [ACTION] author marks the READ queries `public:true` (Public Runtime allow-list); a WRITE query cannot be public -> 200
PASS J05-M06d [ACTION] a WRITE query marked public is refused -> 422 SCHEMA_INVALID
PASS J05-M06 [ACTION] publish the data app PRIVATE (LIVE runtime = the ACTIVE release) -> 202 QUEUED RUNNING 
PASS J05-M06b [QUERY] LIVE (published) run returns the same real rows as the DB [DB-CONFIRM] -> 200 mode=LIVE api=10 db=10
PASS J05-Q09b2 [QUERY] after publish: project VIEWER LIVE run still denied (no QUERY_EXECUTE) -> 403 FORBIDDEN
PASS J05-Q09i [QUERY] after publish: project EDITOR LIVE run allowed (QUERY_EXECUTE) -> 200
PASS J05-M07 [MUTATION] LIVE mutating action without an idempotency key is refused, nothing written [DB-CONFIRM] -> 400 IDEMPOTENCY_KEY_REQUIRED IDEMPOTENCY_KEY_REQUIRED count=0
PASS J05-M08 [MUTATION] project EDITOR (ACTION_EXECUTE but no DATA_MUTATE) executes a LIVE write -> 403 and NOTHING written [DB-CONFIRM] -> 403 FORBIDDEN FORBIDDEN count=0
PASS J05-M08b [MUTATION] project VIEWER executes the write action -> 403 -> 403 FORBIDDEN
PASS J05-M08c [MUTATION] wrong tenant (own workspace id / owner's workspace id) -> 404, nothing written -> 404/404 count=0
PASS J05-M09 [MUTATION] Workspace Admin submits the form -> Action -> MUTATION: a REAL row appears in the target table with the submitted values [DB-CONFIRM psql SELECT] -> 200 OK status=OK db=C6F-67E90E|open|12.50
PASS J05-M10 [QUERY] refresh the query: the new order is visible (TEST uncached; LIVE may be served from the READ cache within its ttl - cache field recorded) -> TEST has=true; LIVE has=true cache=BYPASS
PASS J05-M10b [QUERY] LIVE read becomes consistent with the DB within the cache ttl (polling <= 80 s) - cache invalidation after a mutation -> has=true cache=BYPASS
PASS J05-M11 [MUTATION] same key replayed: same outcome, STILL exactly 1 row [DB-CONFIRM] -> 200 OK count=1
PASS J05-M12 [MUTATION] same key with DIFFERENT inputs -> 409, nothing changed (amount still 12.50) [DB-CONFIRM] -> 409 IDEMPOTENCY_KEY_REUSED IDEMPOTENCY_KEY_REUSED amount=12.50
PASS J05-M13 [MUTATION] 5 concurrent submits with one key (double click): exactly 1 row, no 5xx [DB-CONFIRM] -> 409,409,409,409,200 count=1
PASS J05-M14 [MUTATION] NEW key, same order_no (business duplicate): the DB UNIQUE constraint refuses -> MUTATION_REJECTED 422, retryable=false, still 1 row [DB-CONFIRM] -> 422 MUTATION_REJECTED MUTATION_REJECTED retryable=false count=1
PASS J05-M15 [MUTATION] foreign-key violation (customer 99999) -> MUTATION_REJECTED, no row [DB-CONFIRM] -> 422 MUTATION_REJECTED MUTATION_REJECTED count=0
PASS J05-M16 [MUTATION] SQL injection in a mutation INPUT is stored as a literal value (bound), the table survives [DB-CONFIRM] -> 200 OK literalRows=1 table=t
PASS J05-M17 [MUTATION] client-supplied sql / unknown field in inputs -> 400 INVALID_INPUT count=0
FAIL J05-M18 [MUTATION] UPDATE_RECORD action changes the row: status open->closed in the target [DB-CONFIRM] -> 422 INVALID_DEFINITION FAILED db=open
FAIL J05-M19 [QUERY] refresh: the order moved from the open result to the closed result -> closed=false open=true
PASS J05-M20 [MUTATION] UPDATE of a row that does not exist: honest result (affected=0 / not silently 'created') -> 422 INVALID_DEFINITION output=undefined count=0
PASS J05-M21 [MUTATION] (control) shop_rw role cannot DELETE / the product exposes no delete: row count of the target did not shrink [DB-CONFIRM] -> count orders=15 (was 11)
PASS J05-M22 [MUTATION] credential replaced by a wrong one -> write fails closed with a safe error, nothing written [DB-CONFIRM], no password in the answer -> 500 AUTH_REJECTED AUTH_REJECTED retryable=false count=0
PASS J05-X01 [DATA_SOURCE] workspace audit shows the data-source management events (create / credential rotate / test / query definition / binding) and no audit body contains a target password -> found=5/5 secret=false
PASS J05-X02 [DATA_SOURCE] no response of the entire run contained either target password -> none
journey05-data: total=107 pass=105 fail=2 blocked=0
