login platform/super: landed /platform; nav links 16
login admin/tenantAdmin: landed /admin; nav links 10
login admin/workspaceAdmin: landed /admin; nav links 7
login admin/super: landed /admin; nav links 12
login studio/workspaceAdmin: landed /studio; nav links 6
login studio/appCreator: landed /auth/no-access; nav links 0
plan: 96 route variants × 7 viewports = 672 renders
{
 "mode": "candidate",
 "tag": "cand2",
 "browser": "Google Chrome 154.0.8037.98",
 "integrationShaTested": "62ce9697cd56e8dc86b3260923f5addbcf555743",
 "frontendUnderTest": "40ee45bc16fe4dda525c90e0d491d11284a23d8b",
 "c5Sha": "40ee45bc16fe4dda525c90e0d491d11284a23d8b",
 "viewports": [
  1440,
  1280,
  1024,
  768,
  430,
  390,
  360
 ],
 "totalRoutes": 96,
 "routeVariants": 156,
 "totalCases": 874,
 "PASS": 535,
 "FAIL": 283,
 "BLOCKED": 56,
 "knownNotReady": 13,
 "UNICODE": "FAIL (28 cases)",
 "ICONS": "FAIL",
 "RESPONSIVE": "FAIL (12 cases)",
 "ACCESSIBILITY": "FAIL (13 cases)",
 "CREATE_COMPANY": "FAIL (5/10)",
 "ORGANIZATION": "FAIL (11/22)",
 "EMPLOYEES": "FAIL (5/10)",
 "STUDIO": "FAIL (79/309)",
 "DATA_ACTION_WORKFLOW": "PASS (35/35)",
 "PUBLISH_ROLLBACK": "PASS (7/7)",
 "PLATFORM": "FAIL (74/157)",
 "ADMIN": "FAIL (97/219)",
 "AUTH": "FAIL (12/105)",
 "axe": {
  "critical": 0,
  "serious": 0,
  "moderate": 32,
  "minor": 47,
  "wcagCritical": 0,
  "wcagSerious": 0
 },
 "newBugs": 327,
 "bugGroups": 73
}
