login platform/super: landed /platform; nav links 16
login admin/tenantAdmin: landed /admin; nav links 10
login admin/workspaceAdmin: landed /admin; nav links 7
login admin/super: landed /admin; nav links 12
login studio/workspaceAdmin: landed /studio; nav links 6
login studio/appCreator: landed /auth/no-access; nav links 0
plan: 96 route variants × 7 viewports = 672 renders
{
 "mode": "candidate",
 "tag": "cand",
 "browser": "Google Chrome 154.0.8037.98",
 "integrationShaTested": "62ce9697cd56e8dc86b3260923f5addbcf555743",
 "frontendUnderTest": "5cc230e491a6d8b0135cbd7eb132793368a45073",
 "c5Sha": "5cc230e491a6d8b0135cbd7eb132793368a45073",
 "viewports": [
  1440,
  1280,
  1024,
  768,
  430,
  390,
  360
 ],
 "totalRoutes": 96,
 "routeVariants": 156,
 "totalCases": 866,
 "PASS": 445,
 "FAIL": 365,
 "BLOCKED": 56,
 "knownNotReady": 13,
 "UNICODE": "PASS (866 cases)",
 "ICONS": "FAIL",
 "RESPONSIVE": "FAIL (76 cases)",
 "ACCESSIBILITY": "FAIL (27 cases)",
 "CREATE_COMPANY": "FAIL (5/10)",
 "ORGANIZATION": "FAIL (13/22)",
 "EMPLOYEES": "FAIL (7/10)",
 "STUDIO": "FAIL (131/301)",
 "DATA_ACTION_WORKFLOW": "FAIL (20/35)",
 "PUBLISH_ROLLBACK": "FAIL (4/7)",
 "PLATFORM": "FAIL (77/157)",
 "ADMIN": "FAIL (96/219)",
 "AUTH": "FAIL (12/105)",
 "axe": {
  "critical": 0,
  "serious": 35,
  "moderate": 32,
  "minor": 47,
  "wcagCritical": 0,
  "wcagSerious": 35
 },
 "newBugs": 437,
 "bugGroups": 94
}
