PASS      V2-platform platform: functional icons are Lucide SVG, no text glyph used as an icon | expected every nav link has an svg; 0 glyph icons | actual links=16 withSvg=16 lucide=24 svg=24 glyphIcons=[]
PASS      V1-platform platform: avatar initials are 1–2 letters (no brackets, digits, emoji, '?') | expected all letters only | actual ["LO"]
PASS      V2-admin admin: functional icons are Lucide SVG, no text glyph used as an icon | expected every nav link has an svg; 0 glyph icons | actual links=10 withSvg=10 lucide=12 svg=12 glyphIcons=[]
PASS      V1-admin admin: avatar initials are 1–2 letters (no brackets, digits, emoji, '?') | expected all letters only | actual ["NG"]
PASS      V2-studio studio: functional icons are Lucide SVG, no text glyph used as an icon | expected every nav link has an svg; 0 glyph icons | actual links=6 withSvg=6 lucide=8 svg=8 glyphIcons=[]
PASS      V1-studio studio: avatar initials are 1–2 letters (no brackets, digits, emoji, '?') | expected all letters only | actual ["TR"]
PASS      V1-dir directory avatars: letters only and derived from the displayed name (Vietnamese diacritics, long name, 'Nhân viên đã nghỉ việc') | expected 0 invalid, 0 unrelated | actual 17 avatars; invalid=[]; unrelated=[]; sample=[["NG",""],["BT","Bùi Xuân Trường"],["DA","Dương Quốc Anh"],["DN","Đinh Thị Hồng Nhung"],["DC","Đỗ Mạnh Cường"]]
PASS      V4-platform-1024 platform @1024: navigation | expected sidebar visible or a menu button | actual sidebar visible (16 links), no menu needed
FAIL      V4-platform-768 platform @768: drawer menu behaviour | expected all 8 behaviours | actual failed: focus moves into the drawer; Tab stays in the drawer/header (no jump into the hidden page)
FAIL      V4-platform-430 platform @430: drawer menu behaviour | expected all 8 behaviours | actual failed: focus moves into the drawer; Tab stays in the drawer/header (no jump into the hidden page)
FAIL      V4-platform-390 platform @390: drawer menu behaviour | expected all 8 behaviours | actual failed: focus moves into the drawer; Tab stays in the drawer/header (no jump into the hidden page)
PASS      V4-admin-1024 admin @1024: navigation | expected sidebar visible or a menu button | actual sidebar visible (10 links), no menu needed
FAIL      V4-admin-768 admin @768: drawer menu behaviour | expected all 8 behaviours | actual failed: focus moves into the drawer; Tab stays in the drawer/header (no jump into the hidden page)
FAIL      V4-admin-430 admin @430: drawer menu behaviour | expected all 8 behaviours | actual failed: focus moves into the drawer; Tab stays in the drawer/header (no jump into the hidden page)
FAIL      V4-admin-390 admin @390: drawer menu behaviour | expected all 8 behaviours | actual failed: focus moves into the drawer; Tab stays in the drawer/header (no jump into the hidden page)
PASS      V4-studio-1024 studio @1024: navigation | expected sidebar visible or a menu button | actual sidebar visible (6 links), no menu needed
FAIL      V4-studio-768 studio @768: drawer menu behaviour | expected all 8 behaviours | actual interaction failed: TimeoutError: locator.click: Timeout 30000ms exceeded. (a control became unclickable/invisible)
FAIL      V4-studio-430 studio @430: drawer menu behaviour | expected all 8 behaviours | actual interaction failed: TimeoutError: locator.click: Timeout 30000ms exceeded. (a control became unclickable/invisible)
FAIL      V4-studio-390 studio @390: drawer menu behaviour | expected all 8 behaviours | actual interaction failed: TimeoutError: locator.click: Timeout 30000ms exceeded. (a control became unclickable/invisible)
FAIL      V5-platform-audit-1024 /platform/audit @1024: wide tables contained | expected no page overflow; scroll container when wider | actual 1 table(s); scroll container is not keyboard-focusable
FAIL      V5-platform-audit-768 /platform/audit @768: wide tables contained | expected no page overflow; scroll container when wider | actual 1 table(s); scroll container is not keyboard-focusable
FAIL      V5-platform-audit-430 /platform/audit @430: wide tables contained | expected no page overflow; scroll container when wider | actual 1 table(s); scroll container is not keyboard-focusable
FAIL      V5-platform-audit-390 /platform/audit @390: wide tables contained | expected no page overflow; scroll container when wider | actual 1 table(s); scroll container is not keyboard-focusable
FAIL      V5-platform-users-1024 /platform/users @1024: wide tables contained | expected no page overflow; scroll container when wider | actual 1 table(s); scroll container is not keyboard-focusable
FAIL      V5-platform-users-768 /platform/users @768: wide tables contained | expected no page overflow; scroll container when wider | actual 1 table(s); scroll container is not keyboard-focusable
FAIL      V5-platform-users-430 /platform/users @430: wide tables contained | expected no page overflow; scroll container when wider | actual 1 table(s); scroll container is not keyboard-focusable
FAIL      V5-platform-users-390 /platform/users @390: wide tables contained | expected no page overflow; scroll container when wider | actual 1 table(s); scroll container is not keyboard-focusable
PASS      V5-platform-components-1024 /platform/components @1024: wide tables contained | expected no page overflow; scroll container when wider | actual 1 table(s); contained
PASS      V5-platform-components-768 /platform/components @768: wide tables contained | expected no page overflow; scroll container when wider | actual 1 table(s); contained
FAIL      V5-platform-components-430 /platform/components @430: wide tables contained | expected no page overflow; scroll container when wider | actual 1 table(s); scroll container is not keyboard-focusable
FAIL      V5-platform-components-390 /platform/components @390: wide tables contained | expected no page overflow; scroll container when wider | actual 1 table(s); scroll container is not keyboard-focusable
PASS      V5-platform-tenants-1024 /platform/tenants @1024: wide tables contained | expected no page overflow; scroll container when wider | actual 1 table(s); contained
PASS      V5-platform-tenants-768 /platform/tenants @768: wide tables contained | expected no page overflow; scroll container when wider | actual 1 table(s); contained
PASS      V5-platform-tenants-430 /platform/tenants @430: wide tables contained | expected no page overflow; scroll container when wider | actual 1 table(s); contained
PASS      V5-platform-tenants-390 /platform/tenants @390: wide tables contained | expected no page overflow; scroll container when wider | actual 1 table(s); contained
N/A       V5-admin-people-1024 /admin/people @1024: wide tables contained | expected no page overflow; scroll container when wider | actual no table on this route/viewport
N/A       V5-admin-people-768 /admin/people @768: wide tables contained | expected no page overflow; scroll container when wider | actual no table on this route/viewport
N/A       V5-admin-people-430 /admin/people @430: wide tables contained | expected no page overflow; scroll container when wider | actual no table on this route/viewport
N/A       V5-admin-people-390 /admin/people @390: wide tables contained | expected no page overflow; scroll container when wider | actual no table on this route/viewport
N/A       V5-studio-activity-1024 /studio/activity @1024: wide tables contained | expected no page overflow; scroll container when wider | actual no table on this route/viewport
N/A       V5-studio-activity-768 /studio/activity @768: wide tables contained | expected no page overflow; scroll container when wider | actual no table on this route/viewport
N/A       V5-studio-activity-430 /studio/activity @430: wide tables contained | expected no page overflow; scroll container when wider | actual no table on this route/viewport
N/A       V5-studio-activity-390 /studio/activity @390: wide tables contained | expected no page overflow; scroll container when wider | actual no table on this route/viewport
N/A       V5-studio-projects-1024 /studio/projects @1024: wide tables contained | expected no page overflow; scroll container when wider | actual no table on this route/viewport
N/A       V5-studio-projects-768 /studio/projects @768: wide tables contained | expected no page overflow; scroll container when wider | actual no table on this route/viewport
N/A       V5-studio-projects-430 /studio/projects @430: wide tables contained | expected no page overflow; scroll container when wider | actual no table on this route/viewport
N/A       V5-studio-projects-390 /studio/projects @390: wide tables contained | expected no page overflow; scroll container when wider | actual no table on this route/viewport
PASS      V6-builder-1440 builder @1440: toolbar and canvas usable | expected canvas ≥ 35% of height, ≥ 280px wide, no overflow, section selectable | actual top bar 58px/1 rows; canvas 740×842px (94% of 900); pick=selected
PASS      V6-builder-1024 builder @1024: toolbar and canvas usable | expected canvas ≥ 35% of height, ≥ 280px wide, no overflow, section selectable | actual top bar 101px/2 rows; canvas 724×562px (73% of 768); pick=selected
PASS      V6-builder-768 builder @768: toolbar and canvas usable | expected canvas ≥ 35% of height, ≥ 280px wide, no overflow, section selectable | actual top bar 101px/2 rows; canvas 468×818px (80% of 1024); pick=selected
UX_LIMITATION V6-builder-430 builder @430: toolbar and canvas usable | expected canvas ≥ 35% of height, ≥ 280px wide, no overflow, section selectable | actual top bar 189px/4 rows; canvas 430×166px (18% of 932); pick=selected — canvas gets only 18% of the viewport height (166px of 932px) under 189px of toolbars
UX_LIMITATION V6-builder-390 builder @390: toolbar and canvas usable | expected canvas ≥ 35% of height, ≥ 280px wide, no overflow, section selectable | actual top bar 189px/4 rows; canvas 390×166px (20% of 844); pick=selected — canvas gets only 20% of the viewport height (166px of 844px) under 189px of toolbars
PASS      V7-debounce typing 10 characters at 70 ms/char sends at most 2 requests (debounced) and keeps the typed text | expected ≤ 2 GETs, value intact | actual 0 GET(s) after typing: ; input="Nguyễn Thị"
PASS      V7-slow slow typing: the results follow the final text | expected rows containing the text | actual 1 row(s) match "Trần"
PASS      V8-organization /admin/organization: NOT_READY (H-C1-17 dynamic organization) stays an explicit notice, no invented data, no internal team names | expected explicit notice, 0 internal tokens | actual notReady=true; internalTokens=false; text="Cơ cấu tổ chức Dựng cơ cấu của công ty bằng các đơn vị và loại đơn vị do bạn tự định nghĩa. Công ty: Công ty TNHH Nước Sạch Việt Nam — Chi n" | KNOWN_NOT_READY H-C1-17 — UI behaves correctly if it says so
PASS      V8-groups /admin/groups: NOT_READY (groups) stays an explicit notice, no invented data, no internal team names | expected explicit notice, 0 internal tokens | actual notReady=true; internalTokens=false; text="Nhóm Nhóm người dùng để cấp quyền và chia sẻ ứng dụng hàng loạt. Chưa sẵn sàng Chưa triển khai Nhóm Máy chủ chưa có API nhóm (chỉ có nhóm đồ"
PASS      V8-sharing /admin/sharing: NOT_READY (sharing) stays an explicit notice, no invented data, no internal team names | expected explicit notice, 0 internal tokens | actual notReady=true; internalTokens=false; text="Chia sẻ Chia sẻ ứng dụng cho người dùng, nhóm, phòng ban, cả công ty hoặc công ty khác. Chưa sẵn sàng Chưa triển khai Chia sẻ Máy chủ chưa c"
PASS      V8-byok /admin/byok: NOT_READY (byok) stays an explicit notice, no invented data, no internal team names | expected explicit notice, 0 internal tokens | actual notReady=true; internalTokens=false; text="AI riêng của công ty Dùng AI mặc định của Xweb hoặc tự đưa khóa AI của công ty (BYOK). Chưa sẵn sàng Chưa triển khai AI riêng của công ty Tí"
PASS      V8-employees /admin/employees: NOT_READY (employee create) stays an explicit notice, no invented data, no internal team names | expected explicit notice, 0 internal tokens | actual notReady=true; internalTokens=false; text="Nhân viên Danh bạ nhân viên của công ty: tìm kiếm, lọc theo đơn vị, thêm nhân viên và xem chi tiết. Công ty của bạn Thêm nhân viên Đơn vị Ch"
PASS      V9-dialog-kbd Create Company dialog: keyboard (Enter, Space, Tab, Shift+Tab, Escape), focus trap, restore, scroll lock | expected 7/7 | actual all pass
FAIL      V10-crash-probe Data rail + inspector on a mapping stored WITHOUT transforms[] (server accepted it; RC 62ce969 crashed with 'This page couldn't load') | expected no crash | actual patch=200; crashed=true; inspector=n/a; pageerrors=["TypeError: Cannot read properties of undefined (reading 'length')"]

TOTAL 61  PASS 27  FAIL 20  UX_LIMITATION 2  BLOCKED 0  N/A 12
