PASS Z00 [fixture] seed: A and B each own a type, 2 units, position, grade, employee with membership+position; the org-labelled member of A is HEAD (primary) of a root unit, MANAGER of another, holds the CEO position with the top grade -> labels ok=true
PASS Z01 [401] unauth: unauthenticated (no session, valid CSRF cookie/token) on all 39 organization routes -> 39/39 401; others 
PASS Z01b [401] unauth: unauthenticated WRITE without any session or CSRF token is refused (401 or 403, never a success) -> 403,403,403,403,403,403
PASS Z02 [17-foreign] tenant path: tenant B's admin on tenant A's path (39 routes by A's real ids): 404 TENANT_NOT_FOUND, never 200/201/204 -> 39/39; bad: 
PASS Z03 [17-foreign] no existence leak: the answer for A's (existing, foreign) tenant id is byte-identical in status/code/message to a NON-EXISTENT tenant id on every route -> 39/39 identical
FAIL Z04 [17-foreign] ids of A under B's own path: B admin, B's own path, with A's real ids vs random ids (34 routes: types/units/positions/grades/employees/memberships/positions-held; all methods): 404 *_NOT_FOUND, identical status+code+message to the random-id twin (no existence leak), never 2xx -> 28/34 404; identical 34; non404: typesGET=200,unitsGET=200,unitsGET=200,positionsGET=200,gradesGET=200
PASS Z05 [17-foreign] cross references: a unit/type/position/grade/membership of A used as parent, type, rule target, membership or position target, or directory filter from B's tenant -> unit create with A's type=404 ORG_UNIT_TYPE_NOT_FOUND | unit create under A's unit as parent=404 ORG_UNIT_NOT_FOUND | B 
FAIL Z06 [17-foreign] reverse: symmetry: A's admin with B's real ids on A's own path (34 routes): 404 *_NOT_FOUND only -> 28/34
PASS Z07 [17-foreign] reverse tenant path: A's admin on B's tenant path (all routes, B's real ids): 404 TENANT_NOT_FOUND -> 39/39
PASS Z08 [17-foreign] platform admin: SYSTEM_ADMIN with platform scope (not a member of the tenant) is NOT given the company's organization data: organization / employee / position routes -> 403 -> 403,403,403,403,403,403,403,403
PASS Z09 [19-tenantId] forged body tenantId: a tenantId in the BODY (unit, type, position, grade, employee create) is never read: the record is created in the PATH tenant A (answer tenantId = A) or refused; nothing appears in tenant B -> unit create + body tenantId=B=201 tenantId=A | type create + body tenantId=B=201 tenantId=A | position create + tenantId
PASS Z10 [19-tenantId] forged query + extra props: ?tenantId=B on the unit list still answers A's data; unknown/forged body properties (id, version, active=false, archivedAt, foo) on unit create do not set the server-owned fields -> 200 sameTenantRows=true | extra 201 v0 active=true archivedAt=null
PASS Z10 [17/18-authz] workspace admin of A: workspace admin of A: all 39 organization routes (26 writes, 13 reads, all families) -> 39/39 403; others 
PASS Z11 [17/18-authz] plain MEMBER of A (ws viewer): plain MEMBER of A (ws viewer): all 39 organization routes (26 writes, 13 reads, all families) -> 39/39 403; others 
PASS Z12 [17/18-authz] org-labelled MEMBER of A (HEAD+primary of root, MANAGER, CEO, top grade): org-labelled MEMBER of A (HEAD+primary of root, MANAGER, CEO, top grade): all 39 organization routes (26 writes, 13 reads, all families) -> 39/39 403; others 
PASS Z13 [18-authz] identical denial: the org-labelled member is refused EXACTLY like a plain member / workspace admin (status, code, message) on every route: the labels change nothing -> true
FAIL Z14 [18-authz] tenant admin routes: org-labelled member on the tenant-admin routes (list/get/rename/status/members/candidates/provision user/create workspace/grant TENANT_ADMIN to self/remove member): all refused, identical to the plain member -> GET /api/v1/admin/tenants=403 ; GET /api/v1/admin/tenants/{id}=200 ; PATCH /api/v1/admin/tenants/{id}=403 ; PATCH /api/v
FAIL Z15 [18-authz] studio/app routes: org-labelled member vs plain VIEWER on studio routes (APP_EDIT / APP_PUBLISH / create project / members / audit / data sources): identical answers; every write 403; no read widened by the labels -> GET /api/v1/workspaces/{id}/projec=200 ; POST /api/v1/workspaces/{id}/proje=403 ; GET /api/v1/workspaces/{id}/projec=404
PASS Z16 [18-authz] /auth/me: /auth/me permission arrays (tenant + workspaces + projects) of the org-labelled member: NO ORG_* / EMPLOYEE_* / POSITION_GRADE_* code, set-equal to the plain member's; the workspace admin has none either; the Tenant Admin has exactly the six -> labelled=[] plain=[] wsadmin=[] equalSets=true TA six=true | tenantRole(labelled)=MEMBER
PASS Z17 [18-authz] ORG_MANAGE: the permission code ORG_MANAGE does not exist: no occurrence in backend/src/main; /auth/me and every 403/404 body of this run never mention it -> main/resources hits=0 (); test hits=0; bodies mention=false (442 bodies scanned)
PASS Z18 [18-authz] capability split (static): STATIC source check (not a runtime proof): every GET route requires a *_VIEW capability and every POST/PATCH/DELETE a *_MANAGE capability (families: ORG_STRUCTURE / EMPLOYEE / POSITION_GRADE) -> 38 routes parsed; mismatches=0; families=ORG_STRUCTURE_VIEW,ORG_STRUCTURE_MANAGE,POSITION_GRADE_VIEW,POSITION_GRADE_MANA
BLOCKED Z19 [18-authz] capability independence (runtime): ORG_STRUCTURE_VIEW vs _MANAGE, EMPLOYEE_VIEW vs _MANAGE, POSITION_GRADE_VIEW vs _MANAGE are independent -> no product route can create a principal holding a strict subset: every product role either holds all six (TENANT_ADMIN) 
PASS Z20 [19-csrf] CSRF: every one of the 26 organization WRITE routes with a valid TA session: no X-XSRF-TOKEN -> 403; forged token -> 403 -> missing 26/26; forged 26/26
PASS Z20b [19-csrf] CSRF: a GET needs no CSRF token (200 for the Tenant Admin) -> 200
PASS Z21 [17-foreign] no side effect: after ALL denied/foreign/forged/CSRF-less calls: tenant B's data is byte-identical to the snapshot before (types, units, positions, grades, employees, memberships, assignments, versions); tenant A's seeded units keep their versions/parents -> B identical=true; A seeded units unchanged=true
PASS Z22 [19-audit] audit: read-only-confirmation (SELECT count on audit_events by tenantId in payload): tenant B gained NO audit event during every denied attempt against it; tenant A gained only the events of the label-setup / forged-property creates that SUCCEEDED (records, not denials) -> B 11->11; A 1916->1927
PASS Z30 [17-suspended] reads: SUSPENDED company: the organization READ routes stay 200 (read-only) -> 13/13
PASS Z31 [17-suspended] writes: SUSPENDED company: all 26 org WRITE routes (types, units, move, archive, restore, positions, grades, employees create/enable/disable, memberships, held positions) -> 403 TENANT_SUSPENDED -> 26/26; others 
PASS Z32 [17-suspended] no status leak: a caller WITHOUT the capability learns nothing about the suspension (403 FORBIDDEN, not TENANT_SUSPENDED) -> 403 FORBIDDEN
PASS Z33 [17-suspended] /auth/me: observation: /auth/me of the Tenant Admin while the tenant is suspended lists no usable workspace permissions (documented: SUSPENDED -> NO permissions) -> org codes in me: [EMPLOYEE_MANAGE,EMPLOYEE_VIEW,ORG_STRUCTURE_MANAGE,ORG_STRUCTURE_VIEW,POSITION_GRADE_MANAGE,POSITION_G
PASS Z34 [17-suspended] resume: after the company is ACTIVE again the same write succeeds (201); tenant restored -> true 201
PASS Z40 [cleanup] disable: fixture employees (ws admin / member / org-labelled) disabled through the product route; the two tenant admins remain (a tenant admin cannot disable itself) -> 200,200,200
final-org-authz: total=32 pass=27 fail=4 blocked=1
